Archive member included to satisfy reference by file (symbol)

c:/program files (x86)/atollic/truestudio for arm 6.0.0/armtools/bin/../lib/gcc/arm-atollic-eabi/5.3.1/../../../../arm-atollic-eabi/lib/armv7-m\libstdc++_nano.a(pure.o)
                              mato_lib\Spi\SpiGeneric.o (__cxa_pure_virtual)
c:/program files (x86)/atollic/truestudio for arm 6.0.0/armtools/bin/../lib/gcc/arm-atollic-eabi/5.3.1/../../../../arm-atollic-eabi/lib/armv7-m\libstdc++_nano.a(eh_terminate.o)
                              c:/program files (x86)/atollic/truestudio for arm 6.0.0/armtools/bin/../lib/gcc/arm-atollic-eabi/5.3.1/../../../../arm-atollic-eabi/lib/armv7-m\libstdc++_nano.a(pure.o) (std::terminate())
c:/program files (x86)/atollic/truestudio for arm 6.0.0/armtools/bin/../lib/gcc/arm-atollic-eabi/5.3.1/../../../../arm-atollic-eabi/lib/armv7-m\libstdc++_nano.a(atexit_arm.o)
                              src\main.o (__aeabi_atexit)
c:/program files (x86)/atollic/truestudio for arm 6.0.0/armtools/bin/../lib/gcc/arm-atollic-eabi/5.3.1/../../../../arm-atollic-eabi/lib/armv7-m\libstdc++_nano.a(del_op.o)
                              RFM_22\Rfm22.o (operator delete(void*))
c:/program files (x86)/atollic/truestudio for arm 6.0.0/armtools/bin/../lib/gcc/arm-atollic-eabi/5.3.1/../../../../arm-atollic-eabi/lib/armv7-m\libstdc++_nano.a(eh_term_handler.o)
                              c:/program files (x86)/atollic/truestudio for arm 6.0.0/armtools/bin/../lib/gcc/arm-atollic-eabi/5.3.1/../../../../arm-atollic-eabi/lib/armv7-m\libstdc++_nano.a(eh_terminate.o) (__cxxabiv1::__terminate_handler)
c:/program files (x86)/atollic/truestudio for arm 6.0.0/armtools/bin/../lib/gcc/arm-atollic-eabi/5.3.1/../../../../arm-atollic-eabi/lib/armv7-m\libstdc++_nano.a(eh_unex_handler.o)
                              c:/program files (x86)/atollic/truestudio for arm 6.0.0/armtools/bin/../lib/gcc/arm-atollic-eabi/5.3.1/../../../../arm-atollic-eabi/lib/armv7-m\libstdc++_nano.a(eh_terminate.o) (__cxxabiv1::__unexpected_handler)
c:/program files (x86)/atollic/truestudio for arm 6.0.0/armtools/bin/../lib/gcc/arm-atollic-eabi/5.3.1/../../../../arm-atollic-eabi/lib/armv7-m\libm.a(lib_a-s_floor.o)
                              RFM_22\Rfm22.o (floor)
c:/program files (x86)/atollic/truestudio for arm 6.0.0/armtools/bin/../lib/gcc/arm-atollic-eabi/5.3.1/../../../../arm-atollic-eabi/lib/armv7-m\libc_nano.a(lib_a-abort.o)
                              c:/program files (x86)/atollic/truestudio for arm 6.0.0/armtools/bin/../lib/gcc/arm-atollic-eabi/5.3.1/../../../../arm-atollic-eabi/lib/armv7-m\libstdc++_nano.a(eh_terminate.o) (abort)
c:/program files (x86)/atollic/truestudio for arm 6.0.0/armtools/bin/../lib/gcc/arm-atollic-eabi/5.3.1/../../../../arm-atollic-eabi/lib/armv7-m\libc_nano.a(lib_a-cxa_atexit.o)
                              c:/program files (x86)/atollic/truestudio for arm 6.0.0/armtools/bin/../lib/gcc/arm-atollic-eabi/5.3.1/../../../../arm-atollic-eabi/lib/armv7-m\libstdc++_nano.a(atexit_arm.o) (__cxa_atexit)
c:/program files (x86)/atollic/truestudio for arm 6.0.0/armtools/bin/../lib/gcc/arm-atollic-eabi/5.3.1/../../../../arm-atollic-eabi/lib/armv7-m\libc_nano.a(lib_a-init.o)
                              src\startup_stm32l1xx_hd.o (__libc_init_array)
c:/program files (x86)/atollic/truestudio for arm 6.0.0/armtools/bin/../lib/gcc/arm-atollic-eabi/5.3.1/../../../../arm-atollic-eabi/lib/armv7-m\libc_nano.a(lib_a-malloc.o)
                              c:/program files (x86)/atollic/truestudio for arm 6.0.0/armtools/bin/../lib/gcc/arm-atollic-eabi/5.3.1/../../../../arm-atollic-eabi/lib/armv7-m\libstdc++_nano.a(del_op.o) (free)
c:/program files (x86)/atollic/truestudio for arm 6.0.0/armtools/bin/../lib/gcc/arm-atollic-eabi/5.3.1/../../../../arm-atollic-eabi/lib/armv7-m\libc_nano.a(lib_a-memcpy-stub.o)
                              RFM_22\Rfm22.o (memcpy)
c:/program files (x86)/atollic/truestudio for arm 6.0.0/armtools/bin/../lib/gcc/arm-atollic-eabi/5.3.1/../../../../arm-atollic-eabi/lib/armv7-m\libc_nano.a(lib_a-nano-freer.o)
                              c:/program files (x86)/atollic/truestudio for arm 6.0.0/armtools/bin/../lib/gcc/arm-atollic-eabi/5.3.1/../../../../arm-atollic-eabi/lib/armv7-m\libc_nano.a(lib_a-malloc.o) (_free_r)
c:/program files (x86)/atollic/truestudio for arm 6.0.0/armtools/bin/../lib/gcc/arm-atollic-eabi/5.3.1/../../../../arm-atollic-eabi/lib/armv7-m\libc_nano.a(lib_a-nano-mallocr.o)
                              c:/program files (x86)/atollic/truestudio for arm 6.0.0/armtools/bin/../lib/gcc/arm-atollic-eabi/5.3.1/../../../../arm-atollic-eabi/lib/armv7-m\libc_nano.a(lib_a-malloc.o) (_malloc_r)
c:/program files (x86)/atollic/truestudio for arm 6.0.0/armtools/bin/../lib/gcc/arm-atollic-eabi/5.3.1/../../../../arm-atollic-eabi/lib/armv7-m\libc_nano.a(lib_a-on_exit_args.o)
[...]
Memory Configuration

Name             Origin             Length             Attributes
FLASH            0x08000000         0x00080000         xr
RAM              0x20000000         0x00014000         xrw
MEMORY_B1        0x60000000         0x00000000         xr
*default*        0x00000000         0xffffffff

Linker script and memory map

LOAD c:/program files (x86)/atollic/truestudio for arm 6.0.0/armtools/bin/../lib/gcc/arm-atollic-eabi/5.3.1/armv7-m/crti.o
LOAD c:/program files (x86)/atollic/truestudio for arm 6.0.0/armtools/bin/../lib/gcc/arm-atollic-eabi/5.3.1/armv7-m/crtbegin.o
LOAD Libraries\STM32L1xx_StdPeriph_Driver\src\misc.o
LOAD Libraries\STM32L1xx_StdPeriph_Driver\src\stm32l1xx_adc.o
LOAD Libraries\STM32L1xx_StdPeriph_Driver\src\stm32l1xx_aes.o
LOAD Libraries\STM32L1xx_StdPeriph_Driver\src\stm32l1xx_aes_util.o
LOAD Libraries\STM32L1xx_StdPeriph_Driver\src\stm32l1xx_comp.o
LOAD Libraries\STM32L1xx_StdPeriph_Driver\src\stm32l1xx_crc.o
LOAD Libraries\STM32L1xx_StdPeriph_Driver\src\stm32l1xx_dac.o
LOAD Libraries\STM32L1xx_StdPeriph_Driver\src\stm32l1xx_dbgmcu.o
LOAD Libraries\STM32L1xx_StdPeriph_Driver\src\stm32l1xx_dma.o
LOAD Libraries\STM32L1xx_StdPeriph_Driver\src\stm32l1xx_exti.o
LOAD Libraries\STM32L1xx_StdPeriph_Driver\src\stm32l1xx_flash.o
LOAD Libraries\STM32L1xx_StdPeriph_Driver\src\stm32l1xx_flash_ramfunc.o
LOAD Libraries\STM32L1xx_StdPeriph_Driver\src\stm32l1xx_fsmc.o
LOAD Libraries\STM32L1xx_StdPeriph_Driver\src\stm32l1xx_gpio.o
LOAD Libraries\STM32L1xx_StdPeriph_Driver\src\stm32l1xx_i2c.o
LOAD Libraries\STM32L1xx_StdPeriph_Driver\src\stm32l1xx_iwdg.o
LOAD Libraries\STM32L1xx_StdPeriph_Driver\src\stm32l1xx_lcd.o
LOAD Libraries\STM32L1xx_StdPeriph_Driver\src\stm32l1xx_opamp.o
LOAD Libraries\STM32L1xx_StdPeriph_Driver\src\stm32l1xx_pwr.o
LOAD Libraries\STM32L1xx_StdPeriph_Driver\src\stm32l1xx_rcc.o
LOAD Libraries\STM32L1xx_StdPeriph_Driver\src\stm32l1xx_rtc.o
LOAD Libraries\STM32L1xx_StdPeriph_Driver\src\stm32l1xx_sdio.o
LOAD Libraries\STM32L1xx_StdPeriph_Driver\src\stm32l1xx_spi.o
LOAD Libraries\STM32L1xx_StdPeriph_Driver\src\stm32l1xx_syscfg.o
LOAD Libraries\STM32L1xx_StdPeriph_Driver\src\stm32l1xx_tim.o
LOAD Libraries\STM32L1xx_StdPeriph_Driver\src\stm32l1xx_usart.o
LOAD Libraries\STM32L1xx_StdPeriph_Driver\src\stm32l1xx_wwdg.o
LOAD RFM_22\Rfm22.o
LOAD mato_lib\Spi\Spi1.o
LOAD mato_lib\Spi\SpiGeneric.o
LOAD mato_lib\Temp\basicSetup.o
LOAD mato_lib\Usart\Usart2.o
LOAD mato_lib\Usart\UsartGeneric.o
LOAD src\main.o
LOAD src\pwm.o
LOAD src\startup_stm32l1xx_hd.o
LOAD src\stm32l1xx_it.o
LOAD src\system_stm32l1xx.o
LOAD src\tiny_printf.o
START GROUP
LOAD c:/program files (x86)/atollic/truestudio for arm 6.0.0/armtools/bin/../lib/gcc/arm-atollic-eabi/5.3.1/../../../../arm-atollic-eabi/lib/armv7-m\libstdc++_nano.a
LOAD c:/program files (x86)/atollic/truestudio for arm 6.0.0/armtools/bin/../lib/gcc/arm-atollic-eabi/5.3.1/../../../../arm-atollic-eabi/lib/armv7-m\libsupc++_nano.a
END GROUP
                0x00001000                malloc_getpagesize_P = 0x1000
LOAD c:/program files (x86)/atollic/truestudio for arm 6.0.0/armtools/bin/../lib/gcc/arm-atollic-eabi/5.3.1/../../../../arm-atollic-eabi/lib/armv7-m\libstdc++_nano.a
LOAD c:/program files (x86)/atollic/truestudio for arm 6.0.0/armtools/bin/../lib/gcc/arm-atollic-eabi/5.3.1/../../../../arm-atollic-eabi/lib/armv7-m\libm.a
LOAD c:/program files (x86)/atollic/truestudio for arm 6.0.0/armtools/bin/../lib/gcc/arm-atollic-eabi/5.3.1/../../../../arm-atollic-eabi/lib/armv7-m\libc_nano.a
START GROUP
LOAD c:/program files (x86)/atollic/truestudio for arm 6.0.0/armtools/bin/../lib/gcc/arm-atollic-eabi/5.3.1/armv7-m\libgcc.a
LOAD c:/program files (x86)/atollic/truestudio for arm 6.0.0/armtools/bin/../lib/gcc/arm-atollic-eabi/5.3.1/../../../../arm-atollic-eabi/lib/armv7-m\libc_nano.a
END GROUP
START GROUP
LOAD c:/program files (x86)/atollic/truestudio for arm 6.0.0/armtools/bin/../lib/gcc/arm-atollic-eabi/5.3.1/armv7-m\libgcc.a
LOAD c:/program files (x86)/atollic/truestudio for arm 6.0.0/armtools/bin/../lib/gcc/arm-atollic-eabi/5.3.1/../../../../arm-atollic-eabi/lib/armv7-m\libc_nano.a
LOAD c:/program files (x86)/atollic/truestudio for arm 6.0.0/armtools/bin/../lib/gcc/arm-atollic-eabi/5.3.1/../../../../arm-atollic-eabi/lib/armv7-m\libnosys.a
END GROUP
START GROUP
LOAD c:/program files (x86)/atollic/truestudio for arm 6.0.0/armtools/bin/../lib/gcc/arm-atollic-eabi/5.3.1/armv7-m\libgcc.a
LOAD c:/program files (x86)/atollic/truestudio for arm 6.0.0/armtools/bin/../lib/gcc/arm-atollic-eabi/5.3.1/../../../../arm-atollic-eabi/lib/armv7-m\libc_nano.a
LOAD c:/program files (x86)/atollic/truestudio for arm 6.0.0/armtools/bin/../lib/gcc/arm-atollic-eabi/5.3.1/../../../../arm-atollic-eabi/lib/armv7-m\libnosys.a
END GROUP
LOAD c:/program files (x86)/atollic/truestudio for arm 6.0.0/armtools/bin/../lib/gcc/arm-atollic-eabi/5.3.1/armv7-m/crtend.o
LOAD c:/program files (x86)/atollic/truestudio for arm 6.0.0/armtools/bin/../lib/gcc/arm-atollic-eabi/5.3.1/armv7-m/crtn.o
                0x20014000                _estack = 0x20014000
                0x00000000                _Min_Heap_Size = 0x0
                0x00000400                _Min_Stack_Size = 0x400

.isr_vector     0x08000000      0x13c
                0x08000000                . = ALIGN (0x4)
 *(.isr_vector)
 .isr_vector    0x08000000      0x13c src\startup_stm32l1xx_hd.o
                0x08000000                g_pfnVectors
                0x0800013c                . = ALIGN (0x4)

.text           0x08000140     0x35ac
                0x08000140                . = ALIGN (0x4)
 *(.text)
 .text          0x08000140       0x40 c:/program files (x86)/atollic/truestudio for arm 6.0.0/armtools/bin/../lib/gcc/arm-atollic-eabi/5.3.1/armv7-m/crtbegin.o
 .text          0x08000180      0x370 c:/program files (x86)/atollic/truestudio for arm 6.0.0/armtools/bin/../lib/gcc/arm-atollic-eabi/5.3.1/armv7-m\libgcc.a(_arm_addsubdf3.o)
                0x08000180                __aeabi_drsub
                0x08000188                __aeabi_dsub
                0x08000188                __subdf3
                0x0800018c                __aeabi_dadd
                0x0800018c                __adddf3
                0x08000404                __floatunsidf
                0x08000404                __aeabi_ui2d
                0x08000424                __floatsidf
                0x08000424                __aeabi_i2d
                0x08000448                __aeabi_f2d
                0x08000448                __extendsfdf2
                0x08000484                __floatundidf
                0x08000484                __aeabi_ul2d
                0x08000494                __floatdidf
                0x08000494                __aeabi_l2d
 .text          0x080004f0      0x424 c:/program files (x86)/atollic/truestudio for arm 6.0.0/armtools/bin/../lib/gcc/arm-atollic-eabi/5.3.1/armv7-m\libgcc.a(_arm_muldivdf3.o)
                0x080004f0                __aeabi_dmul
                0x080004f0                __muldf3
                0x08000744                __divdf3
                0x08000744                __aeabi_ddiv
 .text          0x08000914      0x110 c:/program files (x86)/atollic/truestudio for arm 6.0.0/armtools/bin/../lib/gcc/arm-atollic-eabi/5.3.1/armv7-m\libgcc.a(_arm_cmpdf2.o)
                0x08000914                __gtdf2
                0x08000914                __gedf2
                0x0800091c                __ltdf2
                0x0800091c                __ledf2
                0x08000924                __nedf2
                0x08000924                __eqdf2
                0x08000924                __cmpdf2
                0x080009a0                __aeabi_cdrcmple
                0x080009b0                __aeabi_cdcmpeq
                0x080009b0                __aeabi_cdcmple
                0x080009c0                __aeabi_dcmpeq
                0x080009d4                __aeabi_dcmplt
                0x080009e8                __aeabi_dcmple
                0x080009fc                __aeabi_dcmpge
                0x08000a10                __aeabi_dcmpgt
 .text          0x08000a24       0x40 c:/program files (x86)/atollic/truestudio for arm 6.0.0/armtools/bin/../lib/gcc/arm-atollic-eabi/5.3.1/armv7-m\libgcc.a(_arm_fixunsdfsi.o)
                0x08000a24                __aeabi_d2uiz
                0x08000a24                __fixunsdfsi
 .text          0x08000a64       0xa0 c:/program files (x86)/atollic/truestudio for arm 6.0.0/armtools/bin/../lib/gcc/arm-atollic-eabi/5.3.1/armv7-m\libgcc.a(_arm_truncdfsf2.o)
                0x08000a64                __truncdfsf2
                0x08000a64                __aeabi_d2f
 .text          0x08000b04      0x21c c:/program files (x86)/atollic/truestudio for arm 6.0.0/armtools/bin/../lib/gcc/arm-atollic-eabi/5.3.1/armv7-m\libgcc.a(_arm_addsubsf3.o)
                0x08000b04                __aeabi_frsub
                0x08000b0c                __subsf3
                0x08000b0c                __aeabi_fsub
                0x08000b10                __aeabi_fadd
                0x08000b10                __addsf3
                0x08000c70                __aeabi_ui2f
                0x08000c70                __floatunsisf
                0x08000c78                __aeabi_i2f
                0x08000c78                __floatsisf
                0x08000c94                __aeabi_ul2f
                0x08000c94                __floatundisf
                0x08000ca4                __aeabi_l2f
                0x08000ca4                __floatdisf
 .text          0x08000d20      0x2a0 c:/program files (x86)/atollic/truestudio for arm 6.0.0/armtools/bin/../lib/gcc/arm-atollic-eabi/5.3.1/armv7-m\libgcc.a(_arm_muldivsf3.o)
                0x08000d20                __mulsf3
                0x08000d20                __aeabi_fmul
                0x08000e88                __aeabi_fdiv
                0x08000e88                __divsf3
 .text          0x08000fc0       0xec c:/program files (x86)/atollic/truestudio for arm 6.0.0/armtools/bin/../lib/gcc/arm-atollic-eabi/5.3.1/armv7-m\libgcc.a(_arm_cmpsf2.o)
                0x08000fc0                __gesf2
                0x08000fc0                __gtsf2
                0x08000fc8                __lesf2
                0x08000fc8                __ltsf2
                0x08000fd0                __nesf2
                0x08000fd0                __eqsf2
                0x08000fd0                __cmpsf2
                0x08001030                __aeabi_cfrcmple
                0x08001038                __aeabi_cfcmpeq
                0x08001038                __aeabi_cfcmple
                0x08001048                __aeabi_fcmpeq
                0x0800105c                __aeabi_fcmplt
                0x08001070                __aeabi_fcmple
                0x08001084                __aeabi_fcmpge
                0x08001098                __aeabi_fcmpgt
 .text          0x080010ac       0x40 c:/program files (x86)/atollic/truestudio for arm 6.0.0/armtools/bin/../lib/gcc/arm-atollic-eabi/5.3.1/armv7-m\libgcc.a(_arm_fixunssfsi.o)
                0x080010ac                __fixunssfsi
                0x080010ac                __aeabi_f2uiz
 *(.text*)
 .text.NVIC_PriorityGroupConfig
                0x080010ec       0x24 Libraries\STM32L1xx_StdPeriph_Driver\src\misc.o
                0x080010ec                NVIC_PriorityGroupConfig
 .text.NVIC_Init
                0x08001110       0xc0 Libraries\STM32L1xx_StdPeriph_Driver\src\misc.o
                0x08001110                NVIC_Init
 .text.EXTI_Init
                0x080011d0       0xe4 Libraries\STM32L1xx_StdPeriph_Driver\src\stm32l1xx_exti.o
                0x080011d0                EXTI_Init
 .text.EXTI_GetITStatus
                0x080012b4       0x48 Libraries\STM32L1xx_StdPeriph_Driver\src\stm32l1xx_exti.o
                0x080012b4                EXTI_GetITStatus
 .text.EXTI_ClearITPendingBit
                0x080012fc       0x1c Libraries\STM32L1xx_StdPeriph_Driver\src\stm32l1xx_exti.o
                0x080012fc                EXTI_ClearITPendingBit
 .text.GPIO_Init
                0x08001318      0x12c Libraries\STM32L1xx_StdPeriph_Driver\src\stm32l1xx_gpio.o
                0x08001318                GPIO_Init
 .text.GPIO_SetBits
                0x08001444       0x1c Libraries\STM32L1xx_StdPeriph_Driver\src\stm32l1xx_gpio.o
                0x08001444                GPIO_SetBits
 .text.GPIO_ResetBits
                0x08001460       0x1c Libraries\STM32L1xx_StdPeriph_Driver\src\stm32l1xx_gpio.o
                0x08001460                GPIO_ResetBits
 .text.GPIO_ToggleBits
                0x0800147c       0x28 Libraries\STM32L1xx_StdPeriph_Driver\src\stm32l1xx_gpio.o
                0x0800147c                GPIO_ToggleBits
 .text.GPIO_PinAFConfig
                0x080014a4       0x90 Libraries\STM32L1xx_StdPeriph_Driver\src\stm32l1xx_gpio.o
                0x080014a4                GPIO_PinAFConfig
 .text.RCC_HSICmd
                0x08001534       0x20 Libraries\STM32L1xx_StdPeriph_Driver\src\stm32l1xx_rcc.o
                0x08001534                RCC_HSICmd
 .text.RCC_SYSCLKConfig
                0x08001554       0x38 Libraries\STM32L1xx_StdPeriph_Driver\src\stm32l1xx_rcc.o
                0x08001554                RCC_SYSCLKConfig
 .text.RCC_GetClocksFreq
                0x0800158c      0x1b4 Libraries\STM32L1xx_StdPeriph_Driver\src\stm32l1xx_rcc.o
                0x0800158c                RCC_GetClocksFreq
 .text.RCC_AHBPeriphClockCmd
                0x08001740       0x3c Libraries\STM32L1xx_StdPeriph_Driver\src\stm32l1xx_rcc.o
                0x08001740                RCC_AHBPeriphClockCmd
 .text.RCC_APB2PeriphClockCmd
                0x0800177c       0x3c Libraries\STM32L1xx_StdPeriph_Driver\src\stm32l1xx_rcc.o
                0x0800177c                RCC_APB2PeriphClockCmd
 .text.RCC_APB1PeriphClockCmd
                0x080017b8       0x3c Libraries\STM32L1xx_StdPeriph_Driver\src\stm32l1xx_rcc.o
                0x080017b8                RCC_APB1PeriphClockCmd
 .text.RCC_GetFlagStatus
                0x080017f4       0x64 Libraries\STM32L1xx_StdPeriph_Driver\src\stm32l1xx_rcc.o
                0x080017f4                RCC_GetFlagStatus
 .text.SPI_Init
                0x08001858       0x88 Libraries\STM32L1xx_StdPeriph_Driver\src\stm32l1xx_spi.o
                0x08001858                SPI_Init
 .text.SPI_Cmd  0x080018e0       0x40 Libraries\STM32L1xx_StdPeriph_Driver\src\stm32l1xx_spi.o
                0x080018e0                SPI_Cmd
 .text.SYSCFG_EXTILineConfig
                0x08001920       0x84 Libraries\STM32L1xx_StdPeriph_Driver\src\stm32l1xx_syscfg.o
                0x08001920                SYSCFG_EXTILineConfig
 .text.USART_Init
                0x080019a4      0x168 Libraries\STM32L1xx_StdPeriph_Driver\src\stm32l1xx_usart.o
                0x080019a4                USART_Init
 .text.USART_Cmd
                0x08001b0c       0x40 Libraries\STM32L1xx_StdPeriph_Driver\src\stm32l1xx_usart.o
                0x08001b0c                USART_Cmd
 .text.USART_SendData
                0x08001b4c       0x24 Libraries\STM32L1xx_StdPeriph_Driver\src\stm32l1xx_usart.o
                0x08001b4c                USART_SendData
 .text.USART_ReceiveData
                0x08001b70       0x20 Libraries\STM32L1xx_StdPeriph_Driver\src\stm32l1xx_usart.o
                0x08001b70                USART_ReceiveData
 .text.USART_ITConfig
                0x08001b90       0x90 Libraries\STM32L1xx_StdPeriph_Driver\src\stm32l1xx_usart.o
                0x08001b90                USART_ITConfig
 .text.USART_GetFlagStatus
                0x08001c20       0x38 Libraries\STM32L1xx_StdPeriph_Driver\src\stm32l1xx_usart.o
                0x08001c20                USART_GetFlagStatus
 .text.USART_ClearFlag
                0x08001c58       0x20 Libraries\STM32L1xx_StdPeriph_Driver\src\stm32l1xx_usart.o
                0x08001c58                USART_ClearFlag
 .text._ZN5Rfm22C2ER10SpiGeneric
                0x08001c78       0x58 RFM_22\Rfm22.o
                0x08001c78                Rfm22::Rfm22(SpiGeneric&)
                0x08001c78                Rfm22::Rfm22(SpiGeneric&)
 .text._ZN5Rfm224initEv
                0x08001cd0       0xa4 RFM_22\Rfm22.o
                0x08001cd0                Rfm22::init()
 .text._ZN5Rfm2210setTxPowerEh
                0x08001d74       0x28 RFM_22\Rfm22.o
                0x08001d74                Rfm22::setTxPower(unsigned char)
 .text._ZN5Rfm225resetEv
                0x08001d9c       0x34 RFM_22\Rfm22.o
                0x08001d9c                Rfm22::reset()
 .text._ZN5Rfm2211setModeIdleEv
                0x08001dd0       0x28 RFM_22\Rfm22.o
                0x08001dd0                Rfm22::setModeIdle()
 .text._ZN5Rfm229setModeRxEv
                0x08001df8       0x28 RFM_22\Rfm22.o
                0x08001df8                Rfm22::setModeRx()
 .text._ZN5Rfm229setModeTxEv
                0x08001e20       0x2c RFM_22\Rfm22.o
                0x08001e20                Rfm22::setModeTx()
 .text._ZN5Rfm229setOpModeEh
                0x08001e4c       0x24 RFM_22\Rfm22.o
                0x08001e4c                Rfm22::setOpMode(unsigned char)
 .text._ZN5Rfm2211resetRxFifoEv
                0x08001e70       0x2c RFM_22\Rfm22.o
                0x08001e70                Rfm22::resetRxFifo()
 *fill*         0x08001e9c        0x4 
 .text._ZN5Rfm2212setFrequencyEff
                0x08001ea0      0x218 RFM_22\Rfm22.o
                0x08001ea0                Rfm22::setFrequency(float, float)
 .text._ZN5Rfm2210statusReadEv
                0x080020b8       0x20 RFM_22\Rfm22.o
                0x080020b8                Rfm22::statusRead()
 .text._ZN5Rfm2214setModemConfigENS_17ModemConfigChoiceE
                0x080020d8       0x54 RFM_22\Rfm22.o
                0x080020d8                Rfm22::setModemConfig(Rfm22::ModemConfigChoice)
 .text._ZN5Rfm2217setModemRegistersEPNS_11ModemConfigE
                0x0800212c       0x88 RFM_22\Rfm22.o
                0x0800212c                Rfm22::setModemRegisters(Rfm22::ModemConfig*)
 .text._ZN5Rfm2215setGpioReversedEb
                0x080021b4       0x3c RFM_22\Rfm22.o
                0x080021b4                Rfm22::setGpioReversed(bool)
 .text._ZN5Rfm2213startTransmitEv
                0x080021f0       0x2c RFM_22\Rfm22.o
                0x080021f0                Rfm22::startTransmit()
 .text._ZN5Rfm2216sendNextFragmentEv
                0x0800221c       0x58 RFM_22\Rfm22.o
                0x0800221c                Rfm22::sendNextFragment()
 .text._ZN5Rfm2216readNextFragmentEv
                0x08002274       0x40 RFM_22\Rfm22.o
                0x08002274                Rfm22::readNextFragment()
 .text._ZN5Rfm2210resetFifosEv
                0x080022b4       0x2c RFM_22\Rfm22.o
                0x080022b4                Rfm22::resetFifos()
 .text._ZN5Rfm2215restartTransmitEv
                0x080022e0       0x24 RFM_22\Rfm22.o
                0x080022e0                Rfm22::restartTransmit()
 .text._ZN5Rfm2210clearRxBufEv
                0x08002304       0x20 RFM_22\Rfm22.o
                0x08002304                Rfm22::clearRxBuf()
 .text._ZN5Rfm224recvEPhh
                0x08002324       0x58 RFM_22\Rfm22.o
                0x08002324                Rfm22::recv(unsigned char*, unsigned char)
 .text._ZN5Rfm229availableEv
                0x0800237c       0x30 RFM_22\Rfm22.o
                0x0800237c                Rfm22::available()
 .text._ZN5Rfm22D2Ev
                0x080023ac       0x28 RFM_22\Rfm22.o
                0x080023ac                Rfm22::~Rfm22()
                0x080023ac                Rfm22::~Rfm22()
 .text._ZN5Rfm22D0Ev
                0x080023d4       0x20 RFM_22\Rfm22.o
                0x080023d4                Rfm22::~Rfm22()
 .text._ZN5Rfm2215setupInterruptsEv
                0x080023f4       0x8c RFM_22\Rfm22.o
                0x080023f4                Rfm22::setupInterrupts()
 .text._ZN5Rfm2216enableInterruptsEv
                0x08002480       0x30 RFM_22\Rfm22.o
                0x08002480                Rfm22::enableInterrupts()
 .text._ZN5Rfm2210irqHandlerEv
                0x080024b0      0x190 RFM_22\Rfm22.o
                0x080024b0                Rfm22::irqHandler()
 .text._ZN4Spi1C2Ev
                0x08002640       0x24 mato_lib\Spi\Spi1.o
                0x08002640                Spi1::Spi1()
                0x08002640                Spi1::Spi1()
 .text._ZN4Spi14initEv
                0x08002664       0xfc mato_lib\Spi\Spi1.o
                0x08002664                Spi1::init()
 .text._ZN4Spi1D2Ev
                0x08002760       0x30 mato_lib\Spi\Spi1.o
                0x08002760                Spi1::~Spi1()
                0x08002760                Spi1::~Spi1()
 .text._ZN4Spi1D0Ev
                0x08002790       0x20 mato_lib\Spi\Spi1.o
                0x08002790                Spi1::~Spi1()
 .text._ZN10SpiGenericC2Ev
                0x080027b0       0x20 mato_lib\Spi\SpiGeneric.o
                0x080027b0                SpiGeneric::SpiGeneric()
                0x080027b0                SpiGeneric::SpiGeneric()
 .text._ZN10SpiGeneric13writeRegBytesEhPhh
                0x080027d0       0x7c mato_lib\Spi\SpiGeneric.o
                0x080027d0                SpiGeneric::writeRegBytes(unsigned char, unsigned char*, unsigned char)
 .text._ZN10SpiGeneric8writeRegEhh
                0x0800284c       0x60 mato_lib\Spi\SpiGeneric.o
                0x0800284c                SpiGeneric::writeReg(unsigned char, unsigned char)
 .text._ZN10SpiGeneric7readRegEh
                0x080028ac       0x68 mato_lib\Spi\SpiGeneric.o
                0x080028ac                SpiGeneric::readReg(unsigned char)
 .text._ZN10SpiGeneric12readRegBytesEhPhh
                0x08002914       0x8c mato_lib\Spi\SpiGeneric.o
                0x08002914                SpiGeneric::readRegBytes(unsigned char, unsigned char*, unsigned char)
 .text._ZN10SpiGeneric7waitTxeEv
                0x080029a0       0x30 mato_lib\Spi\SpiGeneric.o
                0x080029a0                SpiGeneric::waitTxe()
 .text._ZN10SpiGeneric8waitTxRxEv
                0x080029d0       0x4c mato_lib\Spi\SpiGeneric.o
                0x080029d0                SpiGeneric::waitTxRx()
 .text._ZN10SpiGenericD2Ev
                0x08002a1c       0x28 mato_lib\Spi\SpiGeneric.o
                0x08002a1c                SpiGeneric::~SpiGeneric()
                0x08002a1c                SpiGeneric::~SpiGeneric()
 .text._Z13sysClockSetupv
                0x08002a44       0x30 mato_lib\Temp\basicSetup.o
                0x08002a44                sysClockSetup()
 .text._Z7initLEDv
                0x08002a74       0x38 mato_lib\Temp\basicSetup.o
                0x08002a74                initLED()
 .text._ZN6Usart2C2Ev
                0x08002aac       0x24 mato_lib\Usart\Usart2.o
                0x08002aac                Usart2::Usart2()
                0x08002aac                Usart2::Usart2()
 .text._ZN6Usart2D2Ev
                0x08002ad0       0x30 mato_lib\Usart\Usart2.o
                0x08002ad0                Usart2::~Usart2()
                0x08002ad0                Usart2::~Usart2()
 .text._ZN6Usart2D0Ev
                0x08002b00       0x20 mato_lib\Usart\Usart2.o
                0x08002b00                Usart2::~Usart2()
 .text._ZN6Usart24initEv
                0x08002b20       0xd4 mato_lib\Usart\Usart2.o
                0x08002b20                Usart2::init()
 .text._ZN12UsartGenericC2Ev
                0x08002bf4       0x3c mato_lib\Usart\UsartGeneric.o
                0x08002bf4                UsartGeneric::UsartGeneric()
                0x08002bf4                UsartGeneric::UsartGeneric()
 .text._ZN12UsartGeneric4readEPhh
                0x08002c30       0x80 mato_lib\Usart\UsartGeneric.o
                0x08002c30                UsartGeneric::read(unsigned char*, unsigned char)
 .text._ZN12UsartGeneric5writeEPhh
                0x08002cb0       0x58 mato_lib\Usart\UsartGeneric.o
                0x08002cb0                UsartGeneric::write(unsigned char*, unsigned char)
 .text._ZN12UsartGeneric14availableBytesEv
                0x08002d08       0x28 mato_lib\Usart\UsartGeneric.o
                0x08002d08                UsartGeneric::availableBytes()
 .text._ZN12UsartGeneric5flushEv
                0x08002d30       0x1c mato_lib\Usart\UsartGeneric.o
                0x08002d30                UsartGeneric::flush()
 .text._ZN12UsartGeneric13writableBytesEv
                0x08002d4c       0x24 mato_lib\Usart\UsartGeneric.o
                0x08002d4c                UsartGeneric::writableBytes()
 .text._ZN12UsartGeneric10irqHandlerEv
                0x08002d70       0xdc mato_lib\Usart\UsartGeneric.o
                0x08002d70                UsartGeneric::irqHandler()
 .text._ZN12UsartGenericD2Ev
                0x08002e4c       0x28 mato_lib\Usart\UsartGeneric.o
                0x08002e4c                UsartGeneric::~UsartGeneric()
                0x08002e4c                UsartGeneric::~UsartGeneric()
 .text._ZN12UsartGeneric9initWriteEh
                0x08002e74       0x60 mato_lib\Usart\UsartGeneric.o
                0x08002e74                UsartGeneric::initWrite(unsigned char)
 .text.main     0x08002ed4       0x74 src\main.o
                0x08002ed4                main
 .text.USART2_IRQHandler
                0x08002f48       0x14 src\main.o
                0x08002f48                USART2_IRQHandler
 .text.EXTI15_10_IRQHandler
                0x08002f5c       0x40 src\main.o
                0x08002f5c                EXTI15_10_IRQHandler
 .text._Z41__static_initialization_and_destruction_0ii
                0x08002f9c       0x70 src\main.o
 .text._GLOBAL__sub_I_usart
                0x0800300c       0x10 src\main.o
 .text.Reset_Handler
                0x0800301c       0x50 src\startup_stm32l1xx_hd.o
                0x0800301c                Reset_Handler
 .text.Default_Handler
                0x0800306c        0x2 src\startup_stm32l1xx_hd.o
                0x0800306c                RTC_Alarm_IRQHandler
                0x0800306c                EXTI2_IRQHandler
                0x0800306c                COMP_ACQ_IRQHandler
                0x0800306c                TIM10_IRQHandler
                0x0800306c                USB_HP_IRQHandler
                0x0800306c                TIM6_IRQHandler
                0x0800306c                PVD_IRQHandler
                0x0800306c                SDIO_IRQHandler
                0x0800306c                EXTI3_IRQHandler
                0x0800306c                EXTI0_IRQHandler
                0x0800306c                I2C2_EV_IRQHandler
                0x0800306c                SPI1_IRQHandler
                0x0800306c                USB_FS_WKUP_IRQHandler
                0x0800306c                DMA2_Channel2_IRQHandler
                0x0800306c                DMA1_Channel4_IRQHandler
                0x0800306c                ADC1_IRQHandler
                0x0800306c                USART3_IRQHandler
                0x0800306c                DMA1_Channel7_IRQHandler
                0x0800306c                LCD_IRQHandler
                0x0800306c                UART5_IRQHandler
                0x0800306c                TIM4_IRQHandler
                0x0800306c                DMA2_Channel1_IRQHandler
                0x0800306c                I2C1_EV_IRQHandler
                0x0800306c                DMA1_Channel6_IRQHandler
                0x0800306c                UART4_IRQHandler
                0x0800306c                DMA2_Channel4_IRQHandler
                0x0800306c                TIM3_IRQHandler
                0x0800306c                RCC_IRQHandler
                0x0800306c                DMA1_Channel1_IRQHandler
                0x0800306c                Default_Handler
                0x0800306c                TIM7_IRQHandler
                0x0800306c                TIM5_IRQHandler
                0x0800306c                EXTI9_5_IRQHandler
                0x0800306c                TIM9_IRQHandler
                0x0800306c                TAMPER_STAMP_IRQHandler
                0x0800306c                RTC_WKUP_IRQHandler
                0x0800306c                SPI2_IRQHandler
                0x0800306c                DMA2_Channel5_IRQHandler
                0x0800306c                DMA1_Channel5_IRQHandler
                0x0800306c                USB_LP_IRQHandler
                0x0800306c                EXTI4_IRQHandler
                0x0800306c                DMA1_Channel3_IRQHandler
                0x0800306c                COMP_IRQHandler
                0x0800306c                WWDG_IRQHandler
                0x0800306c                TIM2_IRQHandler
                0x0800306c                DAC_IRQHandler
                0x0800306c                EXTI1_IRQHandler
                0x0800306c                AES_IRQHandler
                0x0800306c                TIM11_IRQHandler
                0x0800306c                I2C2_ER_IRQHandler
                0x0800306c                DMA1_Channel2_IRQHandler
                0x0800306c                FLASH_IRQHandler
                0x0800306c                USART1_IRQHandler
                0x0800306c                SPI3_IRQHandler
                0x0800306c                I2C1_ER_IRQHandler
                0x0800306c                DMA2_Channel3_IRQHandler
 *fill*         0x0800306e        0x2 
 .text.NMI_Handler
                0x08003070        0xc src\stm32l1xx_it.o
                0x08003070                NMI_Handler
 .text.HardFault_Handler
                0x0800307c        0x8 src\stm32l1xx_it.o
                0x0800307c                HardFault_Handler
 .text.MemManage_Handler
                0x08003084        0x8 src\stm32l1xx_it.o
                0x08003084                MemManage_Handler
 .text.BusFault_Handler
                0x0800308c        0x8 src\stm32l1xx_it.o
                0x0800308c                BusFault_Handler
 .text.UsageFault_Handler
                0x08003094        0x8 src\stm32l1xx_it.o
                0x08003094                UsageFault_Handler
 .text.SVC_Handler
                0x0800309c        0xc src\stm32l1xx_it.o
                0x0800309c                SVC_Handler
 .text.DebugMon_Handler
                0x080030a8        0xc src\stm32l1xx_it.o
                0x080030a8                DebugMon_Handler
 .text.PendSV_Handler
                0x080030b4        0xc src\stm32l1xx_it.o
                0x080030b4                PendSV_Handler
 .text.SysTick_Handler
                0x080030c0        0xc src\stm32l1xx_it.o
                0x080030c0                SysTick_Handler
 .text.SystemInit
                0x080030cc       0x68 src\system_stm32l1xx.o
                0x080030cc                SystemInit
 .text.SystemCoreClockUpdate
                0x08003134      0x158 src\system_stm32l1xx.o
                0x08003134                SystemCoreClockUpdate
 .text.SetSysClock
                0x0800328c      0x120 src\system_stm32l1xx.o
 .text.__cxa_pure_virtual
                0x080033ac        0x6 c:/program files (x86)/atollic/truestudio for arm 6.0.0/armtools/bin/../lib/gcc/arm-atollic-eabi/5.3.1/../../../../arm-atollic-eabi/lib/armv7-m\libstdc++_nano.a(pure.o)
                0x080033ac                __cxa_pure_virtual
 .text._ZN10__cxxabiv111__terminateEPFvvE
                0x080033b2        0x8 c:/program files (x86)/atollic/truestudio for arm 6.0.0/armtools/bin/../lib/gcc/arm-atollic-eabi/5.3.1/../../../../arm-atollic-eabi/lib/armv7-m\libstdc++_nano.a(eh_terminate.o)
                0x080033b2                __cxxabiv1::__terminate(void (*)())
 *fill*         0x080033ba        0x2 
 .text._ZSt13get_terminatev
                0x080033bc       0x10 c:/program files (x86)/atollic/truestudio for arm 6.0.0/armtools/bin/../lib/gcc/arm-atollic-eabi/5.3.1/../../../../arm-atollic-eabi/lib/armv7-m\libstdc++_nano.a(eh_terminate.o)
                0x080033bc                std::get_terminate()
 .text._ZSt9terminatev
                0x080033cc        0xa c:/program files (x86)/atollic/truestudio for arm 6.0.0/armtools/bin/../lib/gcc/arm-atollic-eabi/5.3.1/../../../../arm-atollic-eabi/lib/armv7-m\libstdc++_nano.a(eh_terminate.o)
                0x080033cc                std::terminate()
 .text.__aeabi_atexit
                0x080033d6        0xa c:/program files (x86)/atollic/truestudio for arm 6.0.0/armtools/bin/../lib/gcc/arm-atollic-eabi/5.3.1/../../../../arm-atollic-eabi/lib/armv7-m\libstdc++_nano.a(atexit_arm.o)
                0x080033d6                __aeabi_atexit
 .text._ZdlPv   0x080033e0        0x4 c:/program files (x86)/atollic/truestudio for arm 6.0.0/armtools/bin/../lib/gcc/arm-atollic-eabi/5.3.1/../../../../arm-atollic-eabi/lib/armv7-m\libstdc++_nano.a(del_op.o)
                0x080033e0                operator delete(void*)
 *fill*         0x080033e4        0x4 
 .text.floor    0x080033e8      0x100 c:/program files (x86)/atollic/truestudio for arm 6.0.0/armtools/bin/../lib/gcc/arm-atollic-eabi/5.3.1/../../../../arm-atollic-eabi/lib/armv7-m\libm.a(lib_a-s_floor.o)
                0x080033e8                floor
 .text.abort    0x080034e8        0xe c:/program files (x86)/atollic/truestudio for arm 6.0.0/armtools/bin/../lib/gcc/arm-atollic-eabi/5.3.1/../../../../arm-atollic-eabi/lib/armv7-m\libc_nano.a(lib_a-abort.o)
                0x080034e8                abort
 *fill*         0x080034f6        0x2 
 .text.__cxa_atexit
                0x080034f8       0x1c c:/program files (x86)/atollic/truestudio for arm 6.0.0/armtools/bin/../lib/gcc/arm-atollic-eabi/5.3.1/../../../../arm-atollic-eabi/lib/armv7-m\libc_nano.a(lib_a-cxa_atexit.o)
                0x080034f8                __cxa_atexit
 .text.__libc_init_array
                0x08003514       0x4c c:/program files (x86)/atollic/truestudio for arm 6.0.0/armtools/bin/../lib/gcc/arm-atollic-eabi/5.3.1/../../../../arm-atollic-eabi/lib/armv7-m\libc_nano.a(lib_a-init.o)
                0x08003514                __libc_init_array
 .text.free     0x08003560       0x10 c:/program files (x86)/atollic/truestudio for arm 6.0.0/armtools/bin/../lib/gcc/arm-atollic-eabi/5.3.1/../../../../arm-atollic-eabi/lib/armv7-m\libc_nano.a(lib_a-malloc.o)
                0x08003560                free
 .text.memcpy   0x08003570       0x16 c:/program files (x86)/atollic/truestudio for arm 6.0.0/armtools/bin/../lib/gcc/arm-atollic-eabi/5.3.1/../../../../arm-atollic-eabi/lib/armv7-m\libc_nano.a(lib_a-memcpy-stub.o)
                0x08003570                memcpy
 *fill*         0x08003586        0x2 
 .text._free_r  0x08003588       0x98 c:/program files (x86)/atollic/truestudio for arm 6.0.0/armtools/bin/../lib/gcc/arm-atollic-eabi/5.3.1/../../../../arm-atollic-eabi/lib/armv7-m\libc_nano.a(lib_a-nano-freer.o)
                0x08003588                _free_r
 .text._raise_r
                0x08003620       0x54 c:/program files (x86)/atollic/truestudio for arm 6.0.0/armtools/bin/../lib/gcc/arm-atollic-eabi/5.3.1/../../../../arm-atollic-eabi/lib/armv7-m\libc_nano.a(lib_a-signal.o)
                0x08003620                _raise_r
 .text.raise    0x08003674       0x10 c:/program files (x86)/atollic/truestudio for arm 6.0.0/armtools/bin/../lib/gcc/arm-atollic-eabi/5.3.1/../../../../arm-atollic-eabi/lib/armv7-m\libc_nano.a(lib_a-signal.o)
                0x08003674                raise
 .text._kill_r  0x08003684       0x24 c:/program files (x86)/atollic/truestudio for arm 6.0.0/armtools/bin/../lib/gcc/arm-atollic-eabi/5.3.1/../../../../arm-atollic-eabi/lib/armv7-m\libc_nano.a(lib_a-signalr.o)
                0x08003684                _kill_r
 .text._getpid_r
                0x080036a8        0x4 c:/program files (x86)/atollic/truestudio for arm 6.0.0/armtools/bin/../lib/gcc/arm-atollic-eabi/5.3.1/../../../../arm-atollic-eabi/lib/armv7-m\libc_nano.a(lib_a-signalr.o)
                0x080036a8                _getpid_r
 .text.__malloc_lock
                0x080036ac        0x2 c:/program files (x86)/atollic/truestudio for arm 6.0.0/armtools/bin/../lib/gcc/arm-atollic-eabi/5.3.1/../../../../arm-atollic-eabi/lib/armv7-m\libc_nano.a(lib_a-mlock.o)
                0x080036ac                __malloc_lock
 .text.__malloc_unlock
                0x080036ae        0x2 c:/program files (x86)/atollic/truestudio for arm 6.0.0/armtools/bin/../lib/gcc/arm-atollic-eabi/5.3.1/../../../../arm-atollic-eabi/lib/armv7-m\libc_nano.a(lib_a-mlock.o)
                0x080036ae                __malloc_unlock
 .text._getpid  0x080036b0       0x10 c:/program files (x86)/atollic/truestudio for arm 6.0.0/armtools/bin/../lib/gcc/arm-atollic-eabi/5.3.1/../../../../arm-atollic-eabi/lib/armv7-m\libnosys.a(getpid.o)
                0x080036b0                _getpid
 .text._kill    0x080036c0       0x10 c:/program files (x86)/atollic/truestudio for arm 6.0.0/armtools/bin/../lib/gcc/arm-atollic-eabi/5.3.1/../../../../arm-atollic-eabi/lib/armv7-m\libnosys.a(kill.o)
                0x080036c0                _kill
 .text._exit    0x080036d0        0x2 c:/program files (x86)/atollic/truestudio for arm 6.0.0/armtools/bin/../lib/gcc/arm-atollic-eabi/5.3.1/../../../../arm-atollic-eabi/lib/armv7-m\libnosys.a(_exit.o)
                0x080036d0                _exit
 *(.glue_7)
 .glue_7        0x080036d2        0x0 linker stubs
 *(.glue_7t)
 .glue_7t       0x080036d2        0x0 linker stubs
 *(.eh_frame)
 *fill*         0x080036d2        0x2 
 .eh_frame      0x080036d4        0x0 c:/program files (x86)/atollic/truestudio for arm 6.0.0/armtools/bin/../lib/gcc/arm-atollic-eabi/5.3.1/armv7-m/crtbegin.o
 *(.init)
 .init          0x080036d4        0x4 c:/program files (x86)/atollic/truestudio for arm 6.0.0/armtools/bin/../lib/gcc/arm-atollic-eabi/5.3.1/armv7-m/crti.o
                0x080036d4                _init
 .init          0x080036d8        0x8 c:/program files (x86)/atollic/truestudio for arm 6.0.0/armtools/bin/../lib/gcc/arm-atollic-eabi/5.3.1/armv7-m/crtn.o
 *(.fini)
 .fini          0x080036e0        0x4 c:/program files (x86)/atollic/truestudio for arm 6.0.0/armtools/bin/../lib/gcc/arm-atollic-eabi/5.3.1/armv7-m/crti.o
                0x080036e0                _fini
 .fini          0x080036e4        0x8 c:/program files (x86)/atollic/truestudio for arm 6.0.0/armtools/bin/../lib/gcc/arm-atollic-eabi/5.3.1/armv7-m/crtn.o
                0x080036ec                . = ALIGN (0x4)
                0x080036ec                _etext = .

.vfp11_veneer   0x080036ec        0x0
 .vfp11_veneer  0x080036ec        0x0 linker stubs

.v4_bx          0x080036ec        0x0
 .v4_bx         0x080036ec        0x0 linker stubs

.iplt           0x080036ec        0x0
 .iplt          0x080036ec        0x0 c:/program files (x86)/atollic/truestudio for arm 6.0.0/armtools/bin/../lib/gcc/arm-atollic-eabi/5.3.1/armv7-m/crtbegin.o

.rodata         0x080036ec      0x290
                0x080036ec                . = ALIGN (0x4)
 *(.rodata)
 .rodata        0x080036ec        0x6 RFM_22\Rfm22.o
 *(.rodata*)
 *fill*         0x080036f2        0x2 
 .rodata._ZL18MODEM_CONFIG_TABLE
                0x080036f4      0x1e6 RFM_22\Rfm22.o
 *fill*         0x080038da        0x2 
 .rodata._ZTV5Rfm22
                0x080038dc       0x1c RFM_22\Rfm22.o
                0x080038dc                vtable for Rfm22
 .rodata._ZTV4Spi1
                0x080038f8       0x14 mato_lib\Spi\Spi1.o
                0x080038f8                vtable for Spi1
 .rodata._ZTV10SpiGeneric
                0x0800390c       0x14 mato_lib\Spi\SpiGeneric.o
                0x0800390c                vtable for SpiGeneric
 .rodata._ZTV6Usart2
                0x08003920       0x2c mato_lib\Usart\Usart2.o
                0x08003920                vtable for Usart2
 .rodata._ZTV12UsartGeneric
                0x0800394c       0x2c mato_lib\Usart\UsartGeneric.o
                0x0800394c                vtable for UsartGeneric
 .rodata.str1.1
                0x08003978        0x2 c:/program files (x86)/atollic/truestudio for arm 6.0.0/armtools/bin/../lib/gcc/arm-atollic-eabi/5.3.1/../../../../arm-atollic-eabi/lib/armv7-m\libc_nano.a(lib_a-impure.o)
                0x0800397c                . = ALIGN (0x4)
 *fill*         0x0800397a        0x2 

.rel.dyn        0x0800397c        0x0
 .rel.iplt      0x0800397c        0x0 c:/program files (x86)/atollic/truestudio for arm 6.0.0/armtools/bin/../lib/gcc/arm-atollic-eabi/5.3.1/armv7-m/crtbegin.o

.ARM.extab
 *(.ARM.extab* .gnu.linkonce.armextab.*)

.ARM            0x0800397c        0x0
                0x0800397c                __exidx_start = .
 *(.ARM.exidx*)
                0x0800397c                __exidx_end = .

.preinit_array  0x0800397c        0x0
                0x0800397c                PROVIDE (__preinit_array_start, .)
 *(.preinit_array*)
                0x0800397c                PROVIDE (__preinit_array_end, .)

.init_array     0x0800397c        0x8
                0x0800397c                PROVIDE (__init_array_start, .)
 *(SORT(.init_array.*))
 *(.init_array*)
 .init_array    0x0800397c        0x4 c:/program files (x86)/atollic/truestudio for arm 6.0.0/armtools/bin/../lib/gcc/arm-atollic-eabi/5.3.1/armv7-m/crtbegin.o
 .init_array    0x08003980        0x4 src\main.o
                0x08003984                PROVIDE (__init_array_end, .)

.fini_array     0x08003984        0x4
                [!provide]                PROVIDE (__fini_array_start, .)
 *(SORT(.fini_array.*))
 *(.fini_array*)
 .fini_array    0x08003984        0x4 c:/program files (x86)/atollic/truestudio for arm 6.0.0/armtools/bin/../lib/gcc/arm-atollic-eabi/5.3.1/armv7-m/crtbegin.o
                [!provide]                PROVIDE (__fini_array_end, .)
                0x08003988                _sidata = LOADADDR (.data)

.data           0x20000000       0xa8 load address 0x08003988
                0x20000000                . = ALIGN (0x4)
                0x20000000                _sdata = .
 *(.data)
 .data          0x20000000        0x4 c:/program files (x86)/atollic/truestudio for arm 6.0.0/armtools/bin/../lib/gcc/arm-atollic-eabi/5.3.1/armv7-m/crtbegin.o
                0x20000000                __dso_handle
 *(.data*)
 .data.PLLMulTable
                0x20000004        0x9 Libraries\STM32L1xx_StdPeriph_Driver\src\stm32l1xx_rcc.o
 *fill*         0x2000000d        0x3 
 .data.APBAHBPrescTable
                0x20000010       0x10 Libraries\STM32L1xx_StdPeriph_Driver\src\stm32l1xx_rcc.o
 .data.SystemCoreClock
                0x20000020        0x4 src\system_stm32l1xx.o
                0x20000020                SystemCoreClock
 .data.PLLMulTable
                0x20000024        0x9 src\system_stm32l1xx.o
                0x20000024                PLLMulTable
 *fill*         0x2000002d        0x3 
 .data.AHBPrescTable
                0x20000030       0x10 src\system_stm32l1xx.o
                0x20000030                AHBPrescTable
 .data._ZN10__cxxabiv119__terminate_handlerE
                0x20000040        0x4 c:/program files (x86)/atollic/truestudio for arm 6.0.0/armtools/bin/../lib/gcc/arm-atollic-eabi/5.3.1/../../../../arm-atollic-eabi/lib/armv7-m\libstdc++_nano.a(eh_term_handler.o)
                0x20000040                __cxxabiv1::__terminate_handler
 .data.impure_data
                0x20000044       0x60 c:/program files (x86)/atollic/truestudio for arm 6.0.0/armtools/bin/../lib/gcc/arm-atollic-eabi/5.3.1/../../../../arm-atollic-eabi/lib/armv7-m\libc_nano.a(lib_a-impure.o)
 .data._impure_ptr
                0x200000a4        0x4 c:/program files (x86)/atollic/truestudio for arm 6.0.0/armtools/bin/../lib/gcc/arm-atollic-eabi/5.3.1/../../../../arm-atollic-eabi/lib/armv7-m\libc_nano.a(lib_a-impure.o)
                0x200000a4                _impure_ptr
                0x200000a8                . = ALIGN (0x4)
                0x200000a8                _edata = .

.igot.plt       0x200000a8        0x0 load address 0x08003a30
 .igot.plt      0x200000a8        0x0 c:/program files (x86)/atollic/truestudio for arm 6.0.0/armtools/bin/../lib/gcc/arm-atollic-eabi/5.3.1/armv7-m/crtbegin.o
                0x200000a8                . = ALIGN (0x4)

.bss            0x200000a8      0x28c load address 0x08003a30
                0x200000a8                _sbss = .
                0x200000a8                __bss_start__ = _sbss
 *(.bss)
 .bss           0x200000a8       0x1c c:/program files (x86)/atollic/truestudio for arm 6.0.0/armtools/bin/../lib/gcc/arm-atollic-eabi/5.3.1/armv7-m/crtbegin.o
 *(.bss*)
 .bss.usart     0x200000c4      0x20c src\main.o
                0x200000c4                usart
 .bss.spi       0x200002d0       0x10 src\main.o
                0x200002d0                spi
 .bss.transmitter
                0x200002e0       0x4c src\main.o
                0x200002e0                transmitter
 .bss.__malloc_free_list
                0x2000032c        0x4 c:/program files (x86)/atollic/truestudio for arm 6.0.0/armtools/bin/../lib/gcc/arm-atollic-eabi/5.3.1/../../../../arm-atollic-eabi/lib/armv7-m\libc_nano.a(lib_a-nano-mallocr.o)
                0x2000032c                __malloc_free_list
 *(COMMON)
 COMMON         0x20000330        0x4 c:/program files (x86)/atollic/truestudio for arm 6.0.0/armtools/bin/../lib/gcc/arm-atollic-eabi/5.3.1/../../../../arm-atollic-eabi/lib/armv7-m\libc_nano.a(lib_a-reent.o)
                0x20000330                errno
                0x20000334                . = ALIGN (0x4)
                0x20000334                _ebss = .
                0x20000334                __bss_end__ = _ebss

._user_heap_stack
                0x20000334      0x400 load address 0x08003a30
                0x20000334                . = ALIGN (0x4)
                0x20000334                PROVIDE (end, .)
                [!provide]                PROVIDE (_end, .)
                0x20000334                . = (. + _Min_Heap_Size)
                0x20000734                . = (. + _Min_Stack_Size)
 *fill*         0x20000334      0x400 
                0x20000734                . = ALIGN (0x4)

.memory_b1_text
 *(.mb1text)
 *(.mb1text*)
 *(.mb1rodata)
 *(.mb1rodata*)

/DISCARD/
 libc.a(*)
 libm.a(*)
 libgcc.a(*)

.ARM.attributes
                0x00000000       0x29
 *(.ARM.attributes)
 .ARM.attributes
                0x00000000       0x1d c:/program files (x86)/atollic/truestudio for arm 6.0.0/armtools/bin/../lib/gcc/arm-atollic-eabi/5.3.1/armv7-m/crti.o
 .ARM.attributes
                0x0000001d       0x2d c:/program files (x86)/atollic/truestudio for arm 6.0.0/armtools/bin/../lib/gcc/arm-atollic-eabi/5.3.1/armv7-m/crtbegin.o
 .ARM.attributes
                0x0000004a       0x33 Libraries\STM32L1xx_StdPeriph_Driver\src\misc.o
 .ARM.attributes
                0x0000007d       0x33 Libraries\STM32L1xx_StdPeriph_Driver\src\stm32l1xx_exti.o
 .ARM.attributes
                0x000000b0       0x33 Libraries\STM32L1xx_StdPeriph_Driver\src\stm32l1xx_gpio.o
 .ARM.attributes
                0x000000e3       0x33 Libraries\STM32L1xx_StdPeriph_Driver\src\stm32l1xx_rcc.o
 .ARM.attributes
                0x00000116       0x33 Libraries\STM32L1xx_StdPeriph_Driver\src\stm32l1xx_spi.o
 .ARM.attributes
                0x00000149       0x33 Libraries\STM32L1xx_StdPeriph_Driver\src\stm32l1xx_syscfg.o
 .ARM.attributes
                0x0000017c       0x33 Libraries\STM32L1xx_StdPeriph_Driver\src\stm32l1xx_usart.o
 .ARM.attributes
                0x000001af       0x33 RFM_22\Rfm22.o
 .ARM.attributes
                0x000001e2       0x33 mato_lib\Spi\Spi1.o
 .ARM.attributes
                0x00000215       0x33 mato_lib\Spi\SpiGeneric.o
 .ARM.attributes
                0x00000248       0x33 mato_lib\Temp\basicSetup.o
 .ARM.attributes
                0x0000027b       0x33 mato_lib\Usart\Usart2.o
 .ARM.attributes
                0x000002ae       0x33 mato_lib\Usart\UsartGeneric.o
 .ARM.attributes
                0x000002e1       0x33 src\main.o
 .ARM.attributes
                0x00000314       0x21 src\startup_stm32l1xx_hd.o
 .ARM.attributes
                0x00000335       0x33 src\stm32l1xx_it.o
 .ARM.attributes
                0x00000368       0x33 src\system_stm32l1xx.o
 .ARM.attributes
                0x0000039b       0x2d c:/program files (x86)/atollic/truestudio for arm 6.0.0/armtools/bin/../lib/gcc/arm-atollic-eabi/5.3.1/../../../../arm-atollic-eabi/lib/armv7-m\libstdc++_nano.a(pure.o)
 .ARM.attributes
                0x000003c8       0x2d c:/program files (x86)/atollic/truestudio for arm 6.0.0/armtools/bin/../lib/gcc/arm-atollic-eabi/5.3.1/../../../../arm-atollic-eabi/lib/armv7-m\libstdc++_nano.a(eh_terminate.o)
 .ARM.attributes
                0x000003f5       0x2d c:/program files (x86)/atollic/truestudio for arm 6.0.0/armtools/bin/../lib/gcc/arm-atollic-eabi/5.3.1/../../../../arm-atollic-eabi/lib/armv7-m\libstdc++_nano.a(atexit_arm.o)
 .ARM.attributes
                0x00000422       0x2d c:/program files (x86)/atollic/truestudio for arm 6.0.0/armtools/bin/../lib/gcc/arm-atollic-eabi/5.3.1/../../../../arm-atollic-eabi/lib/armv7-m\libstdc++_nano.a(del_op.o)
 .ARM.attributes
                0x0000044f       0x2d c:/program files (x86)/atollic/truestudio for arm 6.0.0/armtools/bin/../lib/gcc/arm-atollic-eabi/5.3.1/../../../../arm-atollic-eabi/lib/armv7-m\libstdc++_nano.a(eh_term_handler.o)
 .ARM.attributes
                0x0000047c       0x2d c:/program files (x86)/atollic/truestudio for arm 6.0.0/armtools/bin/../lib/gcc/arm-atollic-eabi/5.3.1/../../../../arm-atollic-eabi/lib/armv7-m\libm.a(lib_a-s_floor.o)
 .ARM.attributes
                0x000004a9       0x2d c:/program files (x86)/atollic/truestudio for arm 6.0.0/armtools/bin/../lib/gcc/arm-atollic-eabi/5.3.1/../../../../arm-atollic-eabi/lib/armv7-m\libc_nano.a(lib_a-abort.o)
 .ARM.attributes
                0x000004d6       0x2d c:/program files (x86)/atollic/truestudio for arm 6.0.0/armtools/bin/../lib/gcc/arm-atollic-eabi/5.3.1/../../../../arm-atollic-eabi/lib/armv7-m\libc_nano.a(lib_a-cxa_atexit.o)
 .ARM.attributes
                0x00000503       0x2d c:/program files (x86)/atollic/truestudio for arm 6.0.0/armtools/bin/../lib/gcc/arm-atollic-eabi/5.3.1/../../../../arm-atollic-eabi/lib/armv7-m\libc_nano.a(lib_a-init.o)
 .ARM.attributes
                0x00000530       0x2d c:/program files (x86)/atollic/truestudio for arm 6.0.0/armtools/bin/../lib/gcc/arm-atollic-eabi/5.3.1/../../../../arm-atollic-eabi/lib/armv7-m\libc_nano.a(lib_a-malloc.o)
 .ARM.attributes
                0x0000055d       0x2d c:/program files (x86)/atollic/truestudio for arm 6.0.0/armtools/bin/../lib/gcc/arm-atollic-eabi/5.3.1/../../../../arm-atollic-eabi/lib/armv7-m\libc_nano.a(lib_a-memcpy-stub.o)
 .ARM.attributes
                0x0000058a       0x2d c:/program files (x86)/atollic/truestudio for arm 6.0.0/armtools/bin/../lib/gcc/arm-atollic-eabi/5.3.1/../../../../arm-atollic-eabi/lib/armv7-m\libc_nano.a(lib_a-nano-freer.o)
 .ARM.attributes
                0x000005b7       0x2d c:/program files (x86)/atollic/truestudio for arm 6.0.0/armtools/bin/../lib/gcc/arm-atollic-eabi/5.3.1/../../../../arm-atollic-eabi/lib/armv7-m\libc_nano.a(lib_a-nano-mallocr.o)
 .ARM.attributes
                0x000005e4       0x2d c:/program files (x86)/atollic/truestudio for arm 6.0.0/armtools/bin/../lib/gcc/arm-atollic-eabi/5.3.1/../../../../arm-atollic-eabi/lib/armv7-m\libc_nano.a(lib_a-signal.o)
 .ARM.attributes
                0x00000611       0x2d c:/program files (x86)/atollic/truestudio for arm 6.0.0/armtools/bin/../lib/gcc/arm-atollic-eabi/5.3.1/../../../../arm-atollic-eabi/lib/armv7-m\libc_nano.a(lib_a-signalr.o)
 .ARM.attributes
                0x0000063e       0x2d c:/program files (x86)/atollic/truestudio for arm 6.0.0/armtools/bin/../lib/gcc/arm-atollic-eabi/5.3.1/../../../../arm-atollic-eabi/lib/armv7-m\libc_nano.a(lib_a-impure.o)
 .ARM.attributes
                0x0000066b       0x2d c:/program files (x86)/atollic/truestudio for arm 6.0.0/armtools/bin/../lib/gcc/arm-atollic-eabi/5.3.1/../../../../arm-atollic-eabi/lib/armv7-m\libc_nano.a(lib_a-mlock.o)
 .ARM.attributes
                0x00000698       0x2d c:/program files (x86)/atollic/truestudio for arm 6.0.0/armtools/bin/../lib/gcc/arm-atollic-eabi/5.3.1/../../../../arm-atollic-eabi/lib/armv7-m\libc_nano.a(lib_a-reent.o)
 .ARM.attributes
                0x000006c5       0x1d c:/program files (x86)/atollic/truestudio for arm 6.0.0/armtools/bin/../lib/gcc/arm-atollic-eabi/5.3.1/armv7-m\libgcc.a(_arm_addsubdf3.o)
 .ARM.attributes
                0x000006e2       0x1d c:/program files (x86)/atollic/truestudio for arm 6.0.0/armtools/bin/../lib/gcc/arm-atollic-eabi/5.3.1/armv7-m\libgcc.a(_arm_muldivdf3.o)
 .ARM.attributes
                0x000006ff       0x1d c:/program files (x86)/atollic/truestudio for arm 6.0.0/armtools/bin/../lib/gcc/arm-atollic-eabi/5.3.1/armv7-m\libgcc.a(_arm_cmpdf2.o)
 .ARM.attributes
                0x0000071c       0x1d c:/program files (x86)/atollic/truestudio for arm 6.0.0/armtools/bin/../lib/gcc/arm-atollic-eabi/5.3.1/armv7-m\libgcc.a(_arm_fixunsdfsi.o)
 .ARM.attributes
                0x00000739       0x1d c:/program files (x86)/atollic/truestudio for arm 6.0.0/armtools/bin/../lib/gcc/arm-atollic-eabi/5.3.1/armv7-m\libgcc.a(_arm_truncdfsf2.o)
 .ARM.attributes
                0x00000756       0x1d c:/program files (x86)/atollic/truestudio for arm 6.0.0/armtools/bin/../lib/gcc/arm-atollic-eabi/5.3.1/armv7-m\libgcc.a(_arm_addsubsf3.o)
 .ARM.attributes
                0x00000773       0x1d c:/program files (x86)/atollic/truestudio for arm 6.0.0/armtools/bin/../lib/gcc/arm-atollic-eabi/5.3.1/armv7-m\libgcc.a(_arm_muldivsf3.o)
 .ARM.attributes
                0x00000790       0x1d c:/program files (x86)/atollic/truestudio for arm 6.0.0/armtools/bin/../lib/gcc/arm-atollic-eabi/5.3.1/armv7-m\libgcc.a(_arm_cmpsf2.o)
 .ARM.attributes
                0x000007ad       0x1d c:/program files (x86)/atollic/truestudio for arm 6.0.0/armtools/bin/../lib/gcc/arm-atollic-eabi/5.3.1/armv7-m\libgcc.a(_arm_fixunssfsi.o)
 .ARM.attributes
                0x000007ca       0x2d c:/program files (x86)/atollic/truestudio for arm 6.0.0/armtools/bin/../lib/gcc/arm-atollic-eabi/5.3.1/../../../../arm-atollic-eabi/lib/armv7-m\libnosys.a(getpid.o)
 .ARM.attributes
                0x000007f7       0x2d c:/program files (x86)/atollic/truestudio for arm 6.0.0/armtools/bin/../lib/gcc/arm-atollic-eabi/5.3.1/../../../../arm-atollic-eabi/lib/armv7-m\libnosys.a(kill.o)
 .ARM.attributes
                0x00000824       0x2d c:/program files (x86)/atollic/truestudio for arm 6.0.0/armtools/bin/../lib/gcc/arm-atollic-eabi/5.3.1/../../../../arm-atollic-eabi/lib/armv7-m\libnosys.a(_exit.o)
 .ARM.attributes
                0x00000851       0x1d c:/program files (x86)/atollic/truestudio for arm 6.0.0/armtools/bin/../lib/gcc/arm-atollic-eabi/5.3.1/armv7-m/crtn.o
OUTPUT(vrs_project.elf elf32-littlearm)

.debug_info     0x00000000     0x6ff9
 .debug_info    0x00000000      0x55a Libraries\STM32L1xx_StdPeriph_Driver\src\misc.o
 .debug_info    0x0000055a      0x35b Libraries\STM32L1xx_StdPeriph_Driver\src\stm32l1xx_exti.o
 .debug_info    0x000008b5      0x65f Libraries\STM32L1xx_StdPeriph_Driver\src\stm32l1xx_gpio.o
 .debug_info    0x00000f14      0xa29 Libraries\STM32L1xx_StdPeriph_Driver\src\stm32l1xx_rcc.o
 .debug_info    0x0000193d      0x8f3 Libraries\STM32L1xx_StdPeriph_Driver\src\stm32l1xx_spi.o
 .debug_info    0x00002230      0x43a Libraries\STM32L1xx_StdPeriph_Driver\src\stm32l1xx_syscfg.o
 .debug_info    0x0000266a      0x9ce Libraries\STM32L1xx_StdPeriph_Driver\src\stm32l1xx_usart.o
 .debug_info    0x00003038     0x15bb RFM_22\Rfm22.o
 .debug_info    0x000045f3      0x63e mato_lib\Spi\Spi1.o
 .debug_info    0x00004c31      0x773 mato_lib\Spi\SpiGeneric.o
 .debug_info    0x000053a4      0x37b mato_lib\Temp\basicSetup.o
 .debug_info    0x0000571f      0x7d4 mato_lib\Usart\Usart2.o
 .debug_info    0x00005ef3      0x643 mato_lib\Usart\UsartGeneric.o
 .debug_info    0x00006536      0x3ae src\main.o
 .debug_info    0x000068e4       0x7a src\startup_stm32l1xx_hd.o
 .debug_info    0x0000695e      0x133 src\stm32l1xx_it.o
 .debug_info    0x00006a91      0x568 src\system_stm32l1xx.o

.debug_abbrev   0x00000000     0x1c63
 .debug_abbrev  0x00000000      0x149 Libraries\STM32L1xx_StdPeriph_Driver\src\misc.o
 .debug_abbrev  0x00000149      0x1ab Libraries\STM32L1xx_StdPeriph_Driver\src\stm32l1xx_exti.o
 .debug_abbrev  0x000002f4      0x1a9 Libraries\STM32L1xx_StdPeriph_Driver\src\stm32l1xx_gpio.o
 .debug_abbrev  0x0000049d      0x1e7 Libraries\STM32L1xx_StdPeriph_Driver\src\stm32l1xx_rcc.o
 .debug_abbrev  0x00000684      0x182 Libraries\STM32L1xx_StdPeriph_Driver\src\stm32l1xx_spi.o
 .debug_abbrev  0x00000806      0x17a Libraries\STM32L1xx_StdPeriph_Driver\src\stm32l1xx_syscfg.o
 .debug_abbrev  0x00000980      0x159 Libraries\STM32L1xx_StdPeriph_Driver\src\stm32l1xx_usart.o
 .debug_abbrev  0x00000ad9      0x39b RFM_22\Rfm22.o
 .debug_abbrev  0x00000e74      0x208 mato_lib\Spi\Spi1.o
 .debug_abbrev  0x0000107c      0x265 mato_lib\Spi\SpiGeneric.o
 .debug_abbrev  0x000012e1      0x12e mato_lib\Temp\basicSetup.o
 .debug_abbrev  0x0000140f      0x222 mato_lib\Usart\Usart2.o
 .debug_abbrev  0x00001631      0x29d mato_lib\Usart\UsartGeneric.o
 .debug_abbrev  0x000018ce      0x1d3 src\main.o
 .debug_abbrev  0x00001aa1       0x12 src\startup_stm32l1xx_hd.o
 .debug_abbrev  0x00001ab3       0x67 src\stm32l1xx_it.o
 .debug_abbrev  0x00001b1a      0x149 src\system_stm32l1xx.o

.debug_aranges  0x00000000      0x868
 .debug_aranges
                0x00000000       0x40 Libraries\STM32L1xx_StdPeriph_Driver\src\misc.o
 .debug_aranges
                0x00000040       0x58 Libraries\STM32L1xx_StdPeriph_Driver\src\stm32l1xx_exti.o
 .debug_aranges
                0x00000098       0x88 Libraries\STM32L1xx_StdPeriph_Driver\src\stm32l1xx_gpio.o
 .debug_aranges
                0x00000120      0x148 Libraries\STM32L1xx_StdPeriph_Driver\src\stm32l1xx_rcc.o
 .debug_aranges
                0x00000268       0xd0 Libraries\STM32L1xx_StdPeriph_Driver\src\stm32l1xx_spi.o
 .debug_aranges
                0x00000338       0x80 Libraries\STM32L1xx_StdPeriph_Driver\src\stm32l1xx_syscfg.o
 .debug_aranges
                0x000003b8      0x100 Libraries\STM32L1xx_StdPeriph_Driver\src\stm32l1xx_usart.o
 .debug_aranges
                0x000004b8      0x140 RFM_22\Rfm22.o
 .debug_aranges
                0x000005f8       0x38 mato_lib\Spi\Spi1.o
 .debug_aranges
                0x00000630       0x68 mato_lib\Spi\SpiGeneric.o
 .debug_aranges
                0x00000698       0x28 mato_lib\Temp\basicSetup.o
 .debug_aranges
                0x000006c0       0x38 mato_lib\Usart\Usart2.o
 .debug_aranges
                0x000006f8       0x68 mato_lib\Usart\UsartGeneric.o
 .debug_aranges
                0x00000760       0x50 src\main.o
 .debug_aranges
                0x000007b0       0x28 src\startup_stm32l1xx_hd.o
 .debug_aranges
                0x000007d8       0x60 src\stm32l1xx_it.o
 .debug_aranges
                0x00000838       0x30 src\system_stm32l1xx.o

.debug_ranges   0x00000000      0x760
 .debug_ranges  0x00000000       0x30 Libraries\STM32L1xx_StdPeriph_Driver\src\misc.o
 .debug_ranges  0x00000030       0x48 Libraries\STM32L1xx_StdPeriph_Driver\src\stm32l1xx_exti.o
 .debug_ranges  0x00000078       0x78 Libraries\STM32L1xx_StdPeriph_Driver\src\stm32l1xx_gpio.o
 .debug_ranges  0x000000f0      0x138 Libraries\STM32L1xx_StdPeriph_Driver\src\stm32l1xx_rcc.o
 .debug_ranges  0x00000228       0xc0 Libraries\STM32L1xx_StdPeriph_Driver\src\stm32l1xx_spi.o
 .debug_ranges  0x000002e8       0x70 Libraries\STM32L1xx_StdPeriph_Driver\src\stm32l1xx_syscfg.o
 .debug_ranges  0x00000358       0xf0 Libraries\STM32L1xx_StdPeriph_Driver\src\stm32l1xx_usart.o
 .debug_ranges  0x00000448      0x130 RFM_22\Rfm22.o
 .debug_ranges  0x00000578       0x28 mato_lib\Spi\Spi1.o
 .debug_ranges  0x000005a0       0x58 mato_lib\Spi\SpiGeneric.o
 .debug_ranges  0x000005f8       0x18 mato_lib\Temp\basicSetup.o
 .debug_ranges  0x00000610       0x28 mato_lib\Usart\Usart2.o
 .debug_ranges  0x00000638       0x58 mato_lib\Usart\UsartGeneric.o
 .debug_ranges  0x00000690       0x40 src\main.o
 .debug_ranges  0x000006d0       0x20 src\startup_stm32l1xx_hd.o
 .debug_ranges  0x000006f0       0x50 src\stm32l1xx_it.o
 .debug_ranges  0x00000740       0x20 src\system_stm32l1xx.o

.debug_line     0x00000000     0x3a32
 .debug_line    0x00000000      0x2cf Libraries\STM32L1xx_StdPeriph_Driver\src\misc.o
 .debug_line    0x000002cf      0x332 Libraries\STM32L1xx_StdPeriph_Driver\src\stm32l1xx_exti.o
 .debug_line    0x00000601      0x3ea Libraries\STM32L1xx_StdPeriph_Driver\src\stm32l1xx_gpio.o
 .debug_line    0x000009eb      0x5ae Libraries\STM32L1xx_StdPeriph_Driver\src\stm32l1xx_rcc.o
 .debug_line    0x00000f99      0x4b4 Libraries\STM32L1xx_StdPeriph_Driver\src\stm32l1xx_spi.o
 .debug_line    0x0000144d      0x38d Libraries\STM32L1xx_StdPeriph_Driver\src\stm32l1xx_syscfg.o
 .debug_line    0x000017da      0x53c Libraries\STM32L1xx_StdPeriph_Driver\src\stm32l1xx_usart.o
 .debug_line    0x00001d16      0x61b RFM_22\Rfm22.o
 .debug_line    0x00002331      0x31c mato_lib\Spi\Spi1.o
 .debug_line    0x0000264d      0x350 mato_lib\Spi\SpiGeneric.o
 .debug_line    0x0000299d      0x27f mato_lib\Temp\basicSetup.o
 .debug_line    0x00002c1c      0x326 mato_lib\Usart\Usart2.o
 .debug_line    0x00002f42      0x32e mato_lib\Usart\UsartGeneric.o
 .debug_line    0x00003270      0x2b8 src\main.o
 .debug_line    0x00003528       0x7c src\startup_stm32l1xx_hd.o
 .debug_line    0x000035a4      0x216 src\stm32l1xx_it.o
 .debug_line    0x000037ba      0x278 src\system_stm32l1xx.o

.debug_str      0x00000000     0x2e36
 .debug_str     0x00000000      0x3a6 Libraries\STM32L1xx_StdPeriph_Driver\src\misc.o
                                0x414 (size before relaxing)
 .debug_str     0x000003a6      0x1a1 Libraries\STM32L1xx_StdPeriph_Driver\src\stm32l1xx_exti.o
                                0x39f (size before relaxing)
 .debug_str     0x00000547      0x2c6 Libraries\STM32L1xx_StdPeriph_Driver\src\stm32l1xx_gpio.o
                                0x511 (size before relaxing)
 .debug_str     0x0000080d      0x520 Libraries\STM32L1xx_StdPeriph_Driver\src\stm32l1xx_rcc.o
                                0x755 (size before relaxing)
 .debug_str     0x00000d2d      0x36d Libraries\STM32L1xx_StdPeriph_Driver\src\stm32l1xx_spi.o
                                0x642 (size before relaxing)
 .debug_str     0x0000109a      0x27b Libraries\STM32L1xx_StdPeriph_Driver\src\stm32l1xx_syscfg.o
                                0x45f (size before relaxing)
 .debug_str     0x00001315      0x403 Libraries\STM32L1xx_StdPeriph_Driver\src\stm32l1xx_usart.o
                                0x6d5 (size before relaxing)
 .debug_str     0x00001718      0xe66 RFM_22\Rfm22.o
                               0x1370 (size before relaxing)
 .debug_str     0x0000257e       0xc5 mato_lib\Spi\Spi1.o
                                0x605 (size before relaxing)
 .debug_str     0x00002643      0x211 mato_lib\Spi\SpiGeneric.o
                                0x509 (size before relaxing)
 .debug_str     0x00002854       0x6d mato_lib\Temp\basicSetup.o
                                0x4b7 (size before relaxing)
 .debug_str     0x000028c1       0xdf mato_lib\Usart\Usart2.o
                                0x9e1 (size before relaxing)
 .debug_str     0x000029a0      0x268 mato_lib\Usart\UsartGeneric.o
                                0x50d (size before relaxing)
 .debug_str     0x00002c08       0xda src\main.o
                                0x37e (size before relaxing)
 .debug_str     0x00002ce2       0xa6 src\stm32l1xx_it.o
                                0x221 (size before relaxing)
 .debug_str     0x00002d88       0xae src\system_stm32l1xx.o
                                0x380 (size before relaxing)

.comment        0x00000000       0x7e
 .comment       0x00000000       0x7e Libraries\STM32L1xx_StdPeriph_Driver\src\misc.o
                                 0x7f (size before relaxing)
 .comment       0x0000007e       0x7f Libraries\STM32L1xx_StdPeriph_Driver\src\stm32l1xx_exti.o
 .comment       0x0000007e       0x7f Libraries\STM32L1xx_StdPeriph_Driver\src\stm32l1xx_gpio.o
 .comment       0x0000007e       0x7f Libraries\STM32L1xx_StdPeriph_Driver\src\stm32l1xx_rcc.o
 .comment       0x0000007e       0x7f Libraries\STM32L1xx_StdPeriph_Driver\src\stm32l1xx_spi.o
 .comment       0x0000007e       0x7f Libraries\STM32L1xx_StdPeriph_Driver\src\stm32l1xx_syscfg.o
 .comment       0x0000007e       0x7f Libraries\STM32L1xx_StdPeriph_Driver\src\stm32l1xx_usart.o
 .comment       0x0000007e       0x7f RFM_22\Rfm22.o
 .comment       0x0000007e       0x7f mato_lib\Spi\Spi1.o
 .comment       0x0000007e       0x7f mato_lib\Spi\SpiGeneric.o
 .comment       0x0000007e       0x7f mato_lib\Temp\basicSetup.o
 .comment       0x0000007e       0x7f mato_lib\Usart\Usart2.o
 .comment       0x0000007e       0x7f mato_lib\Usart\UsartGeneric.o
 .comment       0x0000007e       0x7f src\main.o
 .comment       0x0000007e       0x7f src\stm32l1xx_it.o
 .comment       0x0000007e       0x7f src\system_stm32l1xx.o

.debug_frame    0x00000000     0x2570
 .debug_frame   0x00000000       0xd8 Libraries\STM32L1xx_StdPeriph_Driver\src\misc.o
 .debug_frame   0x000000d8      0x148 Libraries\STM32L1xx_StdPeriph_Driver\src\stm32l1xx_exti.o
 .debug_frame   0x00000220      0x23c Libraries\STM32L1xx_StdPeriph_Driver\src\stm32l1xx_gpio.o
 .debug_frame   0x0000045c      0x5e4 Libraries\STM32L1xx_StdPeriph_Driver\src\stm32l1xx_rcc.o
 .debug_frame   0x00000a40      0x3a0 Libraries\STM32L1xx_StdPeriph_Driver\src\stm32l1xx_spi.o
 .debug_frame   0x00000de0      0x1fc Libraries\STM32L1xx_StdPeriph_Driver\src\stm32l1xx_syscfg.o
 .debug_frame   0x00000fdc      0x490 Libraries\STM32L1xx_StdPeriph_Driver\src\stm32l1xx_usart.o
 .debug_frame   0x0000146c      0x55c RFM_22\Rfm22.o
 .debug_frame   0x000019c8       0xa0 mato_lib\Spi\Spi1.o
 .debug_frame   0x00001a68      0x184 mato_lib\Spi\SpiGeneric.o
 .debug_frame   0x00001bec       0x50 mato_lib\Temp\basicSetup.o
 .debug_frame   0x00001c3c       0xa0 mato_lib\Usart\Usart2.o
 .debug_frame   0x00001cdc      0x190 mato_lib\Usart\UsartGeneric.o
 .debug_frame   0x00001e6c       0xe8 src\main.o
 .debug_frame   0x00001f54      0x110 src\stm32l1xx_it.o
 .debug_frame   0x00002064       0x7c src\system_stm32l1xx.o
 .debug_frame   0x000020e0       0x40 c:/program files (x86)/atollic/truestudio for arm 6.0.0/armtools/bin/../lib/gcc/arm-atollic-eabi/5.3.1/../../../../arm-atollic-eabi/lib/armv7-m\libstdc++_nano.a(pure.o)
 .debug_frame   0x00002120       0xb0 c:/program files (x86)/atollic/truestudio for arm 6.0.0/armtools/bin/../lib/gcc/arm-atollic-eabi/5.3.1/../../../../arm-atollic-eabi/lib/armv7-m\libstdc++_nano.a(eh_terminate.o)
 .debug_frame   0x000021d0       0x20 c:/program files (x86)/atollic/truestudio for arm 6.0.0/armtools/bin/../lib/gcc/arm-atollic-eabi/5.3.1/../../../../arm-atollic-eabi/lib/armv7-m\libstdc++_nano.a(atexit_arm.o)
 .debug_frame   0x000021f0       0x20 c:/program files (x86)/atollic/truestudio for arm 6.0.0/armtools/bin/../lib/gcc/arm-atollic-eabi/5.3.1/../../../../arm-atollic-eabi/lib/armv7-m\libstdc++_nano.a(del_op.o)
 .debug_frame   0x00002210       0x34 c:/program files (x86)/atollic/truestudio for arm 6.0.0/armtools/bin/../lib/gcc/arm-atollic-eabi/5.3.1/../../../../arm-atollic-eabi/lib/armv7-m\libm.a(lib_a-s_floor.o)
 .debug_frame   0x00002244       0x28 c:/program files (x86)/atollic/truestudio for arm 6.0.0/armtools/bin/../lib/gcc/arm-atollic-eabi/5.3.1/../../../../arm-atollic-eabi/lib/armv7-m\libc_nano.a(lib_a-abort.o)
 .debug_frame   0x0000226c       0x28 c:/program files (x86)/atollic/truestudio for arm 6.0.0/armtools/bin/../lib/gcc/arm-atollic-eabi/5.3.1/../../../../arm-atollic-eabi/lib/armv7-m\libc_nano.a(lib_a-cxa_atexit.o)
 .debug_frame   0x00002294       0x2c c:/program files (x86)/atollic/truestudio for arm 6.0.0/armtools/bin/../lib/gcc/arm-atollic-eabi/5.3.1/../../../../arm-atollic-eabi/lib/armv7-m\libc_nano.a(lib_a-init.o)
 .debug_frame   0x000022c0       0x30 c:/program files (x86)/atollic/truestudio for arm 6.0.0/armtools/bin/../lib/gcc/arm-atollic-eabi/5.3.1/../../../../arm-atollic-eabi/lib/armv7-m\libc_nano.a(lib_a-malloc.o)
 .debug_frame   0x000022f0       0x28 c:/program files (x86)/atollic/truestudio for arm 6.0.0/armtools/bin/../lib/gcc/arm-atollic-eabi/5.3.1/../../../../arm-atollic-eabi/lib/armv7-m\libc_nano.a(lib_a-memcpy-stub.o)
 .debug_frame   0x00002318       0x38 c:/program files (x86)/atollic/truestudio for arm 6.0.0/armtools/bin/../lib/gcc/arm-atollic-eabi/5.3.1/../../../../arm-atollic-eabi/lib/armv7-m\libc_nano.a(lib_a-nano-freer.o)
 .debug_frame   0x00002350       0x2c c:/program files (x86)/atollic/truestudio for arm 6.0.0/armtools/bin/../lib/gcc/arm-atollic-eabi/5.3.1/../../../../arm-atollic-eabi/lib/armv7-m\libc_nano.a(lib_a-nano-mallocr.o)
 .debug_frame   0x0000237c       0xcc c:/program files (x86)/atollic/truestudio for arm 6.0.0/armtools/bin/../lib/gcc/arm-atollic-eabi/5.3.1/../../../../arm-atollic-eabi/lib/armv7-m\libc_nano.a(lib_a-signal.o)
 .debug_frame   0x00002448       0x3c c:/program files (x86)/atollic/truestudio for arm 6.0.0/armtools/bin/../lib/gcc/arm-atollic-eabi/5.3.1/../../../../arm-atollic-eabi/lib/armv7-m\libc_nano.a(lib_a-signalr.o)
 .debug_frame   0x00002484       0x30 c:/program files (x86)/atollic/truestudio for arm 6.0.0/armtools/bin/../lib/gcc/arm-atollic-eabi/5.3.1/../../../../arm-atollic-eabi/lib/armv7-m\libc_nano.a(lib_a-mlock.o)
 .debug_frame   0x000024b4       0x5c c:/program files (x86)/atollic/truestudio for arm 6.0.0/armtools/bin/../lib/gcc/arm-atollic-eabi/5.3.1/../../../../arm-atollic-eabi/lib/armv7-m\libc_nano.a(lib_a-reent.o)
 .debug_frame   0x00002510       0x20 c:/program files (x86)/atollic/truestudio for arm 6.0.0/armtools/bin/../lib/gcc/arm-atollic-eabi/5.3.1/../../../../arm-atollic-eabi/lib/armv7-m\libnosys.a(getpid.o)
 .debug_frame   0x00002530       0x20 c:/program files (x86)/atollic/truestudio for arm 6.0.0/armtools/bin/../lib/gcc/arm-atollic-eabi/5.3.1/../../../../arm-atollic-eabi/lib/armv7-m\libnosys.a(kill.o)
 .debug_frame   0x00002550       0x20 c:/program files (x86)/atollic/truestudio for arm 6.0.0/armtools/bin/../lib/gcc/arm-atollic-eabi/5.3.1/../../../../arm-atollic-eabi/lib/armv7-m\libnosys.a(_exit.o)

.stab           0x00000000       0x3c
 .stab          0x00000000       0x24 c:/program files (x86)/atollic/truestudio for arm 6.0.0/armtools/bin/../lib/gcc/arm-atollic-eabi/5.3.1/../../../../arm-atollic-eabi/lib/armv7-m\libnosys.a(getpid.o)
 .stab          0x00000024       0x18 c:/program files (x86)/atollic/truestudio for arm 6.0.0/armtools/bin/../lib/gcc/arm-atollic-eabi/5.3.1/../../../../arm-atollic-eabi/lib/armv7-m\libnosys.a(kill.o)
                                 0x24 (size before relaxing)

.stabstr        0x00000000       0xac
 .stabstr       0x00000000       0xac c:/program files (x86)/atollic/truestudio for arm 6.0.0/armtools/bin/../lib/gcc/arm-atollic-eabi/5.3.1/../../../../arm-atollic-eabi/lib/armv7-m\libnosys.a(getpid.o)

Cross Reference Table

Symbol                                            File
ADC1_IRQHandler                                   src\startup_stm32l1xx_hd.o
ADC_AnalogWatchdogCmd                             Libraries\STM32L1xx_StdPeriph_Driver\src\stm32l1xx_adc.o
ADC_AnalogWatchdogSingleChannelConfig             Libraries\STM32L1xx_StdPeriph_Driver\src\stm32l1xx_adc.o
ADC_AnalogWatchdogThresholdsConfig                Libraries\STM32L1xx_StdPeriph_Driver\src\stm32l1xx_adc.o
ADC_AutoInjectedConvCmd                           Libraries\STM32L1xx_StdPeriph_Driver\src\stm32l1xx_adc.o
ADC_BankSelection                                 Libraries\STM32L1xx_StdPeriph_Driver\src\stm32l1xx_adc.o
ADC_ClearFlag                                     Libraries\STM32L1xx_StdPeriph_Driver\src\stm32l1xx_adc.o
ADC_ClearITPendingBit                             Libraries\STM32L1xx_StdPeriph_Driver\src\stm32l1xx_adc.o
ADC_Cmd                                           Libraries\STM32L1xx_StdPeriph_Driver\src\stm32l1xx_adc.o
ADC_CommonInit                                    Libraries\STM32L1xx_StdPeriph_Driver\src\stm32l1xx_adc.o
ADC_CommonStructInit                              Libraries\STM32L1xx_StdPeriph_Driver\src\stm32l1xx_adc.o
ADC_ContinuousModeCmd                             Libraries\STM32L1xx_StdPeriph_Driver\src\stm32l1xx_adc.o
ADC_DMACmd                                        Libraries\STM32L1xx_StdPeriph_Driver\src\stm32l1xx_adc.o
ADC_DMARequestAfterLastTransferCmd                Libraries\STM32L1xx_StdPeriph_Driver\src\stm32l1xx_adc.o
ADC_DeInit                                        Libraries\STM32L1xx_StdPeriph_Driver\src\stm32l1xx_adc.o
ADC_DelaySelectionConfig                          Libraries\STM32L1xx_StdPeriph_Driver\src\stm32l1xx_adc.o
ADC_DiscModeChannelCountConfig                    Libraries\STM32L1xx_StdPeriph_Driver\src\stm32l1xx_adc.o
ADC_DiscModeCmd                                   Libraries\STM32L1xx_StdPeriph_Driver\src\stm32l1xx_adc.o
ADC_EOCOnEachRegularChannelCmd                    Libraries\STM32L1xx_StdPeriph_Driver\src\stm32l1xx_adc.o
ADC_ExternalTrigInjectedConvConfig                Libraries\STM32L1xx_StdPeriph_Driver\src\stm32l1xx_adc.o
ADC_ExternalTrigInjectedConvEdgeConfig            Libraries\STM32L1xx_StdPeriph_Driver\src\stm32l1xx_adc.o
ADC_GetConversionValue                            Libraries\STM32L1xx_StdPeriph_Driver\src\stm32l1xx_adc.o
ADC_GetFlagStatus                                 Libraries\STM32L1xx_StdPeriph_Driver\src\stm32l1xx_adc.o
ADC_GetITStatus                                   Libraries\STM32L1xx_StdPeriph_Driver\src\stm32l1xx_adc.o
ADC_GetInjectedConversionValue                    Libraries\STM32L1xx_StdPeriph_Driver\src\stm32l1xx_adc.o
ADC_GetSoftwareStartConvStatus                    Libraries\STM32L1xx_StdPeriph_Driver\src\stm32l1xx_adc.o
ADC_GetSoftwareStartInjectedConvCmdStatus         Libraries\STM32L1xx_StdPeriph_Driver\src\stm32l1xx_adc.o
ADC_ITConfig                                      Libraries\STM32L1xx_StdPeriph_Driver\src\stm32l1xx_adc.o
ADC_Init                                          Libraries\STM32L1xx_StdPeriph_Driver\src\stm32l1xx_adc.o
ADC_InjectedChannelConfig                         Libraries\STM32L1xx_StdPeriph_Driver\src\stm32l1xx_adc.o
ADC_InjectedDiscModeCmd                           Libraries\STM32L1xx_StdPeriph_Driver\src\stm32l1xx_adc.o
ADC_InjectedSequencerLengthConfig                 Libraries\STM32L1xx_StdPeriph_Driver\src\stm32l1xx_adc.o
ADC_PowerDownCmd                                  Libraries\STM32L1xx_StdPeriph_Driver\src\stm32l1xx_adc.o
ADC_RegularChannelConfig                          Libraries\STM32L1xx_StdPeriph_Driver\src\stm32l1xx_adc.o
ADC_SetInjectedOffset                             Libraries\STM32L1xx_StdPeriph_Driver\src\stm32l1xx_adc.o
ADC_SoftwareStartConv                             Libraries\STM32L1xx_StdPeriph_Driver\src\stm32l1xx_adc.o
ADC_SoftwareStartInjectedConv                     Libraries\STM32L1xx_StdPeriph_Driver\src\stm32l1xx_adc.o
ADC_StructInit                                    Libraries\STM32L1xx_StdPeriph_Driver\src\stm32l1xx_adc.o
ADC_TempSensorVrefintCmd                          Libraries\STM32L1xx_StdPeriph_Driver\src\stm32l1xx_adc.o
AES_CBC_Decrypt                                   Libraries\STM32L1xx_StdPeriph_Driver\src\stm32l1xx_aes_util.o
AES_CBC_Encrypt                                   Libraries\STM32L1xx_StdPeriph_Driver\src\stm32l1xx_aes_util.o
AES_CTR_Decrypt                                   Libraries\STM32L1xx_StdPeriph_Driver\src\stm32l1xx_aes_util.o
AES_CTR_Encrypt                                   Libraries\STM32L1xx_StdPeriph_Driver\src\stm32l1xx_aes_util.o
AES_ClearFlag                                     Libraries\STM32L1xx_StdPeriph_Driver\src\stm32l1xx_aes.o
                                                  Libraries\STM32L1xx_StdPeriph_Driver\src\stm32l1xx_aes_util.o
AES_ClearITPendingBit                             Libraries\STM32L1xx_StdPeriph_Driver\src\stm32l1xx_aes.o
AES_Cmd                                           Libraries\STM32L1xx_StdPeriph_Driver\src\stm32l1xx_aes.o
                                                  Libraries\STM32L1xx_StdPeriph_Driver\src\stm32l1xx_aes_util.o
AES_DMAConfig                                     Libraries\STM32L1xx_StdPeriph_Driver\src\stm32l1xx_aes.o
AES_DeInit                                        Libraries\STM32L1xx_StdPeriph_Driver\src\stm32l1xx_aes.o
AES_ECB_Decrypt                                   Libraries\STM32L1xx_StdPeriph_Driver\src\stm32l1xx_aes_util.o
AES_ECB_Encrypt                                   Libraries\STM32L1xx_StdPeriph_Driver\src\stm32l1xx_aes_util.o
AES_GetFlagStatus                                 Libraries\STM32L1xx_StdPeriph_Driver\src\stm32l1xx_aes.o
                                                  Libraries\STM32L1xx_StdPeriph_Driver\src\stm32l1xx_aes_util.o
AES_GetITStatus                                   Libraries\STM32L1xx_StdPeriph_Driver\src\stm32l1xx_aes.o
AES_IRQHandler                                    src\startup_stm32l1xx_hd.o
AES_ITConfig                                      Libraries\STM32L1xx_StdPeriph_Driver\src\stm32l1xx_aes.o
AES_IVInit                                        Libraries\STM32L1xx_StdPeriph_Driver\src\stm32l1xx_aes.o
                                                  Libraries\STM32L1xx_StdPeriph_Driver\src\stm32l1xx_aes_util.o
AES_IVStructInit                                  Libraries\STM32L1xx_StdPeriph_Driver\src\stm32l1xx_aes.o
AES_Init                                          Libraries\STM32L1xx_StdPeriph_Driver\src\stm32l1xx_aes.o
                                                  Libraries\STM32L1xx_StdPeriph_Driver\src\stm32l1xx_aes_util.o
AES_KeyInit                                       Libraries\STM32L1xx_StdPeriph_Driver\src\stm32l1xx_aes.o
                                                  Libraries\STM32L1xx_StdPeriph_Driver\src\stm32l1xx_aes_util.o
AES_KeyStructInit                                 Libraries\STM32L1xx_StdPeriph_Driver\src\stm32l1xx_aes.o
AES_ReadIV                                        Libraries\STM32L1xx_StdPeriph_Driver\src\stm32l1xx_aes.o
AES_ReadKey                                       Libraries\STM32L1xx_StdPeriph_Driver\src\stm32l1xx_aes.o
AES_ReadSubData                                   Libraries\STM32L1xx_StdPeriph_Driver\src\stm32l1xx_aes.o
                                                  Libraries\STM32L1xx_StdPeriph_Driver\src\stm32l1xx_aes_util.o
AES_StructInit                                    Libraries\STM32L1xx_StdPeriph_Driver\src\stm32l1xx_aes.o
AES_WriteSubData                                  Libraries\STM32L1xx_StdPeriph_Driver\src\stm32l1xx_aes.o
                                                  Libraries\STM32L1xx_StdPeriph_Driver\src\stm32l1xx_aes_util.o
AHBPrescTable                                     src\system_stm32l1xx.o
BusFault_Handler                                  src\stm32l1xx_it.o
                                                  src\startup_stm32l1xx_hd.o
COMP_ACQ_IRQHandler                               src\startup_stm32l1xx_hd.o
COMP_Cmd                                          Libraries\STM32L1xx_StdPeriph_Driver\src\stm32l1xx_comp.o
COMP_DeInit                                       Libraries\STM32L1xx_StdPeriph_Driver\src\stm32l1xx_comp.o
COMP_GetOutputLevel                               Libraries\STM32L1xx_StdPeriph_Driver\src\stm32l1xx_comp.o
COMP_IRQHandler                                   src\startup_stm32l1xx_hd.o
COMP_Init                                         Libraries\STM32L1xx_StdPeriph_Driver\src\stm32l1xx_comp.o
COMP_SW1SwitchConfig                              Libraries\STM32L1xx_StdPeriph_Driver\src\stm32l1xx_comp.o
COMP_VrefintOutputCmd                             Libraries\STM32L1xx_StdPeriph_Driver\src\stm32l1xx_comp.o
COMP_WindowCmd                                    Libraries\STM32L1xx_StdPeriph_Driver\src\stm32l1xx_comp.o
CRC_CalcBlockCRC                                  Libraries\STM32L1xx_StdPeriph_Driver\src\stm32l1xx_crc.o
CRC_CalcCRC                                       Libraries\STM32L1xx_StdPeriph_Driver\src\stm32l1xx_crc.o
CRC_GetCRC                                        Libraries\STM32L1xx_StdPeriph_Driver\src\stm32l1xx_crc.o
CRC_GetIDRegister                                 Libraries\STM32L1xx_StdPeriph_Driver\src\stm32l1xx_crc.o
CRC_ResetDR                                       Libraries\STM32L1xx_StdPeriph_Driver\src\stm32l1xx_crc.o
CRC_SetIDRegister                                 Libraries\STM32L1xx_StdPeriph_Driver\src\stm32l1xx_crc.o
DAC_ClearFlag                                     Libraries\STM32L1xx_StdPeriph_Driver\src\stm32l1xx_dac.o
DAC_ClearITPendingBit                             Libraries\STM32L1xx_StdPeriph_Driver\src\stm32l1xx_dac.o
DAC_Cmd                                           Libraries\STM32L1xx_StdPeriph_Driver\src\stm32l1xx_dac.o
DAC_DMACmd                                        Libraries\STM32L1xx_StdPeriph_Driver\src\stm32l1xx_dac.o
DAC_DeInit                                        Libraries\STM32L1xx_StdPeriph_Driver\src\stm32l1xx_dac.o
DAC_DualSoftwareTriggerCmd                        Libraries\STM32L1xx_StdPeriph_Driver\src\stm32l1xx_dac.o
DAC_GetDataOutputValue                            Libraries\STM32L1xx_StdPeriph_Driver\src\stm32l1xx_dac.o
DAC_GetFlagStatus                                 Libraries\STM32L1xx_StdPeriph_Driver\src\stm32l1xx_dac.o
DAC_GetITStatus                                   Libraries\STM32L1xx_StdPeriph_Driver\src\stm32l1xx_dac.o
DAC_IRQHandler                                    src\startup_stm32l1xx_hd.o
DAC_ITConfig                                      Libraries\STM32L1xx_StdPeriph_Driver\src\stm32l1xx_dac.o
DAC_Init                                          Libraries\STM32L1xx_StdPeriph_Driver\src\stm32l1xx_dac.o
DAC_SetChannel1Data                               Libraries\STM32L1xx_StdPeriph_Driver\src\stm32l1xx_dac.o
DAC_SetChannel2Data                               Libraries\STM32L1xx_StdPeriph_Driver\src\stm32l1xx_dac.o
DAC_SetDualChannelData                            Libraries\STM32L1xx_StdPeriph_Driver\src\stm32l1xx_dac.o
DAC_SoftwareTriggerCmd                            Libraries\STM32L1xx_StdPeriph_Driver\src\stm32l1xx_dac.o
DAC_StructInit                                    Libraries\STM32L1xx_StdPeriph_Driver\src\stm32l1xx_dac.o
DAC_WaveGenerationCmd                             Libraries\STM32L1xx_StdPeriph_Driver\src\stm32l1xx_dac.o
DATA_EEPROM_EraseByte                             Libraries\STM32L1xx_StdPeriph_Driver\src\stm32l1xx_flash.o
DATA_EEPROM_EraseDoubleWord                       Libraries\STM32L1xx_StdPeriph_Driver\src\stm32l1xx_flash_ramfunc.o
DATA_EEPROM_EraseHalfWord                         Libraries\STM32L1xx_StdPeriph_Driver\src\stm32l1xx_flash.o
DATA_EEPROM_EraseWord                             Libraries\STM32L1xx_StdPeriph_Driver\src\stm32l1xx_flash.o
DATA_EEPROM_FastProgramByte                       Libraries\STM32L1xx_StdPeriph_Driver\src\stm32l1xx_flash.o
DATA_EEPROM_FastProgramHalfWord                   Libraries\STM32L1xx_StdPeriph_Driver\src\stm32l1xx_flash.o
DATA_EEPROM_FastProgramWord                       Libraries\STM32L1xx_StdPeriph_Driver\src\stm32l1xx_flash.o
DATA_EEPROM_FixedTimeProgramCmd                   Libraries\STM32L1xx_StdPeriph_Driver\src\stm32l1xx_flash.o
DATA_EEPROM_Lock                                  Libraries\STM32L1xx_StdPeriph_Driver\src\stm32l1xx_flash.o
DATA_EEPROM_ProgramByte                           Libraries\STM32L1xx_StdPeriph_Driver\src\stm32l1xx_flash.o
DATA_EEPROM_ProgramDoubleWord                     Libraries\STM32L1xx_StdPeriph_Driver\src\stm32l1xx_flash_ramfunc.o
DATA_EEPROM_ProgramHalfWord                       Libraries\STM32L1xx_StdPeriph_Driver\src\stm32l1xx_flash.o
DATA_EEPROM_ProgramWord                           Libraries\STM32L1xx_StdPeriph_Driver\src\stm32l1xx_flash.o
DATA_EEPROM_Unlock                                Libraries\STM32L1xx_StdPeriph_Driver\src\stm32l1xx_flash.o
DBGMCU_APB1PeriphConfig                           Libraries\STM32L1xx_StdPeriph_Driver\src\stm32l1xx_dbgmcu.o
DBGMCU_APB2PeriphConfig                           Libraries\STM32L1xx_StdPeriph_Driver\src\stm32l1xx_dbgmcu.o
DBGMCU_Config                                     Libraries\STM32L1xx_StdPeriph_Driver\src\stm32l1xx_dbgmcu.o
DBGMCU_GetDEVID                                   Libraries\STM32L1xx_StdPeriph_Driver\src\stm32l1xx_dbgmcu.o
DBGMCU_GetREVID                                   Libraries\STM32L1xx_StdPeriph_Driver\src\stm32l1xx_dbgmcu.o
DMA1_Channel1_IRQHandler                          src\startup_stm32l1xx_hd.o
DMA1_Channel2_IRQHandler                          src\startup_stm32l1xx_hd.o
DMA1_Channel3_IRQHandler                          src\startup_stm32l1xx_hd.o
DMA1_Channel4_IRQHandler                          src\startup_stm32l1xx_hd.o
DMA1_Channel5_IRQHandler                          src\startup_stm32l1xx_hd.o
DMA1_Channel6_IRQHandler                          src\startup_stm32l1xx_hd.o
DMA1_Channel7_IRQHandler                          src\startup_stm32l1xx_hd.o
DMA2_Channel1_IRQHandler                          src\startup_stm32l1xx_hd.o
DMA2_Channel2_IRQHandler                          src\startup_stm32l1xx_hd.o
DMA2_Channel3_IRQHandler                          src\startup_stm32l1xx_hd.o
DMA2_Channel4_IRQHandler                          src\startup_stm32l1xx_hd.o
DMA2_Channel5_IRQHandler                          src\startup_stm32l1xx_hd.o
DMA_ClearFlag                                     Libraries\STM32L1xx_StdPeriph_Driver\src\stm32l1xx_dma.o
DMA_ClearITPendingBit                             Libraries\STM32L1xx_StdPeriph_Driver\src\stm32l1xx_dma.o
DMA_Cmd                                           Libraries\STM32L1xx_StdPeriph_Driver\src\stm32l1xx_dma.o
DMA_DeInit                                        Libraries\STM32L1xx_StdPeriph_Driver\src\stm32l1xx_dma.o
DMA_GetCurrDataCounter                            Libraries\STM32L1xx_StdPeriph_Driver\src\stm32l1xx_dma.o
DMA_GetFlagStatus                                 Libraries\STM32L1xx_StdPeriph_Driver\src\stm32l1xx_dma.o
DMA_GetITStatus                                   Libraries\STM32L1xx_StdPeriph_Driver\src\stm32l1xx_dma.o
DMA_ITConfig                                      Libraries\STM32L1xx_StdPeriph_Driver\src\stm32l1xx_dma.o
DMA_Init                                          Libraries\STM32L1xx_StdPeriph_Driver\src\stm32l1xx_dma.o
DMA_SetCurrDataCounter                            Libraries\STM32L1xx_StdPeriph_Driver\src\stm32l1xx_dma.o
DMA_StructInit                                    Libraries\STM32L1xx_StdPeriph_Driver\src\stm32l1xx_dma.o
DebugMon_Handler                                  src\stm32l1xx_it.o
                                                  src\startup_stm32l1xx_hd.o
Default_Handler                                   src\startup_stm32l1xx_hd.o
EXTI0_IRQHandler                                  src\startup_stm32l1xx_hd.o
EXTI15_10_IRQHandler                              src\main.o
EXTI1_IRQHandler                                  src\startup_stm32l1xx_hd.o
EXTI2_IRQHandler                                  src\startup_stm32l1xx_hd.o
EXTI3_IRQHandler                                  src\startup_stm32l1xx_hd.o
EXTI4_IRQHandler                                  src\startup_stm32l1xx_hd.o
EXTI9_5_IRQHandler                                src\startup_stm32l1xx_hd.o
EXTI_ClearFlag                                    Libraries\STM32L1xx_StdPeriph_Driver\src\stm32l1xx_exti.o
EXTI_ClearITPendingBit                            Libraries\STM32L1xx_StdPeriph_Driver\src\stm32l1xx_exti.o
                                                  src\main.o
                                                  RFM_22\Rfm22.o
EXTI_DeInit                                       Libraries\STM32L1xx_StdPeriph_Driver\src\stm32l1xx_exti.o
EXTI_GenerateSWInterrupt                          Libraries\STM32L1xx_StdPeriph_Driver\src\stm32l1xx_exti.o
EXTI_GetFlagStatus                                Libraries\STM32L1xx_StdPeriph_Driver\src\stm32l1xx_exti.o
EXTI_GetITStatus                                  Libraries\STM32L1xx_StdPeriph_Driver\src\stm32l1xx_exti.o
                                                  src\main.o
EXTI_Init                                         Libraries\STM32L1xx_StdPeriph_Driver\src\stm32l1xx_exti.o
                                                  RFM_22\Rfm22.o
EXTI_StructInit                                   Libraries\STM32L1xx_StdPeriph_Driver\src\stm32l1xx_exti.o
FLASH_ClearFlag                                   Libraries\STM32L1xx_StdPeriph_Driver\src\stm32l1xx_flash.o
FLASH_ErasePage                                   Libraries\STM32L1xx_StdPeriph_Driver\src\stm32l1xx_flash.o
FLASH_EraseParallelPage                           Libraries\STM32L1xx_StdPeriph_Driver\src\stm32l1xx_flash_ramfunc.o
FLASH_FastProgramWord                             Libraries\STM32L1xx_StdPeriph_Driver\src\stm32l1xx_flash.o
FLASH_GetFlagStatus                               Libraries\STM32L1xx_StdPeriph_Driver\src\stm32l1xx_flash.o
FLASH_GetStatus                                   Libraries\STM32L1xx_StdPeriph_Driver\src\stm32l1xx_flash.o
FLASH_IRQHandler                                  src\startup_stm32l1xx_hd.o
FLASH_ITConfig                                    Libraries\STM32L1xx_StdPeriph_Driver\src\stm32l1xx_flash.o
FLASH_Lock                                        Libraries\STM32L1xx_StdPeriph_Driver\src\stm32l1xx_flash.o
FLASH_OB_BORConfig                                Libraries\STM32L1xx_StdPeriph_Driver\src\stm32l1xx_flash.o
FLASH_OB_BootConfig                               Libraries\STM32L1xx_StdPeriph_Driver\src\stm32l1xx_flash.o
FLASH_OB_GetBOR                                   Libraries\STM32L1xx_StdPeriph_Driver\src\stm32l1xx_flash.o
FLASH_OB_GetRDP                                   Libraries\STM32L1xx_StdPeriph_Driver\src\stm32l1xx_flash.o
FLASH_OB_GetUser                                  Libraries\STM32L1xx_StdPeriph_Driver\src\stm32l1xx_flash.o
FLASH_OB_GetWRP                                   Libraries\STM32L1xx_StdPeriph_Driver\src\stm32l1xx_flash.o
FLASH_OB_GetWRP1                                  Libraries\STM32L1xx_StdPeriph_Driver\src\stm32l1xx_flash.o
FLASH_OB_GetWRP2                                  Libraries\STM32L1xx_StdPeriph_Driver\src\stm32l1xx_flash.o
FLASH_OB_Launch                                   Libraries\STM32L1xx_StdPeriph_Driver\src\stm32l1xx_flash.o
FLASH_OB_Lock                                     Libraries\STM32L1xx_StdPeriph_Driver\src\stm32l1xx_flash.o
FLASH_OB_RDPConfig                                Libraries\STM32L1xx_StdPeriph_Driver\src\stm32l1xx_flash.o
FLASH_OB_Unlock                                   Libraries\STM32L1xx_StdPeriph_Driver\src\stm32l1xx_flash.o
FLASH_OB_UserConfig                               Libraries\STM32L1xx_StdPeriph_Driver\src\stm32l1xx_flash.o
FLASH_OB_WRP1Config                               Libraries\STM32L1xx_StdPeriph_Driver\src\stm32l1xx_flash.o
FLASH_OB_WRP2Config                               Libraries\STM32L1xx_StdPeriph_Driver\src\stm32l1xx_flash.o
FLASH_OB_WRPConfig                                Libraries\STM32L1xx_StdPeriph_Driver\src\stm32l1xx_flash.o
FLASH_PrefetchBufferCmd                           Libraries\STM32L1xx_StdPeriph_Driver\src\stm32l1xx_flash.o
FLASH_ProgramHalfPage                             Libraries\STM32L1xx_StdPeriph_Driver\src\stm32l1xx_flash_ramfunc.o
FLASH_ProgramParallelHalfPage                     Libraries\STM32L1xx_StdPeriph_Driver\src\stm32l1xx_flash_ramfunc.o
FLASH_RUNPowerDownCmd                             Libraries\STM32L1xx_StdPeriph_Driver\src\stm32l1xx_flash_ramfunc.o
FLASH_ReadAccess64Cmd                             Libraries\STM32L1xx_StdPeriph_Driver\src\stm32l1xx_flash.o
FLASH_SLEEPPowerDownCmd                           Libraries\STM32L1xx_StdPeriph_Driver\src\stm32l1xx_flash.o
FLASH_SetLatency                                  Libraries\STM32L1xx_StdPeriph_Driver\src\stm32l1xx_flash.o
FLASH_Unlock                                      Libraries\STM32L1xx_StdPeriph_Driver\src\stm32l1xx_flash.o
FLASH_WaitForLastOperation                        Libraries\STM32L1xx_StdPeriph_Driver\src\stm32l1xx_flash.o
FSMC_NORSRAMCmd                                   Libraries\STM32L1xx_StdPeriph_Driver\src\stm32l1xx_fsmc.o
FSMC_NORSRAMDeInit                                Libraries\STM32L1xx_StdPeriph_Driver\src\stm32l1xx_fsmc.o
FSMC_NORSRAMInit                                  Libraries\STM32L1xx_StdPeriph_Driver\src\stm32l1xx_fsmc.o
FSMC_NORSRAMStructInit                            Libraries\STM32L1xx_StdPeriph_Driver\src\stm32l1xx_fsmc.o
GPIO_DeInit                                       Libraries\STM32L1xx_StdPeriph_Driver\src\stm32l1xx_gpio.o
GPIO_Init                                         Libraries\STM32L1xx_StdPeriph_Driver\src\stm32l1xx_gpio.o
                                                  src\pwm.o
                                                  mato_lib\Usart\Usart2.o
                                                  mato_lib\Temp\basicSetup.o
                                                  mato_lib\Spi\Spi1.o
                                                  RFM_22\Rfm22.o
GPIO_PinAFConfig                                  Libraries\STM32L1xx_StdPeriph_Driver\src\stm32l1xx_gpio.o
                                                  src\pwm.o
                                                  mato_lib\Usart\Usart2.o
                                                  mato_lib\Spi\Spi1.o
GPIO_PinLockConfig                                Libraries\STM32L1xx_StdPeriph_Driver\src\stm32l1xx_gpio.o
GPIO_ReadInputData                                Libraries\STM32L1xx_StdPeriph_Driver\src\stm32l1xx_gpio.o
GPIO_ReadInputDataBit                             Libraries\STM32L1xx_StdPeriph_Driver\src\stm32l1xx_gpio.o
GPIO_ReadOutputData                               Libraries\STM32L1xx_StdPeriph_Driver\src\stm32l1xx_gpio.o
GPIO_ReadOutputDataBit                            Libraries\STM32L1xx_StdPeriph_Driver\src\stm32l1xx_gpio.o
GPIO_ResetBits                                    Libraries\STM32L1xx_StdPeriph_Driver\src\stm32l1xx_gpio.o
                                                  src\main.o
                                                  mato_lib\Spi\SpiGeneric.o
GPIO_SetBits                                      Libraries\STM32L1xx_StdPeriph_Driver\src\stm32l1xx_gpio.o
                                                  mato_lib\Spi\SpiGeneric.o
                                                  mato_lib\Spi\Spi1.o
GPIO_StructInit                                   Libraries\STM32L1xx_StdPeriph_Driver\src\stm32l1xx_gpio.o
GPIO_ToggleBits                                   Libraries\STM32L1xx_StdPeriph_Driver\src\stm32l1xx_gpio.o