Archive member included to satisfy reference by file (symbol)

c:/program files (x86)/atollic/truestudio for arm 6.0.0/armtools/bin/../lib/gcc/arm-atollic-eabi/5.3.1/../../../../arm-atollic-eabi/lib/armv7-m\libstdc++_nano.a(pure.o)
                              mato_lib\Spi\SpiGeneric.o (__cxa_pure_virtual)
c:/program files (x86)/atollic/truestudio for arm 6.0.0/armtools/bin/../lib/gcc/arm-atollic-eabi/5.3.1/../../../../arm-atollic-eabi/lib/armv7-m\libstdc++_nano.a(eh_terminate.o)
                              c:/program files (x86)/atollic/truestudio for arm 6.0.0/armtools/bin/../lib/gcc/arm-atollic-eabi/5.3.1/../../../../arm-atollic-eabi/lib/armv7-m\libstdc++_nano.a(pure.o) (std::terminate())
c:/program files (x86)/atollic/truestudio for arm 6.0.0/armtools/bin/../lib/gcc/arm-atollic-eabi/5.3.1/../../../../arm-atollic-eabi/lib/armv7-m\libstdc++_nano.a(atexit_arm.o)
                              src\main.o (__aeabi_atexit)
c:/program files (x86)/atollic/truestudio for arm 6.0.0/armtools/bin/../lib/gcc/arm-atollic-eabi/5.3.1/../../../../arm-atollic-eabi/lib/armv7-m\libstdc++_nano.a(del_op.o)
                              RFM_22\Rfm22.o (operator delete(void*))
c:/program files (x86)/atollic/truestudio for arm 6.0.0/armtools/bin/../lib/gcc/arm-atollic-eabi/5.3.1/../../../../arm-atollic-eabi/lib/armv7-m\libstdc++_nano.a(eh_term_handler.o)
                              c:/program files (x86)/atollic/truestudio for arm 6.0.0/armtools/bin/../lib/gcc/arm-atollic-eabi/5.3.1/../../../../arm-atollic-eabi/lib/armv7-m\libstdc++_nano.a(eh_terminate.o) (__cxxabiv1::__terminate_handler)
c:/program files (x86)/atollic/truestudio for arm 6.0.0/armtools/bin/../lib/gcc/arm-atollic-eabi/5.3.1/../../../../arm-atollic-eabi/lib/armv7-m\libstdc++_nano.a(eh_unex_handler.o)
                              c:/program files (x86)/atollic/truestudio for arm 6.0.0/armtools/bin/../lib/gcc/arm-atollic-eabi/5.3.1/../../../../arm-atollic-eabi/lib/armv7-m\libstdc++_nano.a(eh_terminate.o) (__cxxabiv1::__unexpected_handler)
c:/program files (x86)/atollic/truestudio for arm 6.0.0/armtools/bin/../lib/gcc/arm-atollic-eabi/5.3.1/../../../../arm-atollic-eabi/lib/armv7-m\libc_nano.a(lib_a-abort.o)
                              c:/program files (x86)/atollic/truestudio for arm 6.0.0/armtools/bin/../lib/gcc/arm-atollic-eabi/5.3.1/../../../../arm-atollic-eabi/lib/armv7-m\libstdc++_nano.a(eh_terminate.o) (abort)
c:/program files (x86)/atollic/truestudio for arm 6.0.0/armtools/bin/../lib/gcc/arm-atollic-eabi/5.3.1/../../../../arm-atollic-eabi/lib/armv7-m\libc_nano.a(lib_a-cxa_atexit.o)
                              c:/program files (x86)/atollic/truestudio for arm 6.0.0/armtools/bin/../lib/gcc/arm-atollic-eabi/5.3.1/../../../../arm-atollic-eabi/lib/armv7-m\libstdc++_nano.a(atexit_arm.o) (__cxa_atexit)
c:/program files (x86)/atollic/truestudio for arm 6.0.0/armtools/bin/../lib/gcc/arm-atollic-eabi/5.3.1/../../../../arm-atollic-eabi/lib/armv7-m\libc_nano.a(lib_a-init.o)
                              src\startup_stm32l1xx_hd.o (__libc_init_array)
c:/program files (x86)/atollic/truestudio for arm 6.0.0/armtools/bin/../lib/gcc/arm-atollic-eabi/5.3.1/../../../../arm-atollic-eabi/lib/armv7-m\libc_nano.a(lib_a-malloc.o)
                              c:/program files (x86)/atollic/truestudio for arm 6.0.0/armtools/bin/../lib/gcc/arm-atollic-eabi/5.3.1/../../../../arm-atollic-eabi/lib/armv7-m\libstdc++_nano.a(del_op.o) (free)
c:/program files (x86)/atollic/truestudio for arm 6.0.0/armtools/bin/../lib/gcc/arm-atollic-eabi/5.3.1/../../../../arm-atollic-eabi/lib/armv7-m\libc_nano.a(lib_a-nano-freer.o)
                              c:/program files (x86)/atollic/truestudio for arm 6.0.0/armtools/bin/../lib/gcc/arm-atollic-eabi/5.3.1/../../../../arm-atollic-eabi/lib/armv7-m\libc_nano.a(lib_a-malloc.o) (_free_r)
c:/program files (x86)/atollic/truestudio for arm 6.0.0/armtools/bin/../lib/gcc/arm-atollic-eabi/5.3.1/../../../../arm-atollic-eabi/lib/armv7-m\libc_nano.a(lib_a-nano-mallocr.o)
                              c:/program files (x86)/atollic/truestudio for arm 6.0.0/armtools/bin/../lib/gcc/arm-atollic-eabi/5.3.1/../../../../arm-atollic-eabi/lib/armv7-m\libc_nano.a(lib_a-malloc.o) (_malloc_r)
c:/program files (x86)/atollic/truestudio for arm 6.0.0/armtools/bin/../lib/gcc/arm-atollic-eabi/5.3.1/../../../../arm-atollic-eabi/lib/armv7-m\libc_nano.a(lib_a-on_exit_args.o)
                              c:/program files (x86)/atollic/truestudio for arm 6.0.0/armtools/bin/../lib/gcc/arm-atollic-eabi/5.3.1/../../../../arm-atollic-eabi/lib/armv7-m\libc_nano.a(lib_a-cxa_atexit.o) (__on_exit_args)
c:/program files (x86)/atollic/truestudio for arm 6.0.0/armtools/bin/../lib/gcc/arm-atollic-eabi/5.3.1/../../../../arm-atollic-eabi/lib/armv7-m\libc_nano.a(lib_a-sbrkr.o)
                              c:/program files (x86)/atollic/truestudio for arm 6.0.0/armtools/bin/../lib/gcc/arm-atollic-eabi/5.3.1/../../../../arm-atollic-eabi/lib/armv7-m\libc_nano.a(lib_a-nano-mallocr.o) (_sbrk_r)
[...]
Memory Configuration

Name             Origin             Length             Attributes
FLASH            0x08000000         0x00080000         xr
RAM              0x20000000         0x00014000         xrw
MEMORY_B1        0x60000000         0x00000000         xr
*default*        0x00000000         0xffffffff

Linker script and memory map

LOAD c:/program files (x86)/atollic/truestudio for arm 6.0.0/armtools/bin/../lib/gcc/arm-atollic-eabi/5.3.1/armv7-m/crti.o
LOAD c:/program files (x86)/atollic/truestudio for arm 6.0.0/armtools/bin/../lib/gcc/arm-atollic-eabi/5.3.1/armv7-m/crtbegin.o
LOAD Libraries\STM32L1xx_StdPeriph_Driver\src\misc.o
LOAD Libraries\STM32L1xx_StdPeriph_Driver\src\stm32l1xx_adc.o
LOAD Libraries\STM32L1xx_StdPeriph_Driver\src\stm32l1xx_aes.o
LOAD Libraries\STM32L1xx_StdPeriph_Driver\src\stm32l1xx_aes_util.o
LOAD Libraries\STM32L1xx_StdPeriph_Driver\src\stm32l1xx_comp.o
LOAD Libraries\STM32L1xx_StdPeriph_Driver\src\stm32l1xx_crc.o
LOAD Libraries\STM32L1xx_StdPeriph_Driver\src\stm32l1xx_dac.o
LOAD Libraries\STM32L1xx_StdPeriph_Driver\src\stm32l1xx_dbgmcu.o
LOAD Libraries\STM32L1xx_StdPeriph_Driver\src\stm32l1xx_dma.o
LOAD Libraries\STM32L1xx_StdPeriph_Driver\src\stm32l1xx_exti.o
LOAD Libraries\STM32L1xx_StdPeriph_Driver\src\stm32l1xx_flash.o
LOAD Libraries\STM32L1xx_StdPeriph_Driver\src\stm32l1xx_flash_ramfunc.o
LOAD Libraries\STM32L1xx_StdPeriph_Driver\src\stm32l1xx_fsmc.o
LOAD Libraries\STM32L1xx_StdPeriph_Driver\src\stm32l1xx_gpio.o
LOAD Libraries\STM32L1xx_StdPeriph_Driver\src\stm32l1xx_i2c.o
LOAD Libraries\STM32L1xx_StdPeriph_Driver\src\stm32l1xx_iwdg.o
LOAD Libraries\STM32L1xx_StdPeriph_Driver\src\stm32l1xx_lcd.o
LOAD Libraries\STM32L1xx_StdPeriph_Driver\src\stm32l1xx_opamp.o
LOAD Libraries\STM32L1xx_StdPeriph_Driver\src\stm32l1xx_pwr.o
LOAD Libraries\STM32L1xx_StdPeriph_Driver\src\stm32l1xx_rcc.o
LOAD Libraries\STM32L1xx_StdPeriph_Driver\src\stm32l1xx_rtc.o
LOAD Libraries\STM32L1xx_StdPeriph_Driver\src\stm32l1xx_sdio.o
LOAD Libraries\STM32L1xx_StdPeriph_Driver\src\stm32l1xx_spi.o
LOAD Libraries\STM32L1xx_StdPeriph_Driver\src\stm32l1xx_syscfg.o
LOAD Libraries\STM32L1xx_StdPeriph_Driver\src\stm32l1xx_tim.o
LOAD Libraries\STM32L1xx_StdPeriph_Driver\src\stm32l1xx_usart.o
LOAD Libraries\STM32L1xx_StdPeriph_Driver\src\stm32l1xx_wwdg.o
LOAD RFM_22\Rfm22.o
LOAD mato_lib\Spi\Spi1.o
LOAD mato_lib\Spi\SpiGeneric.o
LOAD mato_lib\Temp\basicSetup.o
LOAD mato_lib\Temp\spi.o
LOAD mato_lib\Usart\Usart2.o
LOAD mato_lib\Usart\UsartGeneric.o
LOAD src\main.o
LOAD src\startup_stm32l1xx_hd.o
LOAD src\stm32l1xx_it.o
LOAD src\system_stm32l1xx.o
LOAD src\tiny_printf.o
START GROUP
LOAD c:/program files (x86)/atollic/truestudio for arm 6.0.0/armtools/bin/../lib/gcc/arm-atollic-eabi/5.3.1/../../../../arm-atollic-eabi/lib/armv7-m\libstdc++_nano.a
LOAD c:/program files (x86)/atollic/truestudio for arm 6.0.0/armtools/bin/../lib/gcc/arm-atollic-eabi/5.3.1/../../../../arm-atollic-eabi/lib/armv7-m\libsupc++_nano.a
END GROUP
                0x00001000                malloc_getpagesize_P = 0x1000
LOAD c:/program files (x86)/atollic/truestudio for arm 6.0.0/armtools/bin/../lib/gcc/arm-atollic-eabi/5.3.1/../../../../arm-atollic-eabi/lib/armv7-m\libstdc++_nano.a
LOAD c:/program files (x86)/atollic/truestudio for arm 6.0.0/armtools/bin/../lib/gcc/arm-atollic-eabi/5.3.1/../../../../arm-atollic-eabi/lib/armv7-m\libm.a
LOAD c:/program files (x86)/atollic/truestudio for arm 6.0.0/armtools/bin/../lib/gcc/arm-atollic-eabi/5.3.1/../../../../arm-atollic-eabi/lib/armv7-m\libc_nano.a
START GROUP
LOAD c:/program files (x86)/atollic/truestudio for arm 6.0.0/armtools/bin/../lib/gcc/arm-atollic-eabi/5.3.1/armv7-m\libgcc.a
LOAD c:/program files (x86)/atollic/truestudio for arm 6.0.0/armtools/bin/../lib/gcc/arm-atollic-eabi/5.3.1/../../../../arm-atollic-eabi/lib/armv7-m\libc_nano.a
END GROUP
START GROUP
LOAD c:/program files (x86)/atollic/truestudio for arm 6.0.0/armtools/bin/../lib/gcc/arm-atollic-eabi/5.3.1/armv7-m\libgcc.a
LOAD c:/program files (x86)/atollic/truestudio for arm 6.0.0/armtools/bin/../lib/gcc/arm-atollic-eabi/5.3.1/../../../../arm-atollic-eabi/lib/armv7-m\libc_nano.a
LOAD c:/program files (x86)/atollic/truestudio for arm 6.0.0/armtools/bin/../lib/gcc/arm-atollic-eabi/5.3.1/../../../../arm-atollic-eabi/lib/armv7-m\libnosys.a
END GROUP
START GROUP
LOAD c:/program files (x86)/atollic/truestudio for arm 6.0.0/armtools/bin/../lib/gcc/arm-atollic-eabi/5.3.1/armv7-m\libgcc.a
LOAD c:/program files (x86)/atollic/truestudio for arm 6.0.0/armtools/bin/../lib/gcc/arm-atollic-eabi/5.3.1/../../../../arm-atollic-eabi/lib/armv7-m\libc_nano.a
LOAD c:/program files (x86)/atollic/truestudio for arm 6.0.0/armtools/bin/../lib/gcc/arm-atollic-eabi/5.3.1/../../../../arm-atollic-eabi/lib/armv7-m\libnosys.a
END GROUP
LOAD c:/program files (x86)/atollic/truestudio for arm 6.0.0/armtools/bin/../lib/gcc/arm-atollic-eabi/5.3.1/armv7-m/crtend.o
LOAD c:/program files (x86)/atollic/truestudio for arm 6.0.0/armtools/bin/../lib/gcc/arm-atollic-eabi/5.3.1/armv7-m/crtn.o
                0x20014000                _estack = 0x20014000
                0x00000000                _Min_Heap_Size = 0x0
                0x00000400                _Min_Stack_Size = 0x400

.isr_vector     0x08000000      0x13c
                0x08000000                . = ALIGN (0x4)
 *(.isr_vector)
 .isr_vector    0x08000000      0x13c src\startup_stm32l1xx_hd.o
                0x08000000                g_pfnVectors
                0x0800013c                . = ALIGN (0x4)

.text           0x0800013c     0x1634
                0x0800013c                . = ALIGN (0x4)
 *(.text)
 .text          0x0800013c       0x40 c:/program files (x86)/atollic/truestudio for arm 6.0.0/armtools/bin/../lib/gcc/arm-atollic-eabi/5.3.1/armv7-m/crtbegin.o
 *(.text*)
 .text.NVIC_PriorityGroupConfig
                0x0800017c       0x24 Libraries\STM32L1xx_StdPeriph_Driver\src\misc.o
                0x0800017c                NVIC_PriorityGroupConfig
 .text.NVIC_Init
                0x080001a0       0xc0 Libraries\STM32L1xx_StdPeriph_Driver\src\misc.o
                0x080001a0                NVIC_Init
 .text.GPIO_Init
                0x08000260      0x12c Libraries\STM32L1xx_StdPeriph_Driver\src\stm32l1xx_gpio.o
                0x08000260                GPIO_Init
 .text.GPIO_SetBits
                0x0800038c       0x1c Libraries\STM32L1xx_StdPeriph_Driver\src\stm32l1xx_gpio.o
                0x0800038c                GPIO_SetBits
 .text.GPIO_PinAFConfig
                0x080003a8       0x90 Libraries\STM32L1xx_StdPeriph_Driver\src\stm32l1xx_gpio.o
                0x080003a8                GPIO_PinAFConfig
 .text.RCC_HSICmd
                0x08000438       0x20 Libraries\STM32L1xx_StdPeriph_Driver\src\stm32l1xx_rcc.o
                0x08000438                RCC_HSICmd
 .text.RCC_SYSCLKConfig
                0x08000458       0x38 Libraries\STM32L1xx_StdPeriph_Driver\src\stm32l1xx_rcc.o
                0x08000458                RCC_SYSCLKConfig
 .text.RCC_GetClocksFreq
                0x08000490      0x1b4 Libraries\STM32L1xx_StdPeriph_Driver\src\stm32l1xx_rcc.o
                0x08000490                RCC_GetClocksFreq
 .text.RCC_AHBPeriphClockCmd
                0x08000644       0x3c Libraries\STM32L1xx_StdPeriph_Driver\src\stm32l1xx_rcc.o
                0x08000644                RCC_AHBPeriphClockCmd
 .text.RCC_APB2PeriphClockCmd
                0x08000680       0x3c Libraries\STM32L1xx_StdPeriph_Driver\src\stm32l1xx_rcc.o
                0x08000680                RCC_APB2PeriphClockCmd
 .text.RCC_APB1PeriphClockCmd
                0x080006bc       0x3c Libraries\STM32L1xx_StdPeriph_Driver\src\stm32l1xx_rcc.o
                0x080006bc                RCC_APB1PeriphClockCmd
 .text.RCC_GetFlagStatus
                0x080006f8       0x64 Libraries\STM32L1xx_StdPeriph_Driver\src\stm32l1xx_rcc.o
                0x080006f8                RCC_GetFlagStatus
 .text.SPI_Init
                0x0800075c       0x88 Libraries\STM32L1xx_StdPeriph_Driver\src\stm32l1xx_spi.o
                0x0800075c                SPI_Init
 .text.SPI_Cmd  0x080007e4       0x40 Libraries\STM32L1xx_StdPeriph_Driver\src\stm32l1xx_spi.o
                0x080007e4                SPI_Cmd
 .text.USART_Init
                0x08000824      0x168 Libraries\STM32L1xx_StdPeriph_Driver\src\stm32l1xx_usart.o
                0x08000824                USART_Init
 .text.USART_Cmd
                0x0800098c       0x40 Libraries\STM32L1xx_StdPeriph_Driver\src\stm32l1xx_usart.o
                0x0800098c                USART_Cmd
 .text.USART_SendData
                0x080009cc       0x24 Libraries\STM32L1xx_StdPeriph_Driver\src\stm32l1xx_usart.o
                0x080009cc                USART_SendData
 .text.USART_ReceiveData
                0x080009f0       0x20 Libraries\STM32L1xx_StdPeriph_Driver\src\stm32l1xx_usart.o
                0x080009f0                USART_ReceiveData
 .text.USART_ITConfig
                0x08000a10       0x90 Libraries\STM32L1xx_StdPeriph_Driver\src\stm32l1xx_usart.o
                0x08000a10                USART_ITConfig
 .text.USART_GetFlagStatus
                0x08000aa0       0x38 Libraries\STM32L1xx_StdPeriph_Driver\src\stm32l1xx_usart.o
                0x08000aa0                USART_GetFlagStatus
 .text.USART_ClearFlag
                0x08000ad8       0x20 Libraries\STM32L1xx_StdPeriph_Driver\src\stm32l1xx_usart.o
                0x08000ad8                USART_ClearFlag
 .text._ZN4Spi1C2Ev
                0x08000af8       0x24 mato_lib\Spi\Spi1.o
                0x08000af8                Spi1::Spi1()
                0x08000af8                Spi1::Spi1()
 .text._ZN4Spi14initEv
                0x08000b1c       0xfc mato_lib\Spi\Spi1.o
                0x08000b1c                Spi1::init()
 .text._ZN4Spi1D2Ev
                0x08000c18       0x30 mato_lib\Spi\Spi1.o
                0x08000c18                Spi1::~Spi1()
                0x08000c18                Spi1::~Spi1()
 .text._ZN4Spi1D0Ev
                0x08000c48       0x20 mato_lib\Spi\Spi1.o
                0x08000c48                Spi1::~Spi1()
 .text._ZN10SpiGenericC2Ev
                0x08000c68       0x20 mato_lib\Spi\SpiGeneric.o
                0x08000c68                SpiGeneric::SpiGeneric()
                0x08000c68                SpiGeneric::SpiGeneric()
 .text._ZN10SpiGenericD2Ev
                0x08000c88       0x28 mato_lib\Spi\SpiGeneric.o
                0x08000c88                SpiGeneric::~SpiGeneric()
                0x08000c88                SpiGeneric::~SpiGeneric()
 .text._Z13sysClockSetupv
                0x08000cb0       0x30 mato_lib\Temp\basicSetup.o
                0x08000cb0                sysClockSetup()
 .text._ZN6Usart2C2Ev
                0x08000ce0       0x24 mato_lib\Usart\Usart2.o
                0x08000ce0                Usart2::Usart2()
                0x08000ce0                Usart2::Usart2()
 .text._ZN6Usart2D2Ev
                0x08000d04       0x30 mato_lib\Usart\Usart2.o
                0x08000d04                Usart2::~Usart2()
                0x08000d04                Usart2::~Usart2()
 .text._ZN6Usart2D0Ev
                0x08000d34       0x20 mato_lib\Usart\Usart2.o
                0x08000d34                Usart2::~Usart2()
 .text._ZN6Usart24initEv
                0x08000d54       0xd4 mato_lib\Usart\Usart2.o
                0x08000d54                Usart2::init()
 .text._ZN12UsartGenericC2Ev
                0x08000e28       0x3c mato_lib\Usart\UsartGeneric.o
                0x08000e28                UsartGeneric::UsartGeneric()
                0x08000e28                UsartGeneric::UsartGeneric()
 .text._ZN12UsartGeneric4readEPhh
                0x08000e64       0x80 mato_lib\Usart\UsartGeneric.o
                0x08000e64                UsartGeneric::read(unsigned char*, unsigned char)
 .text._ZN12UsartGeneric5writeEPhh
                0x08000ee4       0x58 mato_lib\Usart\UsartGeneric.o
                0x08000ee4                UsartGeneric::write(unsigned char*, unsigned char)
 .text._ZN12UsartGeneric14availableBytesEv
                0x08000f3c       0x28 mato_lib\Usart\UsartGeneric.o
                0x08000f3c                UsartGeneric::availableBytes()
 .text._ZN12UsartGeneric5flushEv
                0x08000f64       0x1c mato_lib\Usart\UsartGeneric.o
                0x08000f64                UsartGeneric::flush()
 .text._ZN12UsartGeneric13writableBytesEv
                0x08000f80       0x24 mato_lib\Usart\UsartGeneric.o
                0x08000f80                UsartGeneric::writableBytes()
 .text._ZN12UsartGeneric10irqHandlerEv
                0x08000fa4       0xdc mato_lib\Usart\UsartGeneric.o
                0x08000fa4                UsartGeneric::irqHandler()
 .text._ZN12UsartGenericD2Ev
                0x08001080       0x28 mato_lib\Usart\UsartGeneric.o
                0x08001080                UsartGeneric::~UsartGeneric()
                0x08001080                UsartGeneric::~UsartGeneric()
 .text._ZN12UsartGeneric9initWriteEh
                0x080010a8       0x60 mato_lib\Usart\UsartGeneric.o
                0x080010a8                UsartGeneric::initWrite(unsigned char)
 .text.main     0x08001108       0x50 src\main.o
                0x08001108                main
 .text.USART2_IRQHandler
                0x08001158       0x14 src\main.o
                0x08001158                USART2_IRQHandler
 .text._Z41__static_initialization_and_destruction_0ii
                0x0800116c       0x40 src\main.o
 .text._GLOBAL__sub_I_usart
                0x080011ac       0x10 src\main.o
 .text.Reset_Handler
                0x080011bc       0x50 src\startup_stm32l1xx_hd.o
                0x080011bc                Reset_Handler
 .text.Default_Handler
                0x0800120c        0x2 src\startup_stm32l1xx_hd.o
                0x0800120c                RTC_Alarm_IRQHandler
                0x0800120c                EXTI2_IRQHandler
                0x0800120c                COMP_ACQ_IRQHandler
                0x0800120c                TIM10_IRQHandler
                0x0800120c                USB_HP_IRQHandler
                0x0800120c                TIM6_IRQHandler
                0x0800120c                PVD_IRQHandler
                0x0800120c                SDIO_IRQHandler
                0x0800120c                EXTI3_IRQHandler
                0x0800120c                EXTI0_IRQHandler
                0x0800120c                I2C2_EV_IRQHandler
                0x0800120c                SPI1_IRQHandler
                0x0800120c                USB_FS_WKUP_IRQHandler
                0x0800120c                DMA2_Channel2_IRQHandler
                0x0800120c                DMA1_Channel4_IRQHandler
                0x0800120c                ADC1_IRQHandler
                0x0800120c                USART3_IRQHandler
                0x0800120c                DMA1_Channel7_IRQHandler
                0x0800120c                LCD_IRQHandler
                0x0800120c                UART5_IRQHandler
                0x0800120c                TIM4_IRQHandler
                0x0800120c                DMA2_Channel1_IRQHandler
                0x0800120c                I2C1_EV_IRQHandler
                0x0800120c                DMA1_Channel6_IRQHandler
                0x0800120c                UART4_IRQHandler
                0x0800120c                DMA2_Channel4_IRQHandler
                0x0800120c                TIM3_IRQHandler
                0x0800120c                RCC_IRQHandler
                0x0800120c                DMA1_Channel1_IRQHandler
                0x0800120c                Default_Handler
                0x0800120c                EXTI15_10_IRQHandler
                0x0800120c                TIM7_IRQHandler
                0x0800120c                TIM5_IRQHandler
                0x0800120c                EXTI9_5_IRQHandler
                0x0800120c                TIM9_IRQHandler
                0x0800120c                TAMPER_STAMP_IRQHandler
                0x0800120c                RTC_WKUP_IRQHandler
                0x0800120c                SPI2_IRQHandler
                0x0800120c                DMA2_Channel5_IRQHandler
                0x0800120c                DMA1_Channel5_IRQHandler
                0x0800120c                USB_LP_IRQHandler
                0x0800120c                EXTI4_IRQHandler
                0x0800120c                DMA1_Channel3_IRQHandler
                0x0800120c                COMP_IRQHandler
                0x0800120c                WWDG_IRQHandler
                0x0800120c                TIM2_IRQHandler
                0x0800120c                DAC_IRQHandler
                0x0800120c                EXTI1_IRQHandler
                0x0800120c                AES_IRQHandler
                0x0800120c                TIM11_IRQHandler
                0x0800120c                I2C2_ER_IRQHandler
                0x0800120c                DMA1_Channel2_IRQHandler
                0x0800120c                FLASH_IRQHandler
                0x0800120c                USART1_IRQHandler
                0x0800120c                SPI3_IRQHandler
                0x0800120c                I2C1_ER_IRQHandler
                0x0800120c                DMA2_Channel3_IRQHandler
 *fill*         0x0800120e        0x2 
 .text.NMI_Handler
                0x08001210        0xc src\stm32l1xx_it.o
                0x08001210                NMI_Handler
 .text.HardFault_Handler
                0x0800121c        0x8 src\stm32l1xx_it.o
                0x0800121c                HardFault_Handler
 .text.MemManage_Handler
                0x08001224        0x8 src\stm32l1xx_it.o
                0x08001224                MemManage_Handler
 .text.BusFault_Handler
                0x0800122c        0x8 src\stm32l1xx_it.o
                0x0800122c                BusFault_Handler
 .text.UsageFault_Handler
                0x08001234        0x8 src\stm32l1xx_it.o
                0x08001234                UsageFault_Handler
 .text.SVC_Handler
                0x0800123c        0xc src\stm32l1xx_it.o
                0x0800123c                SVC_Handler
 .text.DebugMon_Handler
                0x08001248        0xc src\stm32l1xx_it.o
                0x08001248                DebugMon_Handler
 .text.PendSV_Handler
                0x08001254        0xc src\stm32l1xx_it.o
                0x08001254                PendSV_Handler
 .text.SysTick_Handler
                0x08001260        0xc src\stm32l1xx_it.o
                0x08001260                SysTick_Handler
 .text.SystemInit
                0x0800126c       0x68 src\system_stm32l1xx.o
                0x0800126c                SystemInit
 .text.SystemCoreClockUpdate
                0x080012d4      0x158 src\system_stm32l1xx.o
                0x080012d4                SystemCoreClockUpdate
 .text.SetSysClock
                0x0800142c      0x120 src\system_stm32l1xx.o
 .text.__cxa_pure_virtual
                0x0800154c        0x6 c:/program files (x86)/atollic/truestudio for arm 6.0.0/armtools/bin/../lib/gcc/arm-atollic-eabi/5.3.1/../../../../arm-atollic-eabi/lib/armv7-m\libstdc++_nano.a(pure.o)
                0x0800154c                __cxa_pure_virtual
 .text._ZN10__cxxabiv111__terminateEPFvvE
                0x08001552        0x8 c:/program files (x86)/atollic/truestudio for arm 6.0.0/armtools/bin/../lib/gcc/arm-atollic-eabi/5.3.1/../../../../arm-atollic-eabi/lib/armv7-m\libstdc++_nano.a(eh_terminate.o)
                0x08001552                __cxxabiv1::__terminate(void (*)())
 *fill*         0x0800155a        0x2 
 .text._ZSt13get_terminatev
                0x0800155c       0x10 c:/program files (x86)/atollic/truestudio for arm 6.0.0/armtools/bin/../lib/gcc/arm-atollic-eabi/5.3.1/../../../../arm-atollic-eabi/lib/armv7-m\libstdc++_nano.a(eh_terminate.o)
                0x0800155c                std::get_terminate()
 .text._ZSt9terminatev
                0x0800156c        0xa c:/program files (x86)/atollic/truestudio for arm 6.0.0/armtools/bin/../lib/gcc/arm-atollic-eabi/5.3.1/../../../../arm-atollic-eabi/lib/armv7-m\libstdc++_nano.a(eh_terminate.o)
                0x0800156c                std::terminate()
 .text.__aeabi_atexit
                0x08001576        0xa c:/program files (x86)/atollic/truestudio for arm 6.0.0/armtools/bin/../lib/gcc/arm-atollic-eabi/5.3.1/../../../../arm-atollic-eabi/lib/armv7-m\libstdc++_nano.a(atexit_arm.o)
                0x08001576                __aeabi_atexit
 .text._ZdlPv   0x08001580        0x4 c:/program files (x86)/atollic/truestudio for arm 6.0.0/armtools/bin/../lib/gcc/arm-atollic-eabi/5.3.1/../../../../arm-atollic-eabi/lib/armv7-m\libstdc++_nano.a(del_op.o)
                0x08001580                operator delete(void*)
 .text.abort    0x08001584        0xe c:/program files (x86)/atollic/truestudio for arm 6.0.0/armtools/bin/../lib/gcc/arm-atollic-eabi/5.3.1/../../../../arm-atollic-eabi/lib/armv7-m\libc_nano.a(lib_a-abort.o)
                0x08001584                abort
 *fill*         0x08001592        0x2 
 .text.__cxa_atexit
                0x08001594       0x1c c:/program files (x86)/atollic/truestudio for arm 6.0.0/armtools/bin/../lib/gcc/arm-atollic-eabi/5.3.1/../../../../arm-atollic-eabi/lib/armv7-m\libc_nano.a(lib_a-cxa_atexit.o)
                0x08001594                __cxa_atexit
 .text.__libc_init_array
                0x080015b0       0x4c c:/program files (x86)/atollic/truestudio for arm 6.0.0/armtools/bin/../lib/gcc/arm-atollic-eabi/5.3.1/../../../../arm-atollic-eabi/lib/armv7-m\libc_nano.a(lib_a-init.o)
                0x080015b0                __libc_init_array
 .text.free     0x080015fc       0x10 c:/program files (x86)/atollic/truestudio for arm 6.0.0/armtools/bin/../lib/gcc/arm-atollic-eabi/5.3.1/../../../../arm-atollic-eabi/lib/armv7-m\libc_nano.a(lib_a-malloc.o)
                0x080015fc                free
 .text._free_r  0x0800160c       0x98 c:/program files (x86)/atollic/truestudio for arm 6.0.0/armtools/bin/../lib/gcc/arm-atollic-eabi/5.3.1/../../../../arm-atollic-eabi/lib/armv7-m\libc_nano.a(lib_a-nano-freer.o)
                0x0800160c                _free_r
 .text._raise_r
                0x080016a4       0x54 c:/program files (x86)/atollic/truestudio for arm 6.0.0/armtools/bin/../lib/gcc/arm-atollic-eabi/5.3.1/../../../../arm-atollic-eabi/lib/armv7-m\libc_nano.a(lib_a-signal.o)
                0x080016a4                _raise_r
 .text.raise    0x080016f8       0x10 c:/program files (x86)/atollic/truestudio for arm 6.0.0/armtools/bin/../lib/gcc/arm-atollic-eabi/5.3.1/../../../../arm-atollic-eabi/lib/armv7-m\libc_nano.a(lib_a-signal.o)
                0x080016f8                raise
 .text._kill_r  0x08001708       0x24 c:/program files (x86)/atollic/truestudio for arm 6.0.0/armtools/bin/../lib/gcc/arm-atollic-eabi/5.3.1/../../../../arm-atollic-eabi/lib/armv7-m\libc_nano.a(lib_a-signalr.o)
                0x08001708                _kill_r
 .text._getpid_r
                0x0800172c        0x4 c:/program files (x86)/atollic/truestudio for arm 6.0.0/armtools/bin/../lib/gcc/arm-atollic-eabi/5.3.1/../../../../arm-atollic-eabi/lib/armv7-m\libc_nano.a(lib_a-signalr.o)
                0x0800172c                _getpid_r
 .text.__malloc_lock
                0x08001730        0x2 c:/program files (x86)/atollic/truestudio for arm 6.0.0/armtools/bin/../lib/gcc/arm-atollic-eabi/5.3.1/../../../../arm-atollic-eabi/lib/armv7-m\libc_nano.a(lib_a-mlock.o)
                0x08001730                __malloc_lock
 .text.__malloc_unlock
                0x08001732        0x2 c:/program files (x86)/atollic/truestudio for arm 6.0.0/armtools/bin/../lib/gcc/arm-atollic-eabi/5.3.1/../../../../arm-atollic-eabi/lib/armv7-m\libc_nano.a(lib_a-mlock.o)
                0x08001732                __malloc_unlock
 .text._getpid  0x08001734       0x10 c:/program files (x86)/atollic/truestudio for arm 6.0.0/armtools/bin/../lib/gcc/arm-atollic-eabi/5.3.1/../../../../arm-atollic-eabi/lib/armv7-m\libnosys.a(getpid.o)
                0x08001734                _getpid
 .text._kill    0x08001744       0x10 c:/program files (x86)/atollic/truestudio for arm 6.0.0/armtools/bin/../lib/gcc/arm-atollic-eabi/5.3.1/../../../../arm-atollic-eabi/lib/armv7-m\libnosys.a(kill.o)
                0x08001744                _kill
 .text._exit    0x08001754        0x2 c:/program files (x86)/atollic/truestudio for arm 6.0.0/armtools/bin/../lib/gcc/arm-atollic-eabi/5.3.1/../../../../arm-atollic-eabi/lib/armv7-m\libnosys.a(_exit.o)
                0x08001754                _exit
 *(.glue_7)
 .glue_7        0x08001756        0x0 linker stubs
 *(.glue_7t)
 .glue_7t       0x08001756        0x0 linker stubs
 *(.eh_frame)
 *fill*         0x08001756        0x2 
 .eh_frame      0x08001758        0x0 c:/program files (x86)/atollic/truestudio for arm 6.0.0/armtools/bin/../lib/gcc/arm-atollic-eabi/5.3.1/armv7-m/crtbegin.o
 *(.init)
 .init          0x08001758        0x4 c:/program files (x86)/atollic/truestudio for arm 6.0.0/armtools/bin/../lib/gcc/arm-atollic-eabi/5.3.1/armv7-m/crti.o
                0x08001758                _init
 .init          0x0800175c        0x8 c:/program files (x86)/atollic/truestudio for arm 6.0.0/armtools/bin/../lib/gcc/arm-atollic-eabi/5.3.1/armv7-m/crtn.o
 *(.fini)
 .fini          0x08001764        0x4 c:/program files (x86)/atollic/truestudio for arm 6.0.0/armtools/bin/../lib/gcc/arm-atollic-eabi/5.3.1/armv7-m/crti.o
                0x08001764                _fini
 .fini          0x08001768        0x8 c:/program files (x86)/atollic/truestudio for arm 6.0.0/armtools/bin/../lib/gcc/arm-atollic-eabi/5.3.1/armv7-m/crtn.o
                0x08001770                . = ALIGN (0x4)
                0x08001770                _etext = .

.vfp11_veneer   0x08001770        0x0
 .vfp11_veneer  0x08001770        0x0 linker stubs

.v4_bx          0x08001770        0x0
 .v4_bx         0x08001770        0x0 linker stubs

.iplt           0x08001770        0x0
 .iplt          0x08001770        0x0 c:/program files (x86)/atollic/truestudio for arm 6.0.0/armtools/bin/../lib/gcc/arm-atollic-eabi/5.3.1/armv7-m/crtbegin.o

.rodata         0x08001770       0x8c
                0x08001770                . = ALIGN (0x4)
 *(.rodata)
 .rodata        0x08001770        0x6 src\main.o
 *(.rodata*)
 *fill*         0x08001776        0x2 
 .rodata._ZTV4Spi1
                0x08001778       0x14 mato_lib\Spi\Spi1.o
                0x08001778                vtable for Spi1
 .rodata._ZTV10SpiGeneric
                0x0800178c       0x14 mato_lib\Spi\SpiGeneric.o
                0x0800178c                vtable for SpiGeneric
 .rodata._ZTV6Usart2
                0x080017a0       0x2c mato_lib\Usart\Usart2.o
                0x080017a0                vtable for Usart2
 .rodata._ZTV12UsartGeneric
                0x080017cc       0x2c mato_lib\Usart\UsartGeneric.o
                0x080017cc                vtable for UsartGeneric
 .rodata.str1.1
                0x080017f8        0x2 c:/program files (x86)/atollic/truestudio for arm 6.0.0/armtools/bin/../lib/gcc/arm-atollic-eabi/5.3.1/../../../../arm-atollic-eabi/lib/armv7-m\libc_nano.a(lib_a-impure.o)
                0x080017fc                . = ALIGN (0x4)
 *fill*         0x080017fa        0x2 

.rel.dyn        0x080017fc        0x0
 .rel.iplt      0x080017fc        0x0 c:/program files (x86)/atollic/truestudio for arm 6.0.0/armtools/bin/../lib/gcc/arm-atollic-eabi/5.3.1/armv7-m/crtbegin.o

.ARM.extab
 *(.ARM.extab* .gnu.linkonce.armextab.*)

.ARM            0x080017fc        0x0
                0x080017fc                __exidx_start = .
 *(.ARM.exidx*)
                0x080017fc                __exidx_end = .

.preinit_array  0x080017fc        0x0
                0x080017fc                PROVIDE (__preinit_array_start, .)
 *(.preinit_array*)
                0x080017fc                PROVIDE (__preinit_array_end, .)

.init_array     0x080017fc        0x8
                0x080017fc                PROVIDE (__init_array_start, .)
 *(SORT(.init_array.*))
 *(.init_array*)
 .init_array    0x080017fc        0x4 c:/program files (x86)/atollic/truestudio for arm 6.0.0/armtools/bin/../lib/gcc/arm-atollic-eabi/5.3.1/armv7-m/crtbegin.o
 .init_array    0x08001800        0x4 src\main.o
                0x08001804                PROVIDE (__init_array_end, .)

.fini_array     0x08001804        0x4
                [!provide]                PROVIDE (__fini_array_start, .)
 *(SORT(.fini_array.*))
 *(.fini_array*)
 .fini_array    0x08001804        0x4 c:/program files (x86)/atollic/truestudio for arm 6.0.0/armtools/bin/../lib/gcc/arm-atollic-eabi/5.3.1/armv7-m/crtbegin.o
                [!provide]                PROVIDE (__fini_array_end, .)
                0x08001808                _sidata = LOADADDR (.data)

.data           0x20000000       0xa8 load address 0x08001808
                0x20000000                . = ALIGN (0x4)
                0x20000000                _sdata = .
 *(.data)
 .data          0x20000000        0x4 c:/program files (x86)/atollic/truestudio for arm 6.0.0/armtools/bin/../lib/gcc/arm-atollic-eabi/5.3.1/armv7-m/crtbegin.o
                0x20000000                __dso_handle
 *(.data*)
 .data.PLLMulTable
                0x20000004        0x9 Libraries\STM32L1xx_StdPeriph_Driver\src\stm32l1xx_rcc.o
 *fill*         0x2000000d        0x3 
 .data.APBAHBPrescTable
                0x20000010       0x10 Libraries\STM32L1xx_StdPeriph_Driver\src\stm32l1xx_rcc.o
 .data.SystemCoreClock
                0x20000020        0x4 src\system_stm32l1xx.o
                0x20000020                SystemCoreClock
 .data.PLLMulTable
                0x20000024        0x9 src\system_stm32l1xx.o
                0x20000024                PLLMulTable
 *fill*         0x2000002d        0x3 
 .data.AHBPrescTable
                0x20000030       0x10 src\system_stm32l1xx.o
                0x20000030                AHBPrescTable
 .data._ZN10__cxxabiv119__terminate_handlerE
                0x20000040        0x4 c:/program files (x86)/atollic/truestudio for arm 6.0.0/armtools/bin/../lib/gcc/arm-atollic-eabi/5.3.1/../../../../arm-atollic-eabi/lib/armv7-m\libstdc++_nano.a(eh_term_handler.o)
                0x20000040                __cxxabiv1::__terminate_handler
 .data.impure_data
                0x20000044       0x60 c:/program files (x86)/atollic/truestudio for arm 6.0.0/armtools/bin/../lib/gcc/arm-atollic-eabi/5.3.1/../../../../arm-atollic-eabi/lib/armv7-m\libc_nano.a(lib_a-impure.o)
 .data._impure_ptr
                0x200000a4        0x4 c:/program files (x86)/atollic/truestudio for arm 6.0.0/armtools/bin/../lib/gcc/arm-atollic-eabi/5.3.1/../../../../arm-atollic-eabi/lib/armv7-m\libc_nano.a(lib_a-impure.o)
                0x200000a4                _impure_ptr
                0x200000a8                . = ALIGN (0x4)
                0x200000a8                _edata = .

.igot.plt       0x200000a8        0x0 load address 0x080018b0
 .igot.plt      0x200000a8        0x0 c:/program files (x86)/atollic/truestudio for arm 6.0.0/armtools/bin/../lib/gcc/arm-atollic-eabi/5.3.1/armv7-m/crtbegin.o
                0x200000a8                . = ALIGN (0x4)

.bss            0x200000a8      0x230 load address 0x080018b0
                0x200000a8                _sbss = .
                0x200000a8                __bss_start__ = _sbss
 *(.bss)
 .bss           0x200000a8       0x1c c:/program files (x86)/atollic/truestudio for arm 6.0.0/armtools/bin/../lib/gcc/arm-atollic-eabi/5.3.1/armv7-m/crtbegin.o
 *(.bss*)
 .bss.usart     0x200000c4      0x20c src\main.o
                0x200000c4                usart
 .bss.__malloc_free_list
                0x200002d0        0x4 c:/program files (x86)/atollic/truestudio for arm 6.0.0/armtools/bin/../lib/gcc/arm-atollic-eabi/5.3.1/../../../../arm-atollic-eabi/lib/armv7-m\libc_nano.a(lib_a-nano-mallocr.o)
                0x200002d0                __malloc_free_list
 *(COMMON)
 COMMON         0x200002d4        0x4 c:/program files (x86)/atollic/truestudio for arm 6.0.0/armtools/bin/../lib/gcc/arm-atollic-eabi/5.3.1/../../../../arm-atollic-eabi/lib/armv7-m\libc_nano.a(lib_a-reent.o)
                0x200002d4                errno
                0x200002d8                . = ALIGN (0x4)
                0x200002d8                _ebss = .
                0x200002d8                __bss_end__ = _ebss

._user_heap_stack
                0x200002d8      0x400 load address 0x080018b0
                0x200002d8                . = ALIGN (0x4)
                0x200002d8                PROVIDE (end, .)
                [!provide]                PROVIDE (_end, .)
                0x200002d8                . = (. + _Min_Heap_Size)
                0x200006d8                . = (. + _Min_Stack_Size)
 *fill*         0x200002d8      0x400 
                0x200006d8                . = ALIGN (0x4)

.memory_b1_text
 *(.mb1text)
 *(.mb1text*)
 *(.mb1rodata)
 *(.mb1rodata*)

/DISCARD/
 libc.a(*)
 libm.a(*)
 libgcc.a(*)

.ARM.attributes
                0x00000000       0x29
 *(.ARM.attributes)
 .ARM.attributes
                0x00000000       0x1d c:/program files (x86)/atollic/truestudio for arm 6.0.0/armtools/bin/../lib/gcc/arm-atollic-eabi/5.3.1/armv7-m/crti.o
 .ARM.attributes
                0x0000001d       0x2d c:/program files (x86)/atollic/truestudio for arm 6.0.0/armtools/bin/../lib/gcc/arm-atollic-eabi/5.3.1/armv7-m/crtbegin.o
 .ARM.attributes
                0x0000004a       0x33 Libraries\STM32L1xx_StdPeriph_Driver\src\misc.o
 .ARM.attributes
                0x0000007d       0x33 Libraries\STM32L1xx_StdPeriph_Driver\src\stm32l1xx_gpio.o
 .ARM.attributes
                0x000000b0       0x33 Libraries\STM32L1xx_StdPeriph_Driver\src\stm32l1xx_rcc.o
 .ARM.attributes
                0x000000e3       0x33 Libraries\STM32L1xx_StdPeriph_Driver\src\stm32l1xx_spi.o
 .ARM.attributes
                0x00000116       0x33 Libraries\STM32L1xx_StdPeriph_Driver\src\stm32l1xx_usart.o
 .ARM.attributes
                0x00000149       0x33 mato_lib\Spi\Spi1.o
 .ARM.attributes
                0x0000017c       0x33 mato_lib\Spi\SpiGeneric.o
 .ARM.attributes
                0x000001af       0x33 mato_lib\Temp\basicSetup.o
 .ARM.attributes
                0x000001e2       0x33 mato_lib\Usart\Usart2.o
 .ARM.attributes
                0x00000215       0x33 mato_lib\Usart\UsartGeneric.o
 .ARM.attributes
                0x00000248       0x33 src\main.o
 .ARM.attributes
                0x0000027b       0x21 src\startup_stm32l1xx_hd.o
 .ARM.attributes
                0x0000029c       0x33 src\stm32l1xx_it.o
 .ARM.attributes
                0x000002cf       0x33 src\system_stm32l1xx.o
 .ARM.attributes
                0x00000302       0x2d c:/program files (x86)/atollic/truestudio for arm 6.0.0/armtools/bin/../lib/gcc/arm-atollic-eabi/5.3.1/../../../../arm-atollic-eabi/lib/armv7-m\libstdc++_nano.a(pure.o)
 .ARM.attributes
                0x0000032f       0x2d c:/program files (x86)/atollic/truestudio for arm 6.0.0/armtools/bin/../lib/gcc/arm-atollic-eabi/5.3.1/../../../../arm-atollic-eabi/lib/armv7-m\libstdc++_nano.a(eh_terminate.o)
 .ARM.attributes
                0x0000035c       0x2d c:/program files (x86)/atollic/truestudio for arm 6.0.0/armtools/bin/../lib/gcc/arm-atollic-eabi/5.3.1/../../../../arm-atollic-eabi/lib/armv7-m\libstdc++_nano.a(atexit_arm.o)
 .ARM.attributes
                0x00000389       0x2d c:/program files (x86)/atollic/truestudio for arm 6.0.0/armtools/bin/../lib/gcc/arm-atollic-eabi/5.3.1/../../../../arm-atollic-eabi/lib/armv7-m\libstdc++_nano.a(del_op.o)
 .ARM.attributes
                0x000003b6       0x2d c:/program files (x86)/atollic/truestudio for arm 6.0.0/armtools/bin/../lib/gcc/arm-atollic-eabi/5.3.1/../../../../arm-atollic-eabi/lib/armv7-m\libstdc++_nano.a(eh_term_handler.o)
 .ARM.attributes
                0x000003e3       0x2d c:/program files (x86)/atollic/truestudio for arm 6.0.0/armtools/bin/../lib/gcc/arm-atollic-eabi/5.3.1/../../../../arm-atollic-eabi/lib/armv7-m\libc_nano.a(lib_a-abort.o)
 .ARM.attributes
                0x00000410       0x2d c:/program files (x86)/atollic/truestudio for arm 6.0.0/armtools/bin/../lib/gcc/arm-atollic-eabi/5.3.1/../../../../arm-atollic-eabi/lib/armv7-m\libc_nano.a(lib_a-cxa_atexit.o)
 .ARM.attributes
                0x0000043d       0x2d c:/program files (x86)/atollic/truestudio for arm 6.0.0/armtools/bin/../lib/gcc/arm-atollic-eabi/5.3.1/../../../../arm-atollic-eabi/lib/armv7-m\libc_nano.a(lib_a-init.o)
 .ARM.attributes
                0x0000046a       0x2d c:/program files (x86)/atollic/truestudio for arm 6.0.0/armtools/bin/../lib/gcc/arm-atollic-eabi/5.3.1/../../../../arm-atollic-eabi/lib/armv7-m\libc_nano.a(lib_a-malloc.o)
 .ARM.attributes
                0x00000497       0x2d c:/program files (x86)/atollic/truestudio for arm 6.0.0/armtools/bin/../lib/gcc/arm-atollic-eabi/5.3.1/../../../../arm-atollic-eabi/lib/armv7-m\libc_nano.a(lib_a-nano-freer.o)
 .ARM.attributes
                0x000004c4       0x2d c:/program files (x86)/atollic/truestudio for arm 6.0.0/armtools/bin/../lib/gcc/arm-atollic-eabi/5.3.1/../../../../arm-atollic-eabi/lib/armv7-m\libc_nano.a(lib_a-nano-mallocr.o)
 .ARM.attributes
                0x000004f1       0x2d c:/program files (x86)/atollic/truestudio for arm 6.0.0/armtools/bin/../lib/gcc/arm-atollic-eabi/5.3.1/../../../../arm-atollic-eabi/lib/armv7-m\libc_nano.a(lib_a-signal.o)
 .ARM.attributes
                0x0000051e       0x2d c:/program files (x86)/atollic/truestudio for arm 6.0.0/armtools/bin/../lib/gcc/arm-atollic-eabi/5.3.1/../../../../arm-atollic-eabi/lib/armv7-m\libc_nano.a(lib_a-signalr.o)
 .ARM.attributes
                0x0000054b       0x2d c:/program files (x86)/atollic/truestudio for arm 6.0.0/armtools/bin/../lib/gcc/arm-atollic-eabi/5.3.1/../../../../arm-atollic-eabi/lib/armv7-m\libc_nano.a(lib_a-impure.o)
 .ARM.attributes
                0x00000578       0x2d c:/program files (x86)/atollic/truestudio for arm 6.0.0/armtools/bin/../lib/gcc/arm-atollic-eabi/5.3.1/../../../../arm-atollic-eabi/lib/armv7-m\libc_nano.a(lib_a-mlock.o)
 .ARM.attributes
                0x000005a5       0x2d c:/program files (x86)/atollic/truestudio for arm 6.0.0/armtools/bin/../lib/gcc/arm-atollic-eabi/5.3.1/../../../../arm-atollic-eabi/lib/armv7-m\libc_nano.a(lib_a-reent.o)
 .ARM.attributes
                0x000005d2       0x2d c:/program files (x86)/atollic/truestudio for arm 6.0.0/armtools/bin/../lib/gcc/arm-atollic-eabi/5.3.1/../../../../arm-atollic-eabi/lib/armv7-m\libnosys.a(getpid.o)
 .ARM.attributes
                0x000005ff       0x2d c:/program files (x86)/atollic/truestudio for arm 6.0.0/armtools/bin/../lib/gcc/arm-atollic-eabi/5.3.1/../../../../arm-atollic-eabi/lib/armv7-m\libnosys.a(kill.o)
 .ARM.attributes
                0x0000062c       0x2d c:/program files (x86)/atollic/truestudio for arm 6.0.0/armtools/bin/../lib/gcc/arm-atollic-eabi/5.3.1/../../../../arm-atollic-eabi/lib/armv7-m\libnosys.a(_exit.o)
 .ARM.attributes
                0x00000659       0x1d c:/program files (x86)/atollic/truestudio for arm 6.0.0/armtools/bin/../lib/gcc/arm-atollic-eabi/5.3.1/armv7-m/crtn.o
OUTPUT(vrs_project.elf elf32-littlearm)

.debug_info     0x00000000     0x4f4f
 .debug_info    0x00000000      0x55a Libraries\STM32L1xx_StdPeriph_Driver\src\misc.o
 .debug_info    0x0000055a      0x65f Libraries\STM32L1xx_StdPeriph_Driver\src\stm32l1xx_gpio.o
 .debug_info    0x00000bb9      0xa29 Libraries\STM32L1xx_StdPeriph_Driver\src\stm32l1xx_rcc.o
 .debug_info    0x000015e2      0x8f3 Libraries\STM32L1xx_StdPeriph_Driver\src\stm32l1xx_spi.o
 .debug_info    0x00001ed5      0x9ce Libraries\STM32L1xx_StdPeriph_Driver\src\stm32l1xx_usart.o
 .debug_info    0x000028a3      0x63e mato_lib\Spi\Spi1.o
 .debug_info    0x00002ee1      0x773 mato_lib\Spi\SpiGeneric.o
 .debug_info    0x00003654      0x12f mato_lib\Temp\basicSetup.o
 .debug_info    0x00003783      0x7d4 mato_lib\Usart\Usart2.o
 .debug_info    0x00003f57      0x643 mato_lib\Usart\UsartGeneric.o
 .debug_info    0x0000459a      0x2a0 src\main.o
 .debug_info    0x0000483a       0x7a src\startup_stm32l1xx_hd.o
 .debug_info    0x000048b4      0x133 src\stm32l1xx_it.o
 .debug_info    0x000049e7      0x568 src\system_stm32l1xx.o

.debug_abbrev   0x00000000     0x14bd
 .debug_abbrev  0x00000000      0x149 Libraries\STM32L1xx_StdPeriph_Driver\src\misc.o
 .debug_abbrev  0x00000149      0x1a9 Libraries\STM32L1xx_StdPeriph_Driver\src\stm32l1xx_gpio.o
 .debug_abbrev  0x000002f2      0x1e7 Libraries\STM32L1xx_StdPeriph_Driver\src\stm32l1xx_rcc.o
 .debug_abbrev  0x000004d9      0x182 Libraries\STM32L1xx_StdPeriph_Driver\src\stm32l1xx_spi.o
 .debug_abbrev  0x0000065b      0x159 Libraries\STM32L1xx_StdPeriph_Driver\src\stm32l1xx_usart.o
 .debug_abbrev  0x000007b4      0x208 mato_lib\Spi\Spi1.o
 .debug_abbrev  0x000009bc      0x265 mato_lib\Spi\SpiGeneric.o
 .debug_abbrev  0x00000c21       0x97 mato_lib\Temp\basicSetup.o
 .debug_abbrev  0x00000cb8      0x222 mato_lib\Usart\Usart2.o
 .debug_abbrev  0x00000eda      0x29d mato_lib\Usart\UsartGeneric.o
 .debug_abbrev  0x00001177      0x184 src\main.o
 .debug_abbrev  0x000012fb       0x12 src\startup_stm32l1xx_hd.o
 .debug_abbrev  0x0000130d       0x67 src\stm32l1xx_it.o
 .debug_abbrev  0x00001374      0x149 src\system_stm32l1xx.o

.debug_aranges  0x00000000      0x640
 .debug_aranges
                0x00000000       0x40 Libraries\STM32L1xx_StdPeriph_Driver\src\misc.o
 .debug_aranges
                0x00000040       0x88 Libraries\STM32L1xx_StdPeriph_Driver\src\stm32l1xx_gpio.o
 .debug_aranges
                0x000000c8      0x148 Libraries\STM32L1xx_StdPeriph_Driver\src\stm32l1xx_rcc.o
 .debug_aranges
                0x00000210       0xd0 Libraries\STM32L1xx_StdPeriph_Driver\src\stm32l1xx_spi.o
 .debug_aranges
                0x000002e0      0x100 Libraries\STM32L1xx_StdPeriph_Driver\src\stm32l1xx_usart.o
 .debug_aranges
                0x000003e0       0x38 mato_lib\Spi\Spi1.o
 .debug_aranges
                0x00000418       0x68 mato_lib\Spi\SpiGeneric.o
 .debug_aranges
                0x00000480       0x20 mato_lib\Temp\basicSetup.o
 .debug_aranges
                0x000004a0       0x38 mato_lib\Usart\Usart2.o
 .debug_aranges
                0x000004d8       0x68 mato_lib\Usart\UsartGeneric.o
 .debug_aranges
                0x00000540       0x48 src\main.o
 .debug_aranges
                0x00000588       0x28 src\startup_stm32l1xx_hd.o
 .debug_aranges
                0x000005b0       0x60 src\stm32l1xx_it.o
 .debug_aranges
                0x00000610       0x30 src\system_stm32l1xx.o

.debug_ranges   0x00000000      0x568
 .debug_ranges  0x00000000       0x30 Libraries\STM32L1xx_StdPeriph_Driver\src\misc.o
 .debug_ranges  0x00000030       0x78 Libraries\STM32L1xx_StdPeriph_Driver\src\stm32l1xx_gpio.o
 .debug_ranges  0x000000a8      0x138 Libraries\STM32L1xx_StdPeriph_Driver\src\stm32l1xx_rcc.o
 .debug_ranges  0x000001e0       0xc0 Libraries\STM32L1xx_StdPeriph_Driver\src\stm32l1xx_spi.o
 .debug_ranges  0x000002a0       0xf0 Libraries\STM32L1xx_StdPeriph_Driver\src\stm32l1xx_usart.o
 .debug_ranges  0x00000390       0x28 mato_lib\Spi\Spi1.o
 .debug_ranges  0x000003b8       0x58 mato_lib\Spi\SpiGeneric.o
 .debug_ranges  0x00000410       0x10 mato_lib\Temp\basicSetup.o
 .debug_ranges  0x00000420       0x28 mato_lib\Usart\Usart2.o
 .debug_ranges  0x00000448       0x58 mato_lib\Usart\UsartGeneric.o
 .debug_ranges  0x000004a0       0x38 src\main.o
 .debug_ranges  0x000004d8       0x20 src\startup_stm32l1xx_hd.o
 .debug_ranges  0x000004f8       0x50 src\stm32l1xx_it.o
 .debug_ranges  0x00000548       0x20 src\system_stm32l1xx.o

.debug_line     0x00000000     0x2c7b
 .debug_line    0x00000000      0x2cf Libraries\STM32L1xx_StdPeriph_Driver\src\misc.o
 .debug_line    0x000002cf      0x3ea Libraries\STM32L1xx_StdPeriph_Driver\src\stm32l1xx_gpio.o
 .debug_line    0x000006b9      0x5ae Libraries\STM32L1xx_StdPeriph_Driver\src\stm32l1xx_rcc.o
 .debug_line    0x00000c67      0x4b4 Libraries\STM32L1xx_StdPeriph_Driver\src\stm32l1xx_spi.o
 .debug_line    0x0000111b      0x53c Libraries\STM32L1xx_StdPeriph_Driver\src\stm32l1xx_usart.o
 .debug_line    0x00001657      0x31c mato_lib\Spi\Spi1.o
 .debug_line    0x00001973      0x350 mato_lib\Spi\SpiGeneric.o
 .debug_line    0x00001cc3      0x1f8 mato_lib\Temp\basicSetup.o
 .debug_line    0x00001ebb      0x326 mato_lib\Usart\Usart2.o
 .debug_line    0x000021e1      0x32e mato_lib\Usart\UsartGeneric.o
 .debug_line    0x0000250f      0x262 src\main.o
 .debug_line    0x00002771       0x7c src\startup_stm32l1xx_hd.o
 .debug_line    0x000027ed      0x216 src\stm32l1xx_it.o
 .debug_line    0x00002a03      0x278 src\system_stm32l1xx.o

.debug_str      0x00000000     0x2090
 .debug_str     0x00000000      0x3a6 Libraries\STM32L1xx_StdPeriph_Driver\src\misc.o
                                0x414 (size before relaxing)
 .debug_str     0x000003a6      0x2d6 Libraries\STM32L1xx_StdPeriph_Driver\src\stm32l1xx_gpio.o
                                0x511 (size before relaxing)
 .debug_str     0x0000067c      0x514 Libraries\STM32L1xx_StdPeriph_Driver\src\stm32l1xx_rcc.o
                                0x755 (size before relaxing)
 .debug_str     0x00000b90      0x37a Libraries\STM32L1xx_StdPeriph_Driver\src\stm32l1xx_spi.o
                                0x642 (size before relaxing)
 .debug_str     0x00000f0a      0x403 Libraries\STM32L1xx_StdPeriph_Driver\src\stm32l1xx_usart.o
                                0x6d5 (size before relaxing)
 .debug_str     0x0000130d      0x228 mato_lib\Spi\Spi1.o
                                0x605 (size before relaxing)
 .debug_str     0x00001535      0x221 mato_lib\Spi\SpiGeneric.o
                                0x509 (size before relaxing)
 .debug_str     0x00001756       0x4e mato_lib\Temp\basicSetup.o
                                0x267 (size before relaxing)
 .debug_str     0x000017a4      0x453 mato_lib\Usart\Usart2.o
                                0x9e1 (size before relaxing)
 .debug_str     0x00001bf7      0x278 mato_lib\Usart\UsartGeneric.o
                                0x50d (size before relaxing)
 .debug_str     0x00001e6f       0xcd src\main.o
                                0x329 (size before relaxing)
 .debug_str     0x00001f3c       0xa6 src\stm32l1xx_it.o
                                0x221 (size before relaxing)
 .debug_str     0x00001fe2       0xae src\system_stm32l1xx.o
                                0x380 (size before relaxing)

.comment        0x00000000       0x7e
 .comment       0x00000000       0x7e Libraries\STM32L1xx_StdPeriph_Driver\src\misc.o
                                 0x7f (size before relaxing)
 .comment       0x0000007e       0x7f Libraries\STM32L1xx_StdPeriph_Driver\src\stm32l1xx_gpio.o
 .comment       0x0000007e       0x7f Libraries\STM32L1xx_StdPeriph_Driver\src\stm32l1xx_rcc.o
 .comment       0x0000007e       0x7f Libraries\STM32L1xx_StdPeriph_Driver\src\stm32l1xx_spi.o
 .comment       0x0000007e       0x7f Libraries\STM32L1xx_StdPeriph_Driver\src\stm32l1xx_usart.o
 .comment       0x0000007e       0x7f mato_lib\Spi\Spi1.o
 .comment       0x0000007e       0x7f mato_lib\Spi\SpiGeneric.o
 .comment       0x0000007e       0x7f mato_lib\Temp\basicSetup.o
 .comment       0x0000007e       0x7f mato_lib\Usart\Usart2.o
 .comment       0x0000007e       0x7f mato_lib\Usart\UsartGeneric.o
 .comment       0x0000007e       0x7f src\main.o
 .comment       0x0000007e       0x7f src\stm32l1xx_it.o
 .comment       0x0000007e       0x7f src\system_stm32l1xx.o

.debug_frame    0x00000000     0x1c34
 .debug_frame   0x00000000       0xd8 Libraries\STM32L1xx_StdPeriph_Driver\src\misc.o
 .debug_frame   0x000000d8      0x23c Libraries\STM32L1xx_StdPeriph_Driver\src\stm32l1xx_gpio.o
 .debug_frame   0x00000314      0x5e4 Libraries\STM32L1xx_StdPeriph_Driver\src\stm32l1xx_rcc.o
 .debug_frame   0x000008f8      0x3a0 Libraries\STM32L1xx_StdPeriph_Driver\src\stm32l1xx_spi.o
 .debug_frame   0x00000c98      0x490 Libraries\STM32L1xx_StdPeriph_Driver\src\stm32l1xx_usart.o
 .debug_frame   0x00001128       0xa0 mato_lib\Spi\Spi1.o
 .debug_frame   0x000011c8      0x184 mato_lib\Spi\SpiGeneric.o
 .debug_frame   0x0000134c       0x2c mato_lib\Temp\basicSetup.o
 .debug_frame   0x00001378       0xa0 mato_lib\Usart\Usart2.o
 .debug_frame   0x00001418      0x190 mato_lib\Usart\UsartGeneric.o
 .debug_frame   0x000015a8       0xcc src\main.o
 .debug_frame   0x00001674      0x110 src\stm32l1xx_it.o
 .debug_frame   0x00001784       0x7c src\system_stm32l1xx.o
 .debug_frame   0x00001800       0x40 c:/program files (x86)/atollic/truestudio for arm 6.0.0/armtools/bin/../lib/gcc/arm-atollic-eabi/5.3.1/../../../../arm-atollic-eabi/lib/armv7-m\libstdc++_nano.a(pure.o)
 .debug_frame   0x00001840       0xb0 c:/program files (x86)/atollic/truestudio for arm 6.0.0/armtools/bin/../lib/gcc/arm-atollic-eabi/5.3.1/../../../../arm-atollic-eabi/lib/armv7-m\libstdc++_nano.a(eh_terminate.o)
 .debug_frame   0x000018f0       0x20 c:/program files (x86)/atollic/truestudio for arm 6.0.0/armtools/bin/../lib/gcc/arm-atollic-eabi/5.3.1/../../../../arm-atollic-eabi/lib/armv7-m\libstdc++_nano.a(atexit_arm.o)
 .debug_frame   0x00001910       0x20 c:/program files (x86)/atollic/truestudio for arm 6.0.0/armtools/bin/../lib/gcc/arm-atollic-eabi/5.3.1/../../../../arm-atollic-eabi/lib/armv7-m\libstdc++_nano.a(del_op.o)
 .debug_frame   0x00001930       0x28 c:/program files (x86)/atollic/truestudio for arm 6.0.0/armtools/bin/../lib/gcc/arm-atollic-eabi/5.3.1/../../../../arm-atollic-eabi/lib/armv7-m\libc_nano.a(lib_a-abort.o)
 .debug_frame   0x00001958       0x28 c:/program files (x86)/atollic/truestudio for arm 6.0.0/armtools/bin/../lib/gcc/arm-atollic-eabi/5.3.1/../../../../arm-atollic-eabi/lib/armv7-m\libc_nano.a(lib_a-cxa_atexit.o)
 .debug_frame   0x00001980       0x2c c:/program files (x86)/atollic/truestudio for arm 6.0.0/armtools/bin/../lib/gcc/arm-atollic-eabi/5.3.1/../../../../arm-atollic-eabi/lib/armv7-m\libc_nano.a(lib_a-init.o)
 .debug_frame   0x000019ac       0x30 c:/program files (x86)/atollic/truestudio for arm 6.0.0/armtools/bin/../lib/gcc/arm-atollic-eabi/5.3.1/../../../../arm-atollic-eabi/lib/armv7-m\libc_nano.a(lib_a-malloc.o)
 .debug_frame   0x000019dc       0x38 c:/program files (x86)/atollic/truestudio for arm 6.0.0/armtools/bin/../lib/gcc/arm-atollic-eabi/5.3.1/../../../../arm-atollic-eabi/lib/armv7-m\libc_nano.a(lib_a-nano-freer.o)
 .debug_frame   0x00001a14       0x2c c:/program files (x86)/atollic/truestudio for arm 6.0.0/armtools/bin/../lib/gcc/arm-atollic-eabi/5.3.1/../../../../arm-atollic-eabi/lib/armv7-m\libc_nano.a(lib_a-nano-mallocr.o)
 .debug_frame   0x00001a40       0xcc c:/program files (x86)/atollic/truestudio for arm 6.0.0/armtools/bin/../lib/gcc/arm-atollic-eabi/5.3.1/../../../../arm-atollic-eabi/lib/armv7-m\libc_nano.a(lib_a-signal.o)
 .debug_frame   0x00001b0c       0x3c c:/program files (x86)/atollic/truestudio for arm 6.0.0/armtools/bin/../lib/gcc/arm-atollic-eabi/5.3.1/../../../../arm-atollic-eabi/lib/armv7-m\libc_nano.a(lib_a-signalr.o)
 .debug_frame   0x00001b48       0x30 c:/program files (x86)/atollic/truestudio for arm 6.0.0/armtools/bin/../lib/gcc/arm-atollic-eabi/5.3.1/../../../../arm-atollic-eabi/lib/armv7-m\libc_nano.a(lib_a-mlock.o)
 .debug_frame   0x00001b78       0x5c c:/program files (x86)/atollic/truestudio for arm 6.0.0/armtools/bin/../lib/gcc/arm-atollic-eabi/5.3.1/../../../../arm-atollic-eabi/lib/armv7-m\libc_nano.a(lib_a-reent.o)
 .debug_frame   0x00001bd4       0x20 c:/program files (x86)/atollic/truestudio for arm 6.0.0/armtools/bin/../lib/gcc/arm-atollic-eabi/5.3.1/../../../../arm-atollic-eabi/lib/armv7-m\libnosys.a(getpid.o)
 .debug_frame   0x00001bf4       0x20 c:/program files (x86)/atollic/truestudio for arm 6.0.0/armtools/bin/../lib/gcc/arm-atollic-eabi/5.3.1/../../../../arm-atollic-eabi/lib/armv7-m\libnosys.a(kill.o)
 .debug_frame   0x00001c14       0x20 c:/program files (x86)/atollic/truestudio for arm 6.0.0/armtools/bin/../lib/gcc/arm-atollic-eabi/5.3.1/../../../../arm-atollic-eabi/lib/armv7-m\libnosys.a(_exit.o)

.stab           0x00000000       0x3c
 .stab          0x00000000       0x24 c:/program files (x86)/atollic/truestudio for arm 6.0.0/armtools/bin/../lib/gcc/arm-atollic-eabi/5.3.1/../../../../arm-atollic-eabi/lib/armv7-m\libnosys.a(getpid.o)
 .stab          0x00000024       0x18 c:/program files (x86)/atollic/truestudio for arm 6.0.0/armtools/bin/../lib/gcc/arm-atollic-eabi/5.3.1/../../../../arm-atollic-eabi/lib/armv7-m\libnosys.a(kill.o)
                                 0x24 (size before relaxing)

.stabstr        0x00000000       0xac
 .stabstr       0x00000000       0xac c:/program files (x86)/atollic/truestudio for arm 6.0.0/armtools/bin/../lib/gcc/arm-atollic-eabi/5.3.1/../../../../arm-atollic-eabi/lib/armv7-m\libnosys.a(getpid.o)

Cross Reference Table

Symbol                                            File
ADC1_IRQHandler                                   src\startup_stm32l1xx_hd.o
ADC_AnalogWatchdogCmd                             Libraries\STM32L1xx_StdPeriph_Driver\src\stm32l1xx_adc.o
ADC_AnalogWatchdogSingleChannelConfig             Libraries\STM32L1xx_StdPeriph_Driver\src\stm32l1xx_adc.o
ADC_AnalogWatchdogThresholdsConfig                Libraries\STM32L1xx_StdPeriph_Driver\src\stm32l1xx_adc.o
ADC_AutoInjectedConvCmd                           Libraries\STM32L1xx_StdPeriph_Driver\src\stm32l1xx_adc.o
ADC_BankSelection                                 Libraries\STM32L1xx_StdPeriph_Driver\src\stm32l1xx_adc.o
ADC_ClearFlag                                     Libraries\STM32L1xx_StdPeriph_Driver\src\stm32l1xx_adc.o
ADC_ClearITPendingBit                             Libraries\STM32L1xx_StdPeriph_Driver\src\stm32l1xx_adc.o
ADC_Cmd                                           Libraries\STM32L1xx_StdPeriph_Driver\src\stm32l1xx_adc.o
ADC_CommonInit                                    Libraries\STM32L1xx_StdPeriph_Driver\src\stm32l1xx_adc.o
ADC_CommonStructInit                              Libraries\STM32L1xx_StdPeriph_Driver\src\stm32l1xx_adc.o
ADC_ContinuousModeCmd                             Libraries\STM32L1xx_StdPeriph_Driver\src\stm32l1xx_adc.o
ADC_DMACmd                                        Libraries\STM32L1xx_StdPeriph_Driver\src\stm32l1xx_adc.o
ADC_DMARequestAfterLastTransferCmd                Libraries\STM32L1xx_StdPeriph_Driver\src\stm32l1xx_adc.o
ADC_DeInit                                        Libraries\STM32L1xx_StdPeriph_Driver\src\stm32l1xx_adc.o
ADC_DelaySelectionConfig                          Libraries\STM32L1xx_StdPeriph_Driver\src\stm32l1xx_adc.o
ADC_DiscModeChannelCountConfig                    Libraries\STM32L1xx_StdPeriph_Driver\src\stm32l1xx_adc.o
ADC_DiscModeCmd                                   Libraries\STM32L1xx_StdPeriph_Driver\src\stm32l1xx_adc.o
ADC_EOCOnEachRegularChannelCmd                    Libraries\STM32L1xx_StdPeriph_Driver\src\stm32l1xx_adc.o
ADC_ExternalTrigInjectedConvConfig                Libraries\STM32L1xx_StdPeriph_Driver\src\stm32l1xx_adc.o
ADC_ExternalTrigInjectedConvEdgeConfig            Libraries\STM32L1xx_StdPeriph_Driver\src\stm32l1xx_adc.o
ADC_GetConversionValue                            Libraries\STM32L1xx_StdPeriph_Driver\src\stm32l1xx_adc.o
ADC_GetFlagStatus                                 Libraries\STM32L1xx_StdPeriph_Driver\src\stm32l1xx_adc.o
ADC_GetITStatus                                   Libraries\STM32L1xx_StdPeriph_Driver\src\stm32l1xx_adc.o
ADC_GetInjectedConversionValue                    Libraries\STM32L1xx_StdPeriph_Driver\src\stm32l1xx_adc.o
ADC_GetSoftwareStartConvStatus                    Libraries\STM32L1xx_StdPeriph_Driver\src\stm32l1xx_adc.o
ADC_GetSoftwareStartInjectedConvCmdStatus         Libraries\STM32L1xx_StdPeriph_Driver\src\stm32l1xx_adc.o
ADC_ITConfig                                      Libraries\STM32L1xx_StdPeriph_Driver\src\stm32l1xx_adc.o
ADC_Init                                          Libraries\STM32L1xx_StdPeriph_Driver\src\stm32l1xx_adc.o
ADC_InjectedChannelConfig                         Libraries\STM32L1xx_StdPeriph_Driver\src\stm32l1xx_adc.o
ADC_InjectedDiscModeCmd                           Libraries\STM32L1xx_StdPeriph_Driver\src\stm32l1xx_adc.o
ADC_InjectedSequencerLengthConfig                 Libraries\STM32L1xx_StdPeriph_Driver\src\stm32l1xx_adc.o
ADC_PowerDownCmd                                  Libraries\STM32L1xx_StdPeriph_Driver\src\stm32l1xx_adc.o
ADC_RegularChannelConfig                          Libraries\STM32L1xx_StdPeriph_Driver\src\stm32l1xx_adc.o
ADC_SetInjectedOffset                             Libraries\STM32L1xx_StdPeriph_Driver\src\stm32l1xx_adc.o
ADC_SoftwareStartConv                             Libraries\STM32L1xx_StdPeriph_Driver\src\stm32l1xx_adc.o
ADC_SoftwareStartInjectedConv                     Libraries\STM32L1xx_StdPeriph_Driver\src\stm32l1xx_adc.o
ADC_StructInit                                    Libraries\STM32L1xx_StdPeriph_Driver\src\stm32l1xx_adc.o
ADC_TempSensorVrefintCmd                          Libraries\STM32L1xx_StdPeriph_Driver\src\stm32l1xx_adc.o
AES_CBC_Decrypt                                   Libraries\STM32L1xx_StdPeriph_Driver\src\stm32l1xx_aes_util.o
AES_CBC_Encrypt                                   Libraries\STM32L1xx_StdPeriph_Driver\src\stm32l1xx_aes_util.o
AES_CTR_Decrypt                                   Libraries\STM32L1xx_StdPeriph_Driver\src\stm32l1xx_aes_util.o
AES_CTR_Encrypt                                   Libraries\STM32L1xx_StdPeriph_Driver\src\stm32l1xx_aes_util.o
AES_ClearFlag                                     Libraries\STM32L1xx_StdPeriph_Driver\src\stm32l1xx_aes.o
                                                  Libraries\STM32L1xx_StdPeriph_Driver\src\stm32l1xx_aes_util.o
AES_ClearITPendingBit                             Libraries\STM32L1xx_StdPeriph_Driver\src\stm32l1xx_aes.o
AES_Cmd                                           Libraries\STM32L1xx_StdPeriph_Driver\src\stm32l1xx_aes.o
                                                  Libraries\STM32L1xx_StdPeriph_Driver\src\stm32l1xx_aes_util.o
AES_DMAConfig                                     Libraries\STM32L1xx_StdPeriph_Driver\src\stm32l1xx_aes.o
AES_DeInit                                        Libraries\STM32L1xx_StdPeriph_Driver\src\stm32l1xx_aes.o
AES_ECB_Decrypt                                   Libraries\STM32L1xx_StdPeriph_Driver\src\stm32l1xx_aes_util.o
AES_ECB_Encrypt                                   Libraries\STM32L1xx_StdPeriph_Driver\src\stm32l1xx_aes_util.o
AES_GetFlagStatus                                 Libraries\STM32L1xx_StdPeriph_Driver\src\stm32l1xx_aes.o
                                                  Libraries\STM32L1xx_StdPeriph_Driver\src\stm32l1xx_aes_util.o
AES_GetITStatus                                   Libraries\STM32L1xx_StdPeriph_Driver\src\stm32l1xx_aes.o
AES_IRQHandler                                    src\startup_stm32l1xx_hd.o
AES_ITConfig                                      Libraries\STM32L1xx_StdPeriph_Driver\src\stm32l1xx_aes.o
AES_IVInit                                        Libraries\STM32L1xx_StdPeriph_Driver\src\stm32l1xx_aes.o
                                                  Libraries\STM32L1xx_StdPeriph_Driver\src\stm32l1xx_aes_util.o
AES_IVStructInit                                  Libraries\STM32L1xx_StdPeriph_Driver\src\stm32l1xx_aes.o
AES_Init                                          Libraries\STM32L1xx_StdPeriph_Driver\src\stm32l1xx_aes.o
                                                  Libraries\STM32L1xx_StdPeriph_Driver\src\stm32l1xx_aes_util.o
AES_KeyInit                                       Libraries\STM32L1xx_StdPeriph_Driver\src\stm32l1xx_aes.o
                                                  Libraries\STM32L1xx_StdPeriph_Driver\src\stm32l1xx_aes_util.o
AES_KeyStructInit                                 Libraries\STM32L1xx_StdPeriph_Driver\src\stm32l1xx_aes.o
AES_ReadIV                                        Libraries\STM32L1xx_StdPeriph_Driver\src\stm32l1xx_aes.o
AES_ReadKey                                       Libraries\STM32L1xx_StdPeriph_Driver\src\stm32l1xx_aes.o
AES_ReadSubData                                   Libraries\STM32L1xx_StdPeriph_Driver\src\stm32l1xx_aes.o
                                                  Libraries\STM32L1xx_StdPeriph_Driver\src\stm32l1xx_aes_util.o
AES_StructInit                                    Libraries\STM32L1xx_StdPeriph_Driver\src\stm32l1xx_aes.o
AES_WriteSubData                                  Libraries\STM32L1xx_StdPeriph_Driver\src\stm32l1xx_aes.o
                                                  Libraries\STM32L1xx_StdPeriph_Driver\src\stm32l1xx_aes_util.o
AHBPrescTable                                     src\system_stm32l1xx.o
BusFault_Handler                                  src\stm32l1xx_it.o
                                                  src\startup_stm32l1xx_hd.o
COMP_ACQ_IRQHandler                               src\startup_stm32l1xx_hd.o
COMP_Cmd                                          Libraries\STM32L1xx_StdPeriph_Driver\src\stm32l1xx_comp.o
COMP_DeInit                                       Libraries\STM32L1xx_StdPeriph_Driver\src\stm32l1xx_comp.o
COMP_GetOutputLevel                               Libraries\STM32L1xx_StdPeriph_Driver\src\stm32l1xx_comp.o
COMP_IRQHandler                                   src\startup_stm32l1xx_hd.o
COMP_Init                                         Libraries\STM32L1xx_StdPeriph_Driver\src\stm32l1xx_comp.o
COMP_SW1SwitchConfig                              Libraries\STM32L1xx_StdPeriph_Driver\src\stm32l1xx_comp.o
COMP_VrefintOutputCmd                             Libraries\STM32L1xx_StdPeriph_Driver\src\stm32l1xx_comp.o
COMP_WindowCmd                                    Libraries\STM32L1xx_StdPeriph_Driver\src\stm32l1xx_comp.o
CRC_CalcBlockCRC                                  Libraries\STM32L1xx_StdPeriph_Driver\src\stm32l1xx_crc.o
CRC_CalcCRC                                       Libraries\STM32L1xx_StdPeriph_Driver\src\stm32l1xx_crc.o
CRC_GetCRC                                        Libraries\STM32L1xx_StdPeriph_Driver\src\stm32l1xx_crc.o
CRC_GetIDRegister                                 Libraries\STM32L1xx_StdPeriph_Driver\src\stm32l1xx_crc.o
CRC_ResetDR                                       Libraries\STM32L1xx_StdPeriph_Driver\src\stm32l1xx_crc.o
CRC_SetIDRegister                                 Libraries\STM32L1xx_StdPeriph_Driver\src\stm32l1xx_crc.o
DAC_ClearFlag                                     Libraries\STM32L1xx_StdPeriph_Driver\src\stm32l1xx_dac.o
DAC_ClearITPendingBit                             Libraries\STM32L1xx_StdPeriph_Driver\src\stm32l1xx_dac.o
DAC_Cmd                                           Libraries\STM32L1xx_StdPeriph_Driver\src\stm32l1xx_dac.o
DAC_DMACmd                                        Libraries\STM32L1xx_StdPeriph_Driver\src\stm32l1xx_dac.o
DAC_DeInit                                        Libraries\STM32L1xx_StdPeriph_Driver\src\stm32l1xx_dac.o
DAC_DualSoftwareTriggerCmd                        Libraries\STM32L1xx_StdPeriph_Driver\src\stm32l1xx_dac.o
DAC_GetDataOutputValue                            Libraries\STM32L1xx_StdPeriph_Driver\src\stm32l1xx_dac.o
DAC_GetFlagStatus                                 Libraries\STM32L1xx_StdPeriph_Driver\src\stm32l1xx_dac.o
DAC_GetITStatus                                   Libraries\STM32L1xx_StdPeriph_Driver\src\stm32l1xx_dac.o
DAC_IRQHandler                                    src\startup_stm32l1xx_hd.o
DAC_ITConfig                                      Libraries\STM32L1xx_StdPeriph_Driver\src\stm32l1xx_dac.o
DAC_Init                                          Libraries\STM32L1xx_StdPeriph_Driver\src\stm32l1xx_dac.o
DAC_SetChannel1Data                               Libraries\STM32L1xx_StdPeriph_Driver\src\stm32l1xx_dac.o
DAC_SetChannel2Data                               Libraries\STM32L1xx_StdPeriph_Driver\src\stm32l1xx_dac.o
DAC_SetDualChannelData                            Libraries\STM32L1xx_StdPeriph_Driver\src\stm32l1xx_dac.o
DAC_SoftwareTriggerCmd                            Libraries\STM32L1xx_StdPeriph_Driver\src\stm32l1xx_dac.o
DAC_StructInit                                    Libraries\STM32L1xx_StdPeriph_Driver\src\stm32l1xx_dac.o
DAC_WaveGenerationCmd                             Libraries\STM32L1xx_StdPeriph_Driver\src\stm32l1xx_dac.o
DATA_EEPROM_EraseByte                             Libraries\STM32L1xx_StdPeriph_Driver\src\stm32l1xx_flash.o
DATA_EEPROM_EraseDoubleWord                       Libraries\STM32L1xx_StdPeriph_Driver\src\stm32l1xx_flash_ramfunc.o
DATA_EEPROM_EraseHalfWord                         Libraries\STM32L1xx_StdPeriph_Driver\src\stm32l1xx_flash.o
DATA_EEPROM_EraseWord                             Libraries\STM32L1xx_StdPeriph_Driver\src\stm32l1xx_flash.o
DATA_EEPROM_FastProgramByte                       Libraries\STM32L1xx_StdPeriph_Driver\src\stm32l1xx_flash.o
DATA_EEPROM_FastProgramHalfWord                   Libraries\STM32L1xx_StdPeriph_Driver\src\stm32l1xx_flash.o
DATA_EEPROM_FastProgramWord                       Libraries\STM32L1xx_StdPeriph_Driver\src\stm32l1xx_flash.o
DATA_EEPROM_FixedTimeProgramCmd                   Libraries\STM32L1xx_StdPeriph_Driver\src\stm32l1xx_flash.o
DATA_EEPROM_Lock                                  Libraries\STM32L1xx_StdPeriph_Driver\src\stm32l1xx_flash.o
DATA_EEPROM_ProgramByte                           Libraries\STM32L1xx_StdPeriph_Driver\src\stm32l1xx_flash.o
DATA_EEPROM_ProgramDoubleWord                     Libraries\STM32L1xx_StdPeriph_Driver\src\stm32l1xx_flash_ramfunc.o
DATA_EEPROM_ProgramHalfWord                       Libraries\STM32L1xx_StdPeriph_Driver\src\stm32l1xx_flash.o
DATA_EEPROM_ProgramWord                           Libraries\STM32L1xx_StdPeriph_Driver\src\stm32l1xx_flash.o
DATA_EEPROM_Unlock                                Libraries\STM32L1xx_StdPeriph_Driver\src\stm32l1xx_flash.o
DBGMCU_APB1PeriphConfig                           Libraries\STM32L1xx_StdPeriph_Driver\src\stm32l1xx_dbgmcu.o
DBGMCU_APB2PeriphConfig                           Libraries\STM32L1xx_StdPeriph_Driver\src\stm32l1xx_dbgmcu.o
DBGMCU_Config                                     Libraries\STM32L1xx_StdPeriph_Driver\src\stm32l1xx_dbgmcu.o
DBGMCU_GetDEVID                                   Libraries\STM32L1xx_StdPeriph_Driver\src\stm32l1xx_dbgmcu.o
DBGMCU_GetREVID                                   Libraries\STM32L1xx_StdPeriph_Driver\src\stm32l1xx_dbgmcu.o
DMA1_Channel1_IRQHandler                          src\startup_stm32l1xx_hd.o
DMA1_Channel2_IRQHandler                          src\startup_stm32l1xx_hd.o
DMA1_Channel3_IRQHandler                          src\startup_stm32l1xx_hd.o
DMA1_Channel4_IRQHandler                          src\startup_stm32l1xx_hd.o
DMA1_Channel5_IRQHandler                          src\startup_stm32l1xx_hd.o
DMA1_Channel6_IRQHandler                          src\startup_stm32l1xx_hd.o
DMA1_Channel7_IRQHandler                          src\startup_stm32l1xx_hd.o
DMA2_Channel1_IRQHandler                          src\startup_stm32l1xx_hd.o
DMA2_Channel2_IRQHandler                          src\startup_stm32l1xx_hd.o
DMA2_Channel3_IRQHandler                          src\startup_stm32l1xx_hd.o
DMA2_Channel4_IRQHandler                          src\startup_stm32l1xx_hd.o
DMA2_Channel5_IRQHandler                          src\startup_stm32l1xx_hd.o
DMA_ClearFlag                                     Libraries\STM32L1xx_StdPeriph_Driver\src\stm32l1xx_dma.o
DMA_ClearITPendingBit                             Libraries\STM32L1xx_StdPeriph_Driver\src\stm32l1xx_dma.o
DMA_Cmd                                           Libraries\STM32L1xx_StdPeriph_Driver\src\stm32l1xx_dma.o
DMA_DeInit                                        Libraries\STM32L1xx_StdPeriph_Driver\src\stm32l1xx_dma.o
DMA_GetCurrDataCounter                            Libraries\STM32L1xx_StdPeriph_Driver\src\stm32l1xx_dma.o
DMA_GetFlagStatus                                 Libraries\STM32L1xx_StdPeriph_Driver\src\stm32l1xx_dma.o
DMA_GetITStatus                                   Libraries\STM32L1xx_StdPeriph_Driver\src\stm32l1xx_dma.o
DMA_ITConfig                                      Libraries\STM32L1xx_StdPeriph_Driver\src\stm32l1xx_dma.o
DMA_Init                                          Libraries\STM32L1xx_StdPeriph_Driver\src\stm32l1xx_dma.o
DMA_SetCurrDataCounter                            Libraries\STM32L1xx_StdPeriph_Driver\src\stm32l1xx_dma.o
DMA_StructInit                                    Libraries\STM32L1xx_StdPeriph_Driver\src\stm32l1xx_dma.o
DebugMon_Handler                                  src\stm32l1xx_it.o
                                                  src\startup_stm32l1xx_hd.o
Default_Handler                                   src\startup_stm32l1xx_hd.o
EXTI0_IRQHandler                                  src\startup_stm32l1xx_hd.o
EXTI15_10_IRQHandler                              src\startup_stm32l1xx_hd.o
EXTI1_IRQHandler                                  src\startup_stm32l1xx_hd.o
EXTI2_IRQHandler                                  src\startup_stm32l1xx_hd.o
EXTI3_IRQHandler                                  src\startup_stm32l1xx_hd.o
EXTI4_IRQHandler                                  src\startup_stm32l1xx_hd.o
EXTI9_5_IRQHandler                                src\startup_stm32l1xx_hd.o
EXTI_ClearFlag                                    Libraries\STM32L1xx_StdPeriph_Driver\src\stm32l1xx_exti.o
EXTI_ClearITPendingBit                            Libraries\STM32L1xx_StdPeriph_Driver\src\stm32l1xx_exti.o
EXTI_DeInit                                       Libraries\STM32L1xx_StdPeriph_Driver\src\stm32l1xx_exti.o
EXTI_GenerateSWInterrupt                          Libraries\STM32L1xx_StdPeriph_Driver\src\stm32l1xx_exti.o
EXTI_GetFlagStatus                                Libraries\STM32L1xx_StdPeriph_Driver\src\stm32l1xx_exti.o
EXTI_GetITStatus                                  Libraries\STM32L1xx_StdPeriph_Driver\src\stm32l1xx_exti.o
EXTI_Init                                         Libraries\STM32L1xx_StdPeriph_Driver\src\stm32l1xx_exti.o
EXTI_StructInit                                   Libraries\STM32L1xx_StdPeriph_Driver\src\stm32l1xx_exti.o
FLASH_ClearFlag                                   Libraries\STM32L1xx_StdPeriph_Driver\src\stm32l1xx_flash.o
FLASH_ErasePage                                   Libraries\STM32L1xx_StdPeriph_Driver\src\stm32l1xx_flash.o
FLASH_EraseParallelPage                           Libraries\STM32L1xx_StdPeriph_Driver\src\stm32l1xx_flash_ramfunc.o
FLASH_FastProgramWord                             Libraries\STM32L1xx_StdPeriph_Driver\src\stm32l1xx_flash.o
FLASH_GetFlagStatus                               Libraries\STM32L1xx_StdPeriph_Driver\src\stm32l1xx_flash.o
FLASH_GetStatus                                   Libraries\STM32L1xx_StdPeriph_Driver\src\stm32l1xx_flash.o
FLASH_IRQHandler                                  src\startup_stm32l1xx_hd.o
FLASH_ITConfig                                    Libraries\STM32L1xx_StdPeriph_Driver\src\stm32l1xx_flash.o
FLASH_Lock                                        Libraries\STM32L1xx_StdPeriph_Driver\src\stm32l1xx_flash.o
FLASH_OB_BORConfig                                Libraries\STM32L1xx_StdPeriph_Driver\src\stm32l1xx_flash.o
FLASH_OB_BootConfig                               Libraries\STM32L1xx_StdPeriph_Driver\src\stm32l1xx_flash.o
FLASH_OB_GetBOR                                   Libraries\STM32L1xx_StdPeriph_Driver\src\stm32l1xx_flash.o
FLASH_OB_GetRDP                                   Libraries\STM32L1xx_StdPeriph_Driver\src\stm32l1xx_flash.o
FLASH_OB_GetUser                                  Libraries\STM32L1xx_StdPeriph_Driver\src\stm32l1xx_flash.o
FLASH_OB_GetWRP                                   Libraries\STM32L1xx_StdPeriph_Driver\src\stm32l1xx_flash.o
FLASH_OB_GetWRP1                                  Libraries\STM32L1xx_StdPeriph_Driver\src\stm32l1xx_flash.o
FLASH_OB_GetWRP2                                  Libraries\STM32L1xx_StdPeriph_Driver\src\stm32l1xx_flash.o
FLASH_OB_Launch                                   Libraries\STM32L1xx_StdPeriph_Driver\src\stm32l1xx_flash.o
FLASH_OB_Lock                                     Libraries\STM32L1xx_StdPeriph_Driver\src\stm32l1xx_flash.o
FLASH_OB_RDPConfig                                Libraries\STM32L1xx_StdPeriph_Driver\src\stm32l1xx_flash.o
FLASH_OB_Unlock                                   Libraries\STM32L1xx_StdPeriph_Driver\src\stm32l1xx_flash.o
FLASH_OB_UserConfig                               Libraries\STM32L1xx_StdPeriph_Driver\src\stm32l1xx_flash.o
FLASH_OB_WRP1Config                               Libraries\STM32L1xx_StdPeriph_Driver\src\stm32l1xx_flash.o
FLASH_OB_WRP2Config                               Libraries\STM32L1xx_StdPeriph_Driver\src\stm32l1xx_flash.o
FLASH_OB_WRPConfig                                Libraries\STM32L1xx_StdPeriph_Driver\src\stm32l1xx_flash.o
FLASH_PrefetchBufferCmd                           Libraries\STM32L1xx_StdPeriph_Driver\src\stm32l1xx_flash.o
FLASH_ProgramHalfPage                             Libraries\STM32L1xx_StdPeriph_Driver\src\stm32l1xx_flash_ramfunc.o
FLASH_ProgramParallelHalfPage                     Libraries\STM32L1xx_StdPeriph_Driver\src\stm32l1xx_flash_ramfunc.o
FLASH_RUNPowerDownCmd                             Libraries\STM32L1xx_StdPeriph_Driver\src\stm32l1xx_flash_ramfunc.o
FLASH_ReadAccess64Cmd                             Libraries\STM32L1xx_StdPeriph_Driver\src\stm32l1xx_flash.o
FLASH_SLEEPPowerDownCmd                           Libraries\STM32L1xx_StdPeriph_Driver\src\stm32l1xx_flash.o
FLASH_SetLatency                                  Libraries\STM32L1xx_StdPeriph_Driver\src\stm32l1xx_flash.o
FLASH_Unlock                                      Libraries\STM32L1xx_StdPeriph_Driver\src\stm32l1xx_flash.o
FLASH_WaitForLastOperation                        Libraries\STM32L1xx_StdPeriph_Driver\src\stm32l1xx_flash.o
FSMC_NORSRAMCmd                                   Libraries\STM32L1xx_StdPeriph_Driver\src\stm32l1xx_fsmc.o
FSMC_NORSRAMDeInit                                Libraries\STM32L1xx_StdPeriph_Driver\src\stm32l1xx_fsmc.o
FSMC_NORSRAMInit                                  Libraries\STM32L1xx_StdPeriph_Driver\src\stm32l1xx_fsmc.o
FSMC_NORSRAMStructInit                            Libraries\STM32L1xx_StdPeriph_Driver\src\stm32l1xx_fsmc.o
GPIO_DeInit                                       Libraries\STM32L1xx_StdPeriph_Driver\src\stm32l1xx_gpio.o
GPIO_Init                                         Libraries\STM32L1xx_StdPeriph_Driver\src\stm32l1xx_gpio.o
                                                  mato_lib\Usart\Usart2.o
                                                  mato_lib\Temp\spi.o
                                                  mato_lib\Spi\Spi1.o
GPIO_PinAFConfig                                  Libraries\STM32L1xx_StdPeriph_Driver\src\stm32l1xx_gpio.o
                                                  mato_lib\Usart\Usart2.o
                                                  mato_lib\Temp\spi.o
                                                  mato_lib\Spi\Spi1.o
GPIO_PinLockConfig                                Libraries\STM32L1xx_StdPeriph_Driver\src\stm32l1xx_gpio.o
GPIO_ReadInputData                                Libraries\STM32L1xx_StdPeriph_Driver\src\stm32l1xx_gpio.o
GPIO_ReadInputDataBit                             Libraries\STM32L1xx_StdPeriph_Driver\src\stm32l1xx_gpio.o
GPIO_ReadOutputData                               Libraries\STM32L1xx_StdPeriph_Driver\src\stm32l1xx_gpio.o
GPIO_ReadOutputDataBit                            Libraries\STM32L1xx_StdPeriph_Driver\src\stm32l1xx_gpio.o
GPIO_ResetBits                                    Libraries\STM32L1xx_StdPeriph_Driver\src\stm32l1xx_gpio.o
                                                  mato_lib\Spi\SpiGeneric.o
GPIO_SetBits                                      Libraries\STM32L1xx_StdPeriph_Driver\src\stm32l1xx_gpio.o
                                                  mato_lib\Spi\SpiGeneric.o
                                                  mato_lib\Spi\Spi1.o
GPIO_StructInit                                   Libraries\STM32L1xx_StdPeriph_Driver\src\stm32l1xx_gpio.o
GPIO_ToggleBits                                   Libraries\STM32L1xx_StdPeriph_Driver\src\stm32l1xx_gpio.o
GPIO_Write                                        Libraries\STM32L1xx_StdPeriph_Driver\src\stm32l1xx_gpio.o
GPIO_WriteBit                                     Libraries\STM32L1xx_StdPeriph_Driver\src\stm32l1xx_gpio.o
HardFault_Handler                                 src\stm32l1xx_it.o
                                                  src\startup_stm32l1xx_hd.o
I2C1_ER_IRQHandler                                src\startup_stm32l1xx_hd.o
I2C1_EV_IRQHandler                                src\startup_stm32l1xx_hd.o
I2C2_ER_IRQHandler                                src\startup_stm32l1xx_hd.o
I2C2_EV_IRQHandler                                src\startup_stm32l1xx_hd.o
I2C_ARPCmd                                        Libraries\STM32L1xx_StdPeriph_Driver\src\stm32l1xx_i2c.o
I2C_AcknowledgeConfig                             Libraries\STM32L1xx_StdPeriph_Driver\src\stm32l1xx_i2c.o
I2C_CalculatePEC                                  Libraries\STM32L1xx_StdPeriph_Driver\src\stm32l1xx_i2c.o
I2C_CheckEvent                                    Libraries\STM32L1xx_StdPeriph_Driver\src\stm32l1xx_i2c.o
I2C_ClearFlag                                     Libraries\STM32L1xx_StdPeriph_Driver\src\stm32l1xx_i2c.o
I2C_ClearITPendingBit                             Libraries\STM32L1xx_StdPeriph_Driver\src\stm32l1xx_i2c.o
I2C_Cmd                                           Libraries\STM32L1xx_StdPeriph_Driver\src\stm32l1xx_i2c.o
I2C_DMACmd                                        Libraries\STM32L1xx_StdPeriph_Driver\src\stm32l1xx_i2c.o
I2C_DMALastTransferCmd                            Libraries\STM32L1xx_StdPeriph_Driver\src\stm32l1xx_i2c.o
I2C_DeInit                                        Libraries\STM32L1xx_StdPeriph_Driver\src\stm32l1xx_i2c.o
I2C_DualAddressCmd                                Libraries\STM32L1xx_StdPeriph_Driver\src\stm32l1xx_i2c.o
I2C_FastModeDutyCycleConfig                       Libraries\STM32L1xx_StdPeriph_Driver\src\stm32l1xx_i2c.o
I2C_GeneralCallCmd                                Libraries\STM32L1xx_StdPeriph_Driver\src\stm32l1xx_i2c.o
I2C_GenerateSTART                                 Libraries\STM32L1xx_StdPeriph_Driver\src\stm32l1xx_i2c.o
I2C_GenerateSTOP                                  Libraries\STM32L1xx_StdPeriph_Driver\src\stm32l1xx_i2c.o
I2C_GetFlagStatus                                 Libraries\STM32L1xx_StdPeriph_Driver\src\stm32l1xx_i2c.o
I2C_GetITStatus                                   Libraries\STM32L1xx_StdPeriph_Driver\src\stm32l1xx_i2c.o
I2C_GetLastEvent                                  Libraries\STM32L1xx_StdPeriph_Driver\src\stm32l1xx_i2c.o
I2C_GetPEC                                        Libraries\STM32L1xx_StdPeriph_Driver\src\stm32l1xx_i2c.o
I2C_ITConfig                                      Libraries\STM32L1xx_StdPeriph_Driver\src\stm32l1xx_i2c.o
I2C_Init                                          Libraries\STM32L1xx_StdPeriph_Driver\src\stm32l1xx_i2c.o
I2C_NACKPositionConfig                            Libraries\STM32L1xx_StdPeriph_Driver\src\stm32l1xx_i2c.o
I2C_OwnAddress2Config                             Libraries\STM32L1xx_StdPeriph_Driver\src\stm32l1xx_i2c.o
I2C_PECPositionConfig                             Libraries\STM32L1xx_StdPeriph_Driver\src\stm32l1xx_i2c.o
I2C_ReadRegister                                  Libraries\STM32L1xx_StdPeriph_Driver\src\stm32l1xx_i2c.o
I2C_ReceiveData                                   Libraries\STM32L1xx_StdPeriph_Driver\src\stm32l1xx_i2c.o
I2C_SMBusAlertConfig                              Libraries\STM32L1xx_StdPeriph_Driver\src\stm32l1xx_i2c.o
I2C_Send7bitAddress                               Libraries\STM32L1xx_StdPeriph_Driver\src\stm32l1xx_i2c.o
I2C_SendData                                      Libraries\STM32L1xx_StdPeriph_Driver\src\stm32l1xx_i2c.o
I2C_SoftwareResetCmd                              Libraries\STM32L1xx_StdPeriph_Driver\src\stm32l1xx_i2c.o
I2C_StretchClockCmd                               Libraries\STM32L1xx_StdPeriph_Driver\src\stm32l1xx_i2c.o
I2C_StructInit                                    Libraries\STM32L1xx_StdPeriph_Driver\src\stm32l1xx_i2c.o
I2C_TransmitPEC                                   Libraries\STM32L1xx_StdPeriph_Driver\src\stm32l1xx_i2c.o
I2S_Cmd                                           Libraries\STM32L1xx_StdPeriph_Driver\src\stm32l1xx_spi.o
I2S_Init                                          Libraries\STM32L1xx_StdPeriph_Driver\src\stm32l1xx_spi.o
I2S_StructInit                                    Libraries\STM32L1xx_StdPeriph_Driver\src\stm32l1xx_spi.o
IWDG_Enable                                       Libraries\STM32L1xx_StdPeriph_Driver\src\stm32l1xx_iwdg.o
IWDG_GetFlagStatus                                Libraries\STM32L1xx_StdPeriph_Driver\src\stm32l1xx_iwdg.o
IWDG_ReloadCounter                                Libraries\STM32L1xx_StdPeriph_Driver\src\stm32l1xx_iwdg.o
IWDG_SetPrescaler                                 Libraries\STM32L1xx_StdPeriph_Driver\src\stm32l1xx_iwdg.o
IWDG_SetReload                                    Libraries\STM32L1xx_StdPeriph_Driver\src\stm32l1xx_iwdg.o
IWDG_WriteAccessCmd                               Libraries\STM32L1xx_StdPeriph_Driver\src\stm32l1xx_iwdg.o
LCD_BlinkConfig                                   Libraries\STM32L1xx_StdPeriph_Driver\src\stm32l1xx_lcd.o
LCD_ClearFlag                                     Libraries\STM32L1xx_StdPeriph_Driver\src\stm32l1xx_lcd.o
LCD_ClearITPendingBit                             Libraries\STM32L1xx_StdPeriph_Driver\src\stm32l1xx_lcd.o
LCD_Cmd                                           Libraries\STM32L1xx_StdPeriph_Driver\src\stm32l1xx_lcd.o
LCD_ContrastConfig                                Libraries\STM32L1xx_StdPeriph_Driver\src\stm32l1xx_lcd.o
LCD_DeInit                                        Libraries\STM32L1xx_StdPeriph_Driver\src\stm32l1xx_lcd.o
LCD_DeadTimeConfig                                Libraries\STM32L1xx_StdPeriph_Driver\src\stm32l1xx_lcd.o
LCD_GetFlagStatus                                 Libraries\STM32L1xx_StdPeriph_Driver\src\stm32l1xx_lcd.o
LCD_GetITStatus                                   Libraries\STM32L1xx_StdPeriph_Driver\src\stm32l1xx_lcd.o
LCD_HighDriveCmd                                  Libraries\STM32L1xx_StdPeriph_Driver\src\stm32l1xx_lcd.o
LCD_IRQHandler                                    src\startup_stm32l1xx_hd.o
LCD_ITConfig                                      Libraries\STM32L1xx_StdPeriph_Driver\src\stm32l1xx_lcd.o
LCD_Init                                          Libraries\STM32L1xx_StdPeriph_Driver\src\stm32l1xx_lcd.o
LCD_MuxSegmentCmd                                 Libraries\STM32L1xx_StdPeriph_Driver\src\stm32l1xx_lcd.o
LCD_PulseOnDurationConfig                         Libraries\STM32L1xx_StdPeriph_Driver\src\stm32l1xx_lcd.o
LCD_StructInit                                    Libraries\STM32L1xx_StdPeriph_Driver\src\stm32l1xx_lcd.o
LCD_UpdateDisplayRequest                          Libraries\STM32L1xx_StdPeriph_Driver\src\stm32l1xx_lcd.o
LCD_WaitForSynchro                                Libraries\STM32L1xx_StdPeriph_Driver\src\stm32l1xx_lcd.o
LCD_Write                                         Libraries\STM32L1xx_StdPeriph_Driver\src\stm32l1xx_lcd.o
MemManage_Handler                                 src\stm32l1xx_it.o
                                                  src\startup_stm32l1xx_hd.o
NMI_Handler                                       src\stm32l1xx_it.o
                                                  src\startup_stm32l1xx_hd.o
NVIC_Init                                         Libraries\STM32L1xx_StdPeriph_Driver\src\misc.o
                                                  mato_lib\Usart\Usart2.o
NVIC_PriorityGroupConfig                          Libraries\STM32L1xx_StdPeriph_Driver\src\misc.o
                                                  src\main.o
NVIC_SetVectorTable                               Libraries\STM32L1xx_StdPeriph_Driver\src\misc.o
NVIC_SystemLPConfig                               Libraries\STM32L1xx_StdPeriph_Driver\src\misc.o
OPAMP_Cmd                                         Libraries\STM32L1xx_StdPeriph_Driver\src\stm32l1xx_opamp.o
OPAMP_DeInit                                      Libraries\STM32L1xx_StdPeriph_Driver\src\stm32l1xx_opamp.o
OPAMP_GetFlagStatus                               Libraries\STM32L1xx_StdPeriph_Driver\src\stm32l1xx_opamp.o
OPAMP_LowPowerCmd                                 Libraries\STM32L1xx_StdPeriph_Driver\src\stm32l1xx_opamp.o
OPAMP_OffsetTrimConfig                            Libraries\STM32L1xx_StdPeriph_Driver\src\stm32l1xx_opamp.o
OPAMP_OffsetTrimLowPowerConfig                    Libraries\STM32L1xx_StdPeriph_Driver\src\stm32l1xx_opamp.o
OPAMP_OffsetTrimmingModeSelect                    Libraries\STM32L1xx_StdPeriph_Driver\src\stm32l1xx_opamp.o
OPAMP_PowerRangeSelect                            Libraries\STM32L1xx_StdPeriph_Driver\src\stm32l1xx_opamp.o
OPAMP_SwitchCmd                                   Libraries\STM32L1xx_StdPeriph_Driver\src\stm32l1xx_opamp.o
PLLMulTable                                       src\system_stm32l1xx.o
PVD_IRQHandler                                    src\startup_stm32l1xx_hd.o
PWR_ClearFlag                                     Libraries\STM32L1xx_StdPeriph_Driver\src\stm32l1xx_pwr.o
PWR_DeInit                                        Libraries\STM32L1xx_StdPeriph_Driver\src\stm32l1xx_pwr.o
PWR_EnterLowPowerRunMode                          Libraries\STM32L1xx_StdPeriph_Driver\src\stm32l1xx_pwr.o
PWR_EnterSTANDBYMode                              Libraries\STM32L1xx_StdPeriph_Driver\src\stm32l1xx_pwr.o
PWR_EnterSTOPMode                                 Libraries\STM32L1xx_StdPeriph_Driver\src\stm32l1xx_pwr.o
PWR_EnterSleepMode                                Libraries\STM32L1xx_StdPeriph_Driver\src\stm32l1xx_pwr.o
PWR_FastWakeUpCmd                                 Libraries\STM32L1xx_StdPeriph_Driver\src\stm32l1xx_pwr.o
PWR_GetFlagStatus                                 Libraries\STM32L1xx_StdPeriph_Driver\src\stm32l1xx_pwr.o
PWR_PVDCmd                                        Libraries\STM32L1xx_StdPeriph_Driver\src\stm32l1xx_pwr.o
PWR_PVDLevelConfig                                Libraries\STM32L1xx_StdPeriph_Driver\src\stm32l1xx_pwr.o
PWR_RTCAccessCmd                                  Libraries\STM32L1xx_StdPeriph_Driver\src\stm32l1xx_pwr.o
PWR_UltraLowPowerCmd                              Libraries\STM32L1xx_StdPeriph_Driver\src\stm32l1xx_pwr.o
PWR_VoltageScalingConfig                          Libraries\STM32L1xx_StdPeriph_Driver\src\stm32l1xx_pwr.o
PWR_WakeUpPinCmd                                  Libraries\STM32L1xx_StdPeriph_Driver\src\stm32l1xx_pwr.o
PendSV_Handler                                    src\stm32l1xx_it.o
                                                  src\startup_stm32l1xx_hd.o
RCC_AHBPeriphClockCmd                             Libraries\STM32L1xx_StdPeriph_Driver\src\stm32l1xx_rcc.o
                                                  mato_lib\Usart\Usart2.o
                                                  mato_lib\Temp\spi.o
                                                  mato_lib\Spi\Spi1.o
RCC_AHBPeriphClockLPModeCmd                       Libraries\STM32L1xx_StdPeriph_Driver\src\stm32l1xx_rcc.o
RCC_AHBPeriphResetCmd                             Libraries\STM32L1xx_StdPeriph_Driver\src\stm32l1xx_rcc.o
                                                  Libraries\STM32L1xx_StdPeriph_Driver\src\stm32l1xx_gpio.o
                                                  Libraries\STM32L1xx_StdPeriph_Driver\src\stm32l1xx_aes.o
RCC_APB1PeriphClockCmd                            Libraries\STM32L1xx_StdPeriph_Driver\src\stm32l1xx_rcc.o
                                                  mato_lib\Usart\Usart2.o
RCC_APB1PeriphClockLPModeCmd                      Libraries\STM32L1xx_StdPeriph_Driver\src\stm32l1xx_rcc.o
RCC_APB1PeriphResetCmd                            Libraries\STM32L1xx_StdPeriph_Driver\src\stm32l1xx_rcc.o
                                                  Libraries\STM32L1xx_StdPeriph_Driver\src\stm32l1xx_wwdg.o
                                                  Libraries\STM32L1xx_StdPeriph_Driver\src\stm32l1xx_usart.o
                                                  Libraries\STM32L1xx_StdPeriph_Driver\src\stm32l1xx_tim.o
                                                  Libraries\STM32L1xx_StdPeriph_Driver\src\stm32l1xx_spi.o
                                                  Libraries\STM32L1xx_StdPeriph_Driver\src\stm32l1xx_pwr.o
                                                  Libraries\STM32L1xx_StdPeriph_Driver\src\stm32l1xx_lcd.o
                                                  Libraries\STM32L1xx_StdPeriph_Driver\src\stm32l1xx_i2c.o
                                                  Libraries\STM32L1xx_StdPeriph_Driver\src\stm32l1xx_dac.o
RCC_APB2PeriphClockCmd                            Libraries\STM32L1xx_StdPeriph_Driver\src\stm32l1xx_rcc.o
                                                  mato_lib\Temp\spi.o
                                                  mato_lib\Spi\Spi1.o
RCC_APB2PeriphClockLPModeCmd                      Libraries\STM32L1xx_StdPeriph_Driver\src\stm32l1xx_rcc.o
RCC_APB2PeriphResetCmd                            Libraries\STM32L1xx_StdPeriph_Driver\src\stm32l1xx_rcc.o
                                                  Libraries\STM32L1xx_StdPeriph_Driver\src\stm32l1xx_usart.o
                                                  Libraries\STM32L1xx_StdPeriph_Driver\src\stm32l1xx_tim.o
                                                  Libraries\STM32L1xx_StdPeriph_Driver\src\stm32l1xx_syscfg.o
                                                  Libraries\STM32L1xx_StdPeriph_Driver\src\stm32l1xx_spi.o
                                                  Libraries\STM32L1xx_StdPeriph_Driver\src\stm32l1xx_sdio.o
                                                  Libraries\STM32L1xx_StdPeriph_Driver\src\stm32l1xx_adc.o
RCC_AdjustHSICalibrationValue                     Libraries\STM32L1xx_StdPeriph_Driver\src\stm32l1xx_rcc.o
RCC_AdjustMSICalibrationValue                     Libraries\STM32L1xx_StdPeriph_Driver\src\stm32l1xx_rcc.o
RCC_ClearFlag                                     Libraries\STM32L1xx_StdPeriph_Driver\src\stm32l1xx_rcc.o
RCC_ClearITPendingBit                             Libraries\STM32L1xx_StdPeriph_Driver\src\stm32l1xx_rcc.o
RCC_ClockSecuritySystemCmd                        Libraries\STM32L1xx_StdPeriph_Driver\src\stm32l1xx_rcc.o
RCC_DeInit                                        Libraries\STM32L1xx_StdPeriph_Driver\src\stm32l1xx_rcc.o
RCC_GetClocksFreq                                 Libraries\STM32L1xx_StdPeriph_Driver\src\stm32l1xx_rcc.o
                                                  Libraries\STM32L1xx_StdPeriph_Driver\src\stm32l1xx_usart.o
                                                  Libraries\STM32L1xx_StdPeriph_Driver\src\stm32l1xx_spi.o
                                                  Libraries\STM32L1xx_StdPeriph_Driver\src\stm32l1xx_i2c.o
RCC_GetFlagStatus                                 Libraries\STM32L1xx_StdPeriph_Driver\src\stm32l1xx_rcc.o
                                                  mato_lib\Temp\basicSetup.o
RCC_GetITStatus                                   Libraries\STM32L1xx_StdPeriph_Driver\src\stm32l1xx_rcc.o
RCC_GetSYSCLKSource                               Libraries\STM32L1xx_StdPeriph_Driver\src\stm32l1xx_rcc.o
RCC_HCLKConfig                                    Libraries\STM32L1xx_StdPeriph_Driver\src\stm32l1xx_rcc.o
RCC_HSEConfig                                     Libraries\STM32L1xx_StdPeriph_Driver\src\stm32l1xx_rcc.o
RCC_HSICmd                                        Libraries\STM32L1xx_StdPeriph_Driver\src\stm32l1xx_rcc.o
                                                  mato_lib\Temp\basicSetup.o
RCC_IRQHandler                                    src\startup_stm32l1xx_hd.o
RCC_ITConfig                                      Libraries\STM32L1xx_StdPeriph_Driver\src\stm32l1xx_rcc.o
RCC_LSEClockSecuritySystemCmd                     Libraries\STM32L1xx_StdPeriph_Driver\src\stm32l1xx_rcc.o
RCC_LSEConfig                                     Libraries\STM32L1xx_StdPeriph_Driver\src\stm32l1xx_rcc.o
RCC_LSICmd                                        Libraries\STM32L1xx_StdPeriph_Driver\src\stm32l1xx_rcc.o
RCC_MCOConfig                                     Libraries\STM32L1xx_StdPeriph_Driver\src\stm32l1xx_rcc.o
RCC_MSICmd                                        Libraries\STM32L1xx_StdPeriph_Driver\src\stm32l1xx_rcc.o
RCC_MSIRangeConfig                                Libraries\STM32L1xx_StdPeriph_Driver\src\stm32l1xx_rcc.o
RCC_PCLK1Config                                   Libraries\STM32L1xx_StdPeriph_Driver\src\stm32l1xx_rcc.o
RCC_PCLK2Config                                   Libraries\STM32L1xx_StdPeriph_Driver\src\stm32l1xx_rcc.o
RCC_PLLCmd                                        Libraries\STM32L1xx_StdPeriph_Driver\src\stm32l1xx_rcc.o
RCC_PLLConfig                                     Libraries\STM32L1xx_StdPeriph_Driver\src\stm32l1xx_rcc.o
RCC_RTCCLKCmd                                     Libraries\STM32L1xx_StdPeriph_Driver\src\stm32l1xx_rcc.o
RCC_RTCCLKConfig                                  Libraries\STM32L1xx_StdPeriph_Driver\src\stm32l1xx_rcc.o
RCC_RTCResetCmd                                   Libraries\STM32L1xx_StdPeriph_Driver\src\stm32l1xx_rcc.o
RCC_SYSCLKConfig                                  Libraries\STM32L1xx_StdPeriph_Driver\src\stm32l1xx_rcc.o
                                                  mato_lib\Temp\basicSetup.o
RCC_WaitForHSEStartUp                             Libraries\STM32L1xx_StdPeriph_Driver\src\stm32l1xx_rcc.o
RTC_AlarmCmd                                      Libraries\STM32L1xx_StdPeriph_Driver\src\stm32l1xx_rtc.o
RTC_AlarmStructInit                               Libraries\STM32L1xx_StdPeriph_Driver\src\stm32l1xx_rtc.o
RTC_AlarmSubSecondConfig                          Libraries\STM32L1xx_StdPeriph_Driver\src\stm32l1xx_rtc.o
RTC_Alarm_IRQHandler                              src\startup_stm32l1xx_hd.o
RTC_BypassShadowCmd                               Libraries\STM32L1xx_StdPeriph_Driver\src\stm32l1xx_rtc.o
RTC_CalibOutputCmd                                Libraries\STM32L1xx_StdPeriph_Driver\src\stm32l1xx_rtc.o
RTC_CalibOutputConfig                             Libraries\STM32L1xx_StdPeriph_Driver\src\stm32l1xx_rtc.o
RTC_ClearFlag                                     Libraries\STM32L1xx_StdPeriph_Driver\src\stm32l1xx_rtc.o
RTC_ClearITPendingBit                             Libraries\STM32L1xx_StdPeriph_Driver\src\stm32l1xx_rtc.o
RTC_CoarseCalibCmd                                Libraries\STM32L1xx_StdPeriph_Driver\src\stm32l1xx_rtc.o
RTC_CoarseCalibConfig                             Libraries\STM32L1xx_StdPeriph_Driver\src\stm32l1xx_rtc.o